Component: ARM Compiler 5.06 update 6 (build 750) Tool: armlink [4d35ed]

==============================================================================

Section Cross References

    main.o(.text) refers to _printf_percent.o(.ARM.Collect$$_printf_percent$$00000000) for _printf_percent
    main.o(.text) refers to _printf_c.o(.ARM.Collect$$_printf_percent$$00000013) for _printf_c
    main.o(.text) refers to _printf_str.o(.text) for _printf_str
    main.o(.text) refers to stm32f10x_usart.o(.text) for USART_SendData
    main.o(.text) refers to setup.o(.text) for Init_USART
    main.o(.text) refers to 23lc1024.o(.text) for S23LC_Init
    main.o(.text) refers to noretval__2printf.o(.text) for __2printf
    main.o(.text) refers to strlen.o(.text) for strlen
    main.o(.text) refers to stm32f10x_gpio.o(.text) for GPIO_ResetBits
    main.o(.text) refers to main.o(.data) for buffer
    main.o(.text) refers to main.o(.bss) for buffer2
    stm32f10x_gpio.o(.text) refers to stm32f10x_rcc.o(.text) for RCC_APB2PeriphResetCmd
    stm32f10x_rcc.o(.text) refers to stm32f10x_rcc.o(.data) for APBAHBPrescTable
    stm32f10x_usart.o(.text) refers to stm32f10x_rcc.o(.text) for RCC_APB2PeriphResetCmd
    stm32f10x_spi.o(.text) refers to stm32f10x_rcc.o(.text) for RCC_APB2PeriphResetCmd
    stm32f10x_adc.o(.text) refers to stm32f10x_rcc.o(.text) for RCC_APB2PeriphResetCmd
    23lc1024.o(.text) refers to stm32f10x_spi.o(.text) for SPI_I2S_GetFlagStatus
    23lc1024.o(.text) refers to stm32f10x_gpio.o(.text) for GPIO_ResetBits
    23lc1024.o(.text) refers to setup.o(.text) for Init_SPI1_Master
    23lc1024.o(.text) refers to strlen.o(.text) for strlen
    23lc1024.o(.text) refers to 23lc1024.o(.data) for WriteMode
    setup.o(.text) refers to stm32f10x_rcc.o(.text) for RCC_APB1PeriphClockCmd
    setup.o(.text) refers to stm32f10x_gpio.o(.text) for GPIO_Init
    setup.o(.text) refers to stm32f10x_usart.o(.text) for USART_Init
    setup.o(.text) refers to misc.o(.text) for NVIC_Init
    setup.o(.text) refers to stm32f10x_spi.o(.text) for SPI_Init
    setup.o(.text) refers to setup.o(.data) for GPIO_InitStructure
    setup.o(.text) refers to setup.o(.bss) for UART_InitStructure
    system_stm32f10x.o(.text) refers to system_stm32f10x.o(.data) for SystemCoreClock
    startup_stm32f10x_md.o(STACK) refers (Special) to heapauxi.o(.text) for __use_two_region_memory
    startup_stm32f10x_md.o(HEAP) refers (Special) to heapauxi.o(.text) for __use_two_region_memory
    startup_stm32f10x_md.o(RESET) refers (Special) to heapauxi.o(.text) for __use_two_region_memory
    startup_stm32f10x_md.o(RESET) refers to startup_stm32f10x_md.o(STACK) for __initial_sp
    startup_stm32f10x_md.o(RESET) refers to startup_stm32f10x_md.o(.text) for Reset_Handler
    startup_stm32f10x_md.o(RESET) refers to stm32f10x_it.o(.text) for NMI_Handler
    startup_stm32f10x_md.o(.text) refers (Special) to heapauxi.o(.text) for __use_two_region_memory
    startup_stm32f10x_md.o(.text) refers to system_stm32f10x.o(.text) for SystemInit
    startup_stm32f10x_md.o(.text) refers to __main.o(!!!main) for __main
    startup_stm32f10x_md.o(.text) refers to startup_stm32f10x_md.o(HEAP) for Heap_Mem
    startup_stm32f10x_md.o(.text) refers to startup_stm32f10x_md.o(STACK) for Stack_Mem
    retarget_io.o(.text) refers to strcmpv7m.o(.text) for strcmp
    __2printf.o(.text) refers to _printf_char_file.o(.text) for _printf_char_file
    __2printf.o(.text) refers to stdio_streams.o(.bss) for __stdout
    noretval__2printf.o(.text) refers to _printf_char_file.o(.text) for _printf_char_file
    noretval__2printf.o(.text) refers to stdio_streams.o(.bss) for __stdout
    __printf.o(.text) refers to _printf_percent.o(.ARM.Collect$$_printf_percent$$00000000) for _printf_percent
    _printf_str.o(.text) refers (Special) to _printf_char.o(.text) for _printf_cs_common
    __printf_flags.o(.text) refers to _printf_percent.o(.ARM.Collect$$_printf_percent$$00000000) for _printf_percent
    __printf_flags.o(.text) refers to __printf_flags.o(.constdata) for .constdata
    __printf_ss.o(.text) refers to _printf_percent.o(.ARM.Collect$$_printf_percent$$00000000) for _printf_percent
    __printf_flags_ss.o(.text) refers to _printf_percent.o(.ARM.Collect$$_printf_percent$$00000000) for _printf_percent
    __printf_flags_ss.o(.text) refers to __printf_flags_ss.o(.constdata) for .constdata
    __printf_wp.o(.text) refers to __printf_wp.o(i._is_digit) for _is_digit
    __printf_wp.o(.text) refers to _printf_percent.o(.ARM.Collect$$_printf_percent$$00000000) for _printf_percent
    __printf_flags_wp.o(.text) refers to __printf_wp.o(i._is_digit) for _is_digit
    __printf_flags_wp.o(.text) refers to _printf_percent.o(.ARM.Collect$$_printf_percent$$00000000) for _printf_percent
    __printf_flags_wp.o(.text) refers to __printf_flags_wp.o(.constdata) for .constdata
    __printf_ss_wp.o(.text) refers to __printf_wp.o(i._is_digit) for _is_digit
[...]
    defsig_rtred_inner.o(.text) refers to defsig_general.o(.text) for __default_signal_display
    argv_veneer.o(.emb_text) refers to no_argv.o(.text) for __ARM_get_argv
    sys_exit.o(.text) refers (Special) to use_no_semi.o(.text) for __I$use$semihosting
    sys_exit.o(.text) refers (Special) to indicate_semi.o(.text) for __semihosting_library_function
    rtexit2.o(.ARM.Collect$$rtexit$$00000003) refers to libshutdown.o(.ARM.Collect$$libshutdown$$00000000) for __rt_lib_shutdown
    rtexit2.o(.ARM.Collect$$rtexit$$00000004) refers to sys_exit.o(.text) for _sys_exit
    rtexit2.o(.ARM.exidx) refers to rtexit2.o(.ARM.Collect$$rtexit$$00000001) for .ARM.Collect$$rtexit$$00000001
    rtexit2.o(.ARM.exidx) refers to rtexit2.o(.ARM.Collect$$rtexit$$00000003) for .ARM.Collect$$rtexit$$00000003
    rtexit2.o(.ARM.exidx) refers to rtexit2.o(.ARM.Collect$$rtexit$$00000004) for .ARM.Collect$$rtexit$$00000004
    maybetermalloc2.o(.emb_text) refers (Special) to term_alloc.o(.text) for _terminate_alloc
    h1_extend.o(.text) refers to h1_free.o(.text) for free
    h1_init_mt.o(.text) refers to mutex_dummy.o(.text) for _mutex_initialize
    h1_extend_mt.o(.text) refers to h1_free_mt.o(.text) for _free_internal
    ftell.o(.text) refers to rt_errno_addr_intlibspace.o(.text) for __aeabi_errno_addr
    __raise.o(.text) refers to defsig.o(CL$$defsig) for __default_signal_handler
    defsig_general.o(.text) refers to retarget_io.o(.text) for _ttywrch
    defsig_rtmem_outer.o(.text) refers to defsig_rtmem_inner.o(.text) for __rt_SIGRTMEM_inner
    defsig_rtmem_outer.o(.text) refers to defsig_exit.o(.text) for __sig_exit
    defsig_rtmem_formal.o(.text) refers to rt_raise.o(.text) for __rt_raise
    heapauxa.o(.text) refers to heapauxa.o(.data) for .data
    _get_argv.o(.text) refers (Special) to hrguard.o(.text) for __heap_region$guard
    _get_argv.o(.text) refers to h1_alloc.o(.text) for malloc
    _get_argv.o(.text) refers to defsig_rtmem_outer.o(.text) for __rt_SIGRTMEM
    _get_argv.o(.text) refers to sys_command.o(.text) for _sys_command_string
    _get_argv_nomalloc.o(.text) refers (Special) to hrguard.o(.text) for __heap_region$guard
    _get_argv_nomalloc.o(.text) refers to defsig_rtmem_outer.o(.text) for __rt_SIGRTMEM
    _get_argv_nomalloc.o(.text) refers to sys_command.o(.text) for _sys_command_string
    sys_command.o(.text) refers (Special) to use_no_semi.o(.text) for __I$use$semihosting
    sys_command.o(.text) refers (Special) to indicate_semi.o(.text) for __semihosting_library_function
    rt_errno_addr.o(.text) refers to rt_errno_addr.o(.bss) for __aeabi_errno_addr_data
    rt_errno_addr_intlibspace.o(.text) refers to libspace.o(.bss) for __libspace_start
    term_alloc.o(.text) refers (Special) to libshutdown2.o(.ARM.Collect$$libshutdown$$0000000E) for __rt_lib_shutdown_heap_2
    term_alloc.o(.text) refers to rt_heap_descriptor_intlibspace.o(.text) for __rt_heap_descriptor
    term_alloc.o(.text) refers to h1_final.o(.text) for __Heap_Finalize
    defsig_rtmem_inner.o(.text) refers to defsig_general.o(.text) for __default_signal_display
    defsig.o(CL$$defsig) refers to defsig_rtred_inner.o(.text) for __rt_SIGRTRED_inner
    defsig.o(CL$$defsig) refers to defsig_rtmem_inner.o(.text) for __rt_SIGRTMEM_inner
    libshutdown.o(.ARM.Collect$$libshutdown$$00000000) refers (Special) to libshutdown2.o(.ARM.Collect$$libshutdown$$00000002) for __rt_lib_shutdown_cpp_1
    libshutdown.o(.ARM.Collect$$libshutdown$$00000000) refers (Special) to libshutdown2.o(.ARM.Collect$$libshutdown$$00000007) for __rt_lib_shutdown_fp_trap_1
    libshutdown.o(.ARM.Collect$$libshutdown$$00000000) refers (Special) to libshutdown2.o(.ARM.Collect$$libshutdown$$0000000F) for __rt_lib_shutdown_heap_1
    libshutdown.o(.ARM.Collect$$libshutdown$$00000000) refers (Special) to libshutdown2.o(.ARM.Collect$$libshutdown$$00000010) for __rt_lib_shutdown_return
    libshutdown.o(.ARM.Collect$$libshutdown$$00000000) refers (Special) to libshutdown2.o(.ARM.Collect$$libshutdown$$0000000A) for __rt_lib_shutdown_signal_1
    libshutdown.o(.ARM.Collect$$libshutdown$$00000000) refers (Special) to libshutdown2.o(.ARM.Collect$$libshutdown$$00000004) for __rt_lib_shutdown_stdio_1
    libshutdown.o(.ARM.Collect$$libshutdown$$00000000) refers (Special) to libshutdown2.o(.ARM.Collect$$libshutdown$$0000000C) for __rt_lib_shutdown_user_alloc_1
    defsig_abrt_inner.o(.text) refers to defsig_general.o(.text) for __default_signal_display
    defsig_fpe_inner.o(.text) refers to defsig_general.o(.text) for __default_signal_display
    defsig_stak_inner.o(.text) refers to defsig_general.o(.text) for __default_signal_display
    defsig_pvfn_inner.o(.text) refers to defsig_general.o(.text) for __default_signal_display
    defsig_cppl_inner.o(.text) refers to defsig_general.o(.text) for __default_signal_display
    defsig_segv_inner.o(.text) refers to defsig_general.o(.text) for __default_signal_display
    defsig_other.o(.text) refers to defsig_general.o(.text) for __default_signal_display


==============================================================================

Removing Unused input sections from the image.

    Removing stm32f10x_adc.o(.text), (1102 bytes).
    Removing core_cm3.o(.emb_text), (32 bytes).

2 unused section(s) (total 1134 bytes) removed from the image.

==============================================================================

Image Symbol Table

    Local Symbols

    Symbol Name                              Value     Ov Type        Size  Object(Section)

    ../clib/angel/boardlib.s                 0x00000000   Number         0  boardinit1.o ABSOLUTE
    ../clib/angel/boardlib.s                 0x00000000   Number         0  boardinit2.o ABSOLUTE
    ../clib/angel/boardlib.s                 0x00000000   Number         0  boardinit3.o ABSOLUTE
    ../clib/angel/boardlib.s                 0x00000000   Number         0  boardshut.o ABSOLUTE
    ../clib/angel/handlers.s                 0x00000000   Number         0  __scatter_zi.o ABSOLUTE
    ../clib/angel/handlers.s                 0x00000000   Number         0  __scatter_copy.o ABSOLUTE
    ../clib/angel/kernel.s                   0x00000000   Number         0  __rtentry2.o ABSOLUTE
    ../clib/angel/kernel.s                   0x00000000   Number         0  __rtentry.o ABSOLUTE
    ../clib/angel/kernel.s                   0x00000000   Number         0  rtexit2.o ABSOLUTE
    ../clib/angel/kernel.s                   0x00000000   Number         0  __rtentry4.o ABSOLUTE
    ../clib/angel/kernel.s                   0x00000000   Number         0  rtexit.o ABSOLUTE
    ../clib/angel/rt.s                       0x00000000   Number         0  rt_errno_addr_intlibspace.o ABSOLUTE
    ../clib/angel/rt.s                       0x00000000   Number         0  rt_errno_addr.o ABSOLUTE
    ../clib/angel/rt.s                       0x00000000   Number         0  rt_raise.o ABSOLUTE
    ../clib/angel/rt.s                       0x00000000   Number         0  rt_heap_descriptor.o ABSOLUTE
    ../clib/angel/rt.s                       0x00000000   Number         0  rt_heap_descriptor_intlibspace.o ABSOLUTE
    ../clib/angel/scatter.s                  0x00000000   Number         0  __scatter.o ABSOLUTE
    ../clib/angel/startup.s                  0x00000000   Number         0  __main.o ABSOLUTE
    ../clib/angel/sys.s                      0x00000000   Number         0  indicate_semi.o ABSOLUTE
    ../clib/angel/sys.s                      0x00000000   Number         0  use_no_semi.o ABSOLUTE
    ../clib/angel/sys.s                      0x00000000   Number         0  sys_stackheap_outer.o ABSOLUTE
    ../clib/angel/sys.s                      0x00000000   Number         0  mutex_dummy.o ABSOLUTE
    ../clib/angel/sys.s                      0x00000000   Number         0  libspace.o ABSOLUTE
    ../clib/angel/sysapp.c                   0x00000000   Number         0  sys_command.o ABSOLUTE
    ../clib/angel/sysapp.c                   0x00000000   Number         0  sys_exit.o ABSOLUTE
    ../clib/armsys.c                         0x00000000   Number         0  argv_veneer.o ABSOLUTE
    ../clib/armsys.c                         0x00000000   Number         0  no_argv.o ABSOLUTE
    ../clib/armsys.c                         0x00000000   Number         0  argv_veneer.o ABSOLUTE
    ../clib/armsys.c                         0x00000000   Number         0  _get_argv.o ABSOLUTE
    ../clib/armsys.c                         0x00000000   Number         0  _get_argv_nomalloc.o ABSOLUTE
    ../clib/heap1.c                          0x00000000   Number         0  h1_extend.o ABSOLUTE
    ../clib/heap1.c                          0x00000000   Number         0  h1_alloc.o ABSOLUTE
    ../clib/heap1.c                          0x00000000   Number         0  h1_alloc_mt.o ABSOLUTE
    ../clib/heap1.c                          0x00000000   Number         0  h1_extend_mt.o ABSOLUTE
    ../clib/heap1.c                          0x00000000   Number         0  h1_final.o ABSOLUTE
    ../clib/heap1.c                          0x00000000   Number         0  h1_init_mt.o ABSOLUTE
    ../clib/heap1.c                          0x00000000   Number         0  h1_final_mt.o ABSOLUTE
    ../clib/heap1.c                          0x00000000   Number         0  h1_init.o ABSOLUTE
    ../clib/heap1.c                          0x00000000   Number         0  h1_free.o ABSOLUTE
    ../clib/heap1.c                          0x00000000   Number         0  h1_free_mt.o ABSOLUTE
    ../clib/heap2.c                          0x00000000   Number         0  fdtree.o ABSOLUTE
    ../clib/heap2.c                          0x00000000   Number         0  heap2.o ABSOLUTE
    ../clib/heap2.c                          0x00000000   Number         0  heap2mt.o ABSOLUTE
    ../clib/heapalloc.c                      0x00000000   Number         0  malloc.o ABSOLUTE
    ../clib/heapalloc.c                      0x00000000   Number         0  heapstubs.o ABSOLUTE
    ../clib/heapalloc.c                      0x00000000   Number         0  maybetermalloc1.o ABSOLUTE
    ../clib/heapalloc.c                      0x00000000   Number         0  hguard.o ABSOLUTE
    ../clib/heapalloc.c                      0x00000000   Number         0  init_alloc.o ABSOLUTE
    ../clib/heapalloc.c                      0x00000000   Number         0  term_alloc.o ABSOLUTE
    ../clib/heapalloc.c                      0x00000000   Number         0  hrguard.o ABSOLUTE
    ../clib/heapalloc.c                      0x00000000   Number         0  maybetermalloc1.o ABSOLUTE
    ../clib/heapalloc.c                      0x00000000   Number         0  maybetermalloc2.o ABSOLUTE
    ../clib/heapalloc.c                      0x00000000   Number         0  free.o ABSOLUTE
    ../clib/heapalloc.c                      0x00000000   Number         0  maybetermalloc2.o ABSOLUTE
    ../clib/heapaux.c                        0x00000000   Number         0  heapauxi.o ABSOLUTE
    ../clib/heapaux.c                        0x00000000   Number         0  heapauxa.o ABSOLUTE
    ../clib/libinit.s                        0x00000000   Number         0  libshutdown2.o ABSOLUTE
    ../clib/libinit.s                        0x00000000   Number         0  libshutdown.o ABSOLUTE
    ../clib/libinit.s                        0x00000000   Number         0  libinit2.o ABSOLUTE
    ../clib/libinit.s                        0x00000000   Number         0  libinit.o ABSOLUTE
    ../clib/memcpset.s                       0x00000000   Number         0  strcmpv7m.o ABSOLUTE
    ../clib/memcpset.s                       0x00000000   Number         0  rt_memcpy_w.o ABSOLUTE
    ../clib/memcpset.s                       0x00000000   Number         0  rt_memclr_w.o ABSOLUTE
    ../clib/printf.c                         0x00000000   Number         0  __printf_ss_wp.o ABSOLUTE
    ../clib/printf.c                         0x00000000   Number         0  __printf_nopercent.o ABSOLUTE
    ../clib/printf.c                         0x00000000   Number         0  __printf_flags_ss_wp.o ABSOLUTE
    ../clib/printf.c                         0x00000000   Number         0  _printf_char_common.o ABSOLUTE
    ../clib/printf.c                         0x00000000   Number         0  _printf_str.o ABSOLUTE
    ../clib/printf.c                         0x00000000   Number         0  __2printf.o ABSOLUTE
    ../clib/printf.c                         0x00000000   Number         0  noretval__2printf.o ABSOLUTE
    ../clib/printf.c                         0x00000000   Number         0  __printf.o ABSOLUTE
    ../clib/printf.c                         0x00000000   Number         0  __printf_flags.o ABSOLUTE
    ../clib/printf.c                         0x00000000   Number         0  __printf_ss.o ABSOLUTE
    ../clib/printf.c                         0x00000000   Number         0  __printf_flags_ss.o ABSOLUTE
    ../clib/printf.c                         0x00000000   Number         0  _printf_char.o ABSOLUTE
    ../clib/printf.c                         0x00000000   Number         0  __printf_wp.o ABSOLUTE
    ../clib/printf.c                         0x00000000   Number         0  __printf_flags_wp.o ABSOLUTE
    ../clib/printf.c                         0x00000000   Number         0  _printf_char_file.o ABSOLUTE
    ../clib/printf_percent.s                 0x00000000   Number         0  _printf_percent_end.o ABSOLUTE
    ../clib/printf_percent.s                 0x00000000   Number         0  _printf_c.o ABSOLUTE
    ../clib/printf_percent.s                 0x00000000   Number         0  _printf_percent.o ABSOLUTE
    ../clib/signal.c                         0x00000000   Number         0  __raise.o ABSOLUTE
    ../clib/signal.c                         0x00000000   Number         0  defsig_general.o ABSOLUTE
    ../clib/signal.c                         0x00000000   Number         0  defsig_rtmem_outer.o ABSOLUTE
    ../clib/signal.c                         0x00000000   Number         0  defsig_segv_inner.o ABSOLUTE
    ../clib/signal.c                         0x00000000   Number         0  defsig_other.o ABSOLUTE
    ../clib/signal.c                         0x00000000   Number         0  defsig_rtred_inner.o ABSOLUTE
    ../clib/signal.c                         0x00000000   Number         0  defsig_abrt_inner.o ABSOLUTE
    ../clib/signal.c                         0x00000000   Number         0  defsig_exit.o ABSOLUTE
    ../clib/signal.c                         0x00000000   Number         0  defsig_fpe_inner.o ABSOLUTE
    ../clib/signal.c                         0x00000000   Number         0  defsig_stak_inner.o ABSOLUTE
    ../clib/signal.c                         0x00000000   Number         0  defsig_pvfn_inner.o ABSOLUTE
    ../clib/signal.c                         0x00000000   Number         0  defsig_rtmem_inner.o ABSOLUTE
    ../clib/signal.c                         0x00000000   Number         0  defsig_cppl_inner.o ABSOLUTE
    ../clib/signal.c                         0x00000000   Number         0  defsig_rtred_formal.o ABSOLUTE
    ../clib/signal.c                         0x00000000   Number         0  defsig_rtred_outer.o ABSOLUTE
    ../clib/signal.c                         0x00000000   Number         0  defsig_rtmem_formal.o ABSOLUTE
    ../clib/signal.s                         0x00000000   Number         0  defsig.o ABSOLUTE
    ../clib/stdio.c                          0x00000000   Number         0  ferror.o ABSOLUTE
    ../clib/stdio.c                          0x00000000   Number         0  streamlock.o ABSOLUTE
    ../clib/stdio.c                          0x00000000   Number         0  fopen.o ABSOLUTE
    ../clib/stdio.c                          0x00000000   Number         0  fseek.o ABSOLUTE
    ../clib/stdio.c                          0x00000000   Number         0  initio.o ABSOLUTE
    ../clib/stdio.c                          0x00000000   Number         0  fclose.o ABSOLUTE
    ../clib/stdio.c                          0x00000000   Number         0  ftell.o ABSOLUTE
    ../clib/stdio.c                          0x00000000   Number         0  setvbuf_locked.o ABSOLUTE
    ../clib/stdio.c                          0x00000000   Number         0  fopen_locked.o ABSOLUTE
    ../clib/stdio.c                          0x00000000   Number         0  ferror_locked.o ABSOLUTE
    ../clib/stdio.c                          0x00000000   Number         0  initio_locked.o ABSOLUTE
    ../clib/stdio.c                          0x00000000   Number         0  stdio_streams.o ABSOLUTE
    ../clib/stdio.c                          0x00000000   Number         0  stdio.o ABSOLUTE
    ../clib/stdio.c                          0x00000000   Number         0  setvbuf.o ABSOLUTE
    ../clib/stdlib.c                         0x00000000   Number         0  exit.o ABSOLUTE
    ../clib/string.c                         0x00000000   Number         0  strlen.o ABSOLUTE
    ../fplib/fpinit.s                        0x00000000   Number         0  fpinit.o ABSOLUTE
    ..\..\Libraries\CMSIS\CM3\CoreSupport\core_cm3.c 0x00000000   Number         0  core_cm3.o ABSOLUTE
    ..\..\Libraries\CMSIS\CM3\DeviceSupport\ST\STM32F10x\startup\arm\startup_stm32f10x_md.s 0x00000000   Number         0  startup_stm32f10x_md.o ABSOLUTE
    ..\..\Libraries\CMSIS\CM3\DeviceSupport\ST\STM32F10x\system_stm32f10x.c 0x00000000   Number         0  system_stm32f10x.o ABSOLUTE
    ..\..\Libraries\STM32F10x_StdPeriph_Driver\src\23LC1024.c 0x00000000   Number         0  23lc1024.o ABSOLUTE
    ..\..\Libraries\STM32F10x_StdPeriph_Driver\src\misc.c 0x00000000   Number         0  misc.o ABSOLUTE
    ..\..\Libraries\STM32F10x_StdPeriph_Driver\src\setup.c 0x00000000   Number         0  setup.o ABSOLUTE
    ..\..\Libraries\STM32F10x_StdPeriph_Driver\src\stm32f10x_adc.c 0x00000000   Number         0  stm32f10x_adc.o ABSOLUTE
    ..\..\Libraries\STM32F10x_StdPeriph_Driver\src\stm32f10x_gpio.c 0x00000000   Number         0  stm32f10x_gpio.o ABSOLUTE
    ..\..\Libraries\STM32F10x_StdPeriph_Driver\src\stm32f10x_rcc.c 0x00000000   Number         0  stm32f10x_rcc.o ABSOLUTE
    ..\..\Libraries\STM32F10x_StdPeriph_Driver\src\stm32f10x_spi.c 0x00000000   Number         0  stm32f10x_spi.o ABSOLUTE
    ..\..\Libraries\STM32F10x_StdPeriph_Driver\src\stm32f10x_usart.c 0x00000000   Number         0  stm32f10x_usart.o ABSOLUTE
    ..\\..\\Libraries\\CMSIS\\CM3\\CoreSupport\\core_cm3.c 0x00000000   Number         0  core_cm3.o ABSOLUTE
    ..\main.c                                0x00000000   Number         0  main.o ABSOLUTE
    ..\stm32f10x_it.c                        0x00000000   Number         0  stm32f10x_it.o ABSOLUTE
    C:\Keil_v5\ARM\PACK\Keil\ARM_Compiler\1.4.0\Source\retarget_io.c 0x00000000   Number         0  retarget_io.o ABSOLUTE
    dc.s                                     0x00000000   Number         0  dc.o ABSOLUTE
    RESET                                    0x08000000   Section      236  startup_stm32f10x_md.o(RESET)
    !!!main                                  0x080000ec   Section        8  __main.o(!!!main)
    !!!scatter                               0x080000f4   Section       52  __scatter.o(!!!scatter)
    !!handler_copy                           0x08000128   Section       26  __scatter_copy.o(!!handler_copy)
    !!handler_zi                             0x08000144   Section       28  __scatter_zi.o(!!handler_zi)
    .ARM.Collect$$_printf_percent$$00000000  0x08000160   Section        0  _printf_percent.o(.ARM.Collect$$_printf_percent$$00000000)
    .ARM.Collect$$_printf_percent$$00000013  0x08000160   Section        6  _printf_c.o(.ARM.Collect$$_printf_percent$$00000013)
    .ARM.Collect$$_printf_percent$$00000017  0x08000166   Section        4  _printf_percent_end.o(.ARM.Collect$$_printf_percent$$00000017)
    .ARM.Collect$$libinit$$00000000          0x0800016a   Section        2  libinit.o(.ARM.Collect$$libinit$$00000000)
    .ARM.Collect$$libinit$$00000002          0x0800016c   Section        0  libinit2.o(.ARM.Collect$$libinit$$00000002)
    .ARM.Collect$$libinit$$00000004          0x0800016c   Section        0  libinit2.o(.ARM.Collect$$libinit$$00000004)
    .ARM.Collect$$libinit$$00000005          0x0800016c   Section        8  libinit2.o(.ARM.Collect$$libinit$$00000005)
    .ARM.Collect$$libinit$$0000000A          0x08000174   Section        0  libinit2.o(.ARM.Collect$$libinit$$0000000A)
    .ARM.Collect$$libinit$$0000000C          0x08000174   Section        0  libinit2.o(.ARM.Collect$$libinit$$0000000C)
    .ARM.Collect$$libinit$$0000000E          0x08000174   Section        0  libinit2.o(.ARM.Collect$$libinit$$0000000E)
    .ARM.Collect$$libinit$$00000011          0x08000174   Section        0  libinit2.o(.ARM.Collect$$libinit$$00000011)
    .ARM.Collect$$libinit$$00000013          0x08000174   Section        0  libinit2.o(.ARM.Collect$$libinit$$00000013)
    .ARM.Collect$$libinit$$00000015          0x08000174   Section        0  libinit2.o(.ARM.Collect$$libinit$$00000015)
    .ARM.Collect$$libinit$$00000017          0x08000174   Section        0  libinit2.o(.ARM.Collect$$libinit$$00000017)
    .ARM.Collect$$libinit$$00000019          0x08000174   Section        0  libinit2.o(.ARM.Collect$$libinit$$00000019)
    .ARM.Collect$$libinit$$0000001B          0x08000174   Section        0  libinit2.o(.ARM.Collect$$libinit$$0000001B)
    .ARM.Collect$$libinit$$0000001D          0x08000174   Section        0  libinit2.o(.ARM.Collect$$libinit$$0000001D)
    .ARM.Collect$$libinit$$0000001F          0x08000174   Section        0  libinit2.o(.ARM.Collect$$libinit$$0000001F)
    .ARM.Collect$$libinit$$00000021          0x08000174   Section        0  libinit2.o(.ARM.Collect$$libinit$$00000021)
    .ARM.Collect$$libinit$$00000023          0x08000174   Section        0  libinit2.o(.ARM.Collect$$libinit$$00000023)
    .ARM.Collect$$libinit$$00000024          0x08000174   Section        4  libinit2.o(.ARM.Collect$$libinit$$00000024)
    .ARM.Collect$$libinit$$00000025          0x08000178   Section        0  libinit2.o(.ARM.Collect$$libinit$$00000025)
    .ARM.Collect$$libinit$$0000002C          0x08000178   Section        0  libinit2.o(.ARM.Collect$$libinit$$0000002C)
    .ARM.Collect$$libinit$$0000002E          0x08000178   Section        0  libinit2.o(.ARM.Collect$$libinit$$0000002E)
    .ARM.Collect$$libinit$$00000030          0x08000178   Section        0  libinit2.o(.ARM.Collect$$libinit$$00000030)
    .ARM.Collect$$libinit$$00000032          0x08000178   Section        0  libinit2.o(.ARM.Collect$$libinit$$00000032)
    .ARM.Collect$$libinit$$00000033          0x08000178   Section        2  libinit2.o(.ARM.Collect$$libinit$$00000033)
    .ARM.Collect$$libshutdown$$00000000      0x0800017a   Section        2  libshutdown.o(.ARM.Collect$$libshutdown$$00000000)
    .ARM.Collect$$libshutdown$$00000002      0x0800017c   Section        0  libshutdown2.o(.ARM.Collect$$libshutdown$$00000002)
    .ARM.Collect$$libshutdown$$00000003      0x0800017c   Section        4  libshutdown2.o(.ARM.Collect$$libshutdown$$00000003)
    .ARM.Collect$$libshutdown$$00000004      0x08000180   Section        0  libshutdown2.o(.ARM.Collect$$libshutdown$$00000004)
    .ARM.Collect$$libshutdown$$00000007      0x08000180   Section        0  libshutdown2.o(.ARM.Collect$$libshutdown$$00000007)
    .ARM.Collect$$libshutdown$$0000000A      0x08000180   Section        0  libshutdown2.o(.ARM.Collect$$libshutdown$$0000000A)
    .ARM.Collect$$libshutdown$$0000000C      0x08000180   Section        0  libshutdown2.o(.ARM.Collect$$libshutdown$$0000000C)
    .ARM.Collect$$libshutdown$$0000000F      0x08000180   Section        0  libshutdown2.o(.ARM.Collect$$libshutdown$$0000000F)
    .ARM.Collect$$libshutdown$$00000010      0x08000180   Section        2  libshutdown2.o(.ARM.Collect$$libshutdown$$00000010)
    .ARM.Collect$$rtentry$$00000000          0x08000182   Section        0  __rtentry.o(.ARM.Collect$$rtentry$$00000000)
    .ARM.Collect$$rtentry$$00000002          0x08000182   Section        0  __rtentry2.o(.ARM.Collect$$rtentry$$00000002)
    .ARM.Collect$$rtentry$$00000004          0x08000182   Section        6  __rtentry4.o(.ARM.Collect$$rtentry$$00000004)
    .ARM.Collect$$rtentry$$00000009          0x08000188   Section        0  __rtentry2.o(.ARM.Collect$$rtentry$$00000009)
    .ARM.Collect$$rtentry$$0000000A          0x08000188   Section        4  __rtentry2.o(.ARM.Collect$$rtentry$$0000000A)
    .ARM.Collect$$rtentry$$0000000C          0x0800018c   Section        0  __rtentry2.o(.ARM.Collect$$rtentry$$0000000C)
    .ARM.Collect$$rtentry$$0000000D          0x0800018c   Section        8  __rtentry2.o(.ARM.Collect$$rtentry$$0000000D)
    .ARM.Collect$$rtexit$$00000000           0x08000194   Section        2  rtexit.o(.ARM.Collect$$rtexit$$00000000)
    .ARM.Collect$$rtexit$$00000002           0x08000196   Section        0  rtexit2.o(.ARM.Collect$$rtexit$$00000002)
    .ARM.Collect$$rtexit$$00000003           0x08000196   Section        4  rtexit2.o(.ARM.Collect$$rtexit$$00000003)
    .ARM.Collect$$rtexit$$00000004           0x0800019a   Section        6  rtexit2.o(.ARM.Collect$$rtexit$$00000004)
    .emb_text                                0x080001a0   Section        0  maybetermalloc1.o(.emb_text)
    .text                                    0x080001a0   Section        0  main.o(.text)
    .text                                    0x08000238   Section        0  stm32f10x_it.o(.text)
    .text                                    0x080002cc   Section        0  misc.o(.text)
    .text                                    0x080003a8   Section        0  stm32f10x_gpio.o(.text)
    .text                                    0x08000704   Section        0  stm32f10x_rcc.o(.text)
    .text                                    0x08000aa8   Section        0  stm32f10x_usart.o(.text)
    .text                                    0x08000eb0   Section        0  stm32f10x_spi.o(.text)
    .text                                    0x080011bc   Section        0  23lc1024.o(.text)
    SPI_WaitFlags                            0x080011bd   Thumb Code    50  23lc1024.o(.text)
    SPI_SB                                   0x080011ef   Thumb Code    28  23lc1024.o(.text)
    SPI_RB                                   0x0800120b   Thumb Code    28  23lc1024.o(.text)
    .text                                    0x08001560   Section        0  setup.o(.text)
    .text                                    0x080016a8   Section        0  system_stm32f10x.o(.text)
    SetSysClockTo72                          0x080016a9   Thumb Code   214  system_stm32f10x.o(.text)
    SetSysClock                              0x0800177f   Thumb Code     8  system_stm32f10x.o(.text)
    .text                                    0x08001888   Section       64  startup_stm32f10x_md.o(.text)
    .text                                    0x080018c8   Section        0  retarget_io.o(.text)
    stdin_getchar                            0x080018c9   Thumb Code     8  retarget_io.o(.text)
    stdout_putchar                           0x080018d1   Thumb Code     4  retarget_io.o(.text)
    .text                                    0x08001a6c   Section        0  noretval__2printf.o(.text)
    .text                                    0x08001a84   Section        0  __printf.o(.text)
    .text                                    0x08001aec   Section        0  _printf_str.o(.text)
    .text                                    0x08001b3e   Section        0  strlen.o(.text)
    .text                                    0x08001b7c   Section      128  strcmpv7m.o(.text)
    .text                                    0x08001bfc   Section        0  heapauxi.o(.text)
    .text                                    0x08001c02   Section        0  _printf_char.o(.text)
    .text                                    0x08001c30   Section        0  _printf_char_file.o(.text)
    .text                                    0x08001c54   Section        0  _printf_char_common.o(.text)
    _printf_input_char                       0x08001c55   Thumb Code    10  _printf_char_common.o(.text)
    .text                                    0x08001c84   Section        0  ferror.o(.text)
    .text                                    0x08001c8c   Section        0  initio.o(.text)
    .text                                    0x08001dc4   Section       74  sys_stackheap_outer.o(.text)
    .text                                    0x08001e0e   Section        0  h1_free.o(.text)
    .text                                    0x08001e5c   Section        0  setvbuf.o(.text)
    .text                                    0x08001ea4   Section        0  fopen.o(.text)
    _freopen_locked                          0x08001ea5   Thumb Code     0  fopen.o(.text)
    .text                                    0x08001f90   Section        0  fclose.o(.text)
    .text                                    0x08001fdc   Section        0  exit.o(.text)
    .text                                    0x08001fee   Section        0  defsig_rtred_outer.o(.text)
    .text                                    0x08001ffc   Section       78  rt_memclr_w.o(.text)
    .text                                    0x0800204c   Section        8  libspace.o(.text)
    .text                                    0x08002054   Section        8  rt_heap_descriptor_intlibspace.o(.text)
    .text                                    0x0800205c   Section        0  hguard.o(.text)
    .text                                    0x08002060   Section        0  init_alloc.o(.text)
    .text                                    0x080020ea   Section        0  h1_alloc.o(.text)
    .text                                    0x08002148   Section        0  fseek.o(.text)
    .text                                    0x08002240   Section        0  stdio.o(.text)
    .text                                    0x08002330   Section        0  defsig_exit.o(.text)
    .text                                    0x0800233c   Section        0  defsig_rtred_inner.o(.text)
    .text                                    0x08002370   Section        0  sys_exit.o(.text)
    .text                                    0x0800237c   Section        0  h1_init.o(.text)
    .text                                    0x0800238a   Section        0  h1_extend.o(.text)
    .text                                    0x080023be   Section        0  ftell.o(.text)
    .text                                    0x08002400   Section        0  defsig_general.o(.text)
    .text                                    0x08002432   Section        0  defsig_rtmem_outer.o(.text)
    .text                                    0x08002440   Section        2  use_no_semi.o(.text)
    .text                                    0x08002442   Section        0  indicate_semi.o(.text)
    .text                                    0x08002444   Section        8  rt_errno_addr_intlibspace.o(.text)
    .text                                    0x0800244c   Section        0  defsig_rtmem_inner.o(.text)
    .constdata                               0x0800249c   Section       23  retarget_io.o(.constdata)
    .data                                    0x20000000   Section       38  main.o(.data)
    .data                                    0x20000026   Section       20  stm32f10x_rcc.o(.data)
    APBAHBPrescTable                         0x20000026   Data          16  stm32f10x_rcc.o(.data)
    ADCPrescTable                            0x20000036   Data           4  stm32f10x_rcc.o(.data)
    .data                                    0x2000003a   Section        1  23lc1024.o(.data)
    .data                                    0x2000003c   Section        8  setup.o(.data)
    .data                                    0x20000044   Section       20  system_stm32f10x.o(.data)
    .data                                    0x20000058   Section        4  stdio_streams.o(.data)
    .data                                    0x2000005c   Section        4  stdio_streams.o(.data)
    .data                                    0x20000060   Section        4  stdio_streams.o(.data)
    .bss                                     0x20000064   Section      100  main.o(.bss)
    .bss                                     0x200000c8   Section       34  setup.o(.bss)
    .bss                                     0x200000ec   Section       84  stdio_streams.o(.bss)
    .bss                                     0x20000140   Section       84  stdio_streams.o(.bss)
    .bss                                     0x20000194   Section       84  stdio_streams.o(.bss)
    .bss                                     0x200001e8   Section       96  libspace.o(.bss)
    HEAP                                     0x20000248   Section      512  startup_stm32f10x_md.o(HEAP)
    Heap_Mem                                 0x20000248   Data         512  startup_stm32f10x_md.o(HEAP)
    STACK                                    0x20000448   Section     1024  startup_stm32f10x_md.o(STACK)
    Stack_Mem                                0x20000448   Data        1024  startup_stm32f10x_md.o(STACK)
    __initial_sp                             0x20000848   Data           0  startup_stm32f10x_md.o(STACK)

    Global Symbols

    Symbol Name                              Value     Ov Type        Size  Object(Section)

    BuildAttributes$$THM_ISAv4$P$D$K$B$S$PE$A:L22UL41UL21$X:L11$S22US41US21$IEEE1$IW$USESV6$~STKCKD$USESV7$~SHL$OTIME$ROPI$EBA8$UX$STANDARDLIB$REQ8$PRES8$EABIv2 0x00000000   Number         0  anon$$obj.o ABSOLUTE
    __ARM_use_no_argv                        0x00000000   Number         0  main.o ABSOLUTE
    __ARM_exceptions_init                     - Undefined Weak Reference
    __alloca_initialize                       - Undefined Weak Reference
    __arm_preinit_                            - Undefined Weak Reference
    __cpp_initialize__aeabi_                  - Undefined Weak Reference
    __cxa_finalize                            - Undefined Weak Reference
    __rt_locale                               - Undefined Weak Reference
    __sigvec_lookup                           - Undefined Weak Reference
    __user_heap_extent                        - Undefined Weak Reference
    _atexit_init                              - Undefined Weak Reference
    _call_atexit_fns                          - Undefined Weak Reference
    _clock_init                               - Undefined Weak Reference
    _fp_trap_init                             - Undefined Weak Reference
    _fp_trap_shutdown                         - Undefined Weak Reference
    _get_lc_collate                           - Undefined Weak Reference
    _get_lc_ctype                             - Undefined Weak Reference
    _get_lc_monetary                          - Undefined Weak Reference
    _get_lc_numeric                           - Undefined Weak Reference
    _get_lc_time                              - Undefined Weak Reference
    _getenv_init                              - Undefined Weak Reference
    _handle_redirection                       - Undefined Weak Reference
    _mutex_acquire                            - Undefined Weak Reference
    _mutex_free                               - Undefined Weak Reference
    _mutex_release                            - Undefined Weak Reference
    _printf_mbtowc                            - Undefined Weak Reference
    _printf_post_padding                      - Undefined Weak Reference
    _printf_pre_padding                       - Undefined Weak Reference
    _rand_init                                - Undefined Weak Reference
    _signal_finish                            - Undefined Weak Reference
    _signal_init                              - Undefined Weak Reference
    __Vectors_Size                           0x000000ec   Number         0  startup_stm32f10x_md.o ABSOLUTE
    __Vectors                                0x08000000   Data           4  startup_stm32f10x_md.o(RESET)
    __Vectors_End                            0x080000ec   Data           0  startup_stm32f10x_md.o(RESET)
    __main                                   0x080000ed   Thumb Code     8  __main.o(!!!main)
    __scatterload                            0x080000f5   Thumb Code     0  __scatter.o(!!!scatter)
    __scatterload_rt2                        0x080000f5   Thumb Code    44  __scatter.o(!!!scatter)
    __scatterload_rt2_thumb_only             0x080000f5   Thumb Code     0  __scatter.o(!!!scatter)
    __scatterload_null                       0x08000103   Thumb Code     0  __scatter.o(!!!scatter)
    __scatterload_copy                       0x08000129   Thumb Code    26  __scatter_copy.o(!!handler_copy)
    __scatterload_zeroinit                   0x08000145   Thumb Code    28  __scatter_zi.o(!!handler_zi)
    _printf_c                                0x08000161   Thumb Code     0  _printf_c.o(.ARM.Collect$$_printf_percent$$00000013)
    _printf_percent                          0x08000161   Thumb Code     0  _printf_percent.o(.ARM.Collect$$_printf_percent$$00000000)
    _printf_percent_end                      0x08000167   Thumb Code     0  _printf_percent_end.o(.ARM.Collect$$_printf_percent$$00000017)
    __rt_lib_init                            0x0800016b   Thumb Code     0  libinit.o(.ARM.Collect$$libinit$$00000000)
    __rt_lib_init_fp_1                       0x0800016d   Thumb Code     0  libinit2.o(.ARM.Collect$$libinit$$00000002)
    __rt_lib_init_heap_2                     0x0800016d   Thumb Code     0  libinit2.o(.ARM.Collect$$libinit$$00000005)
    __rt_lib_init_preinit_1                  0x0800016d   Thumb Code     0  libinit2.o(.ARM.Collect$$libinit$$00000004)
    __rt_lib_init_atexit_1                   0x08000175   Thumb Code     0  libinit2.o(.ARM.Collect$$libinit$$0000001B)
    __rt_lib_init_clock_1                    0x08000175   Thumb Code     0  libinit2.o(.ARM.Collect$$libinit$$00000021)
    __rt_lib_init_fp_trap_1                  0x08000175   Thumb Code     0  libinit2.o(.ARM.Collect$$libinit$$0000001F)
    __rt_lib_init_getenv_1                   0x08000175   Thumb Code     0  libinit2.o(.ARM.Collect$$libinit$$00000023)
    __rt_lib_init_heap_1                     0x08000175   Thumb Code     0  libinit2.o(.ARM.Collect$$libinit$$0000000A)
    __rt_lib_init_lc_collate_1               0x08000175   Thumb Code     0  libinit2.o(.ARM.Collect$$libinit$$00000011)
    __rt_lib_init_lc_ctype_1                 0x08000175   Thumb Code     0  libinit2.o(.ARM.Collect$$libinit$$00000013)
    __rt_lib_init_lc_monetary_1              0x08000175   Thumb Code     0  libinit2.o(.ARM.Collect$$libinit$$00000015)
    __rt_lib_init_lc_numeric_1               0x08000175   Thumb Code     0  libinit2.o(.ARM.Collect$$libinit$$00000017)
    __rt_lib_init_lc_time_1                  0x08000175   Thumb Code     0  libinit2.o(.ARM.Collect$$libinit$$00000019)
    __rt_lib_init_rand_1                     0x08000175   Thumb Code     0  libinit2.o(.ARM.Collect$$libinit$$0000000E)
    __rt_lib_init_signal_1                   0x08000175   Thumb Code     0  libinit2.o(.ARM.Collect$$libinit$$0000001D)
    __rt_lib_init_stdio_2                    0x08000175   Thumb Code     0  libinit2.o(.ARM.Collect$$libinit$$00000024)
    __rt_lib_init_user_alloc_1               0x08000175   Thumb Code     0  libinit2.o(.ARM.Collect$$libinit$$0000000C)
    __rt_lib_init_alloca_1                   0x08000179   Thumb Code     0  libinit2.o(.ARM.Collect$$libinit$$0000002E)
    __rt_lib_init_argv_1                     0x08000179   Thumb Code     0  libinit2.o(.ARM.Collect$$libinit$$0000002C)
    __rt_lib_init_cpp_1                      0x08000179   Thumb Code     0  libinit2.o(.ARM.Collect$$libinit$$00000032)
    __rt_lib_init_exceptions_1               0x08000179   Thumb Code     0  libinit2.o(.ARM.Collect$$libinit$$00000030)
    __rt_lib_init_return                     0x08000179   Thumb Code     0  libinit2.o(.ARM.Collect$$libinit$$00000033)
    __rt_lib_init_stdio_1                    0x08000179   Thumb Code     0  libinit2.o(.ARM.Collect$$libinit$$00000025)
    __rt_lib_shutdown                        0x0800017b   Thumb Code     0  libshutdown.o(.ARM.Collect$$libshutdown$$00000000)
    __rt_lib_shutdown_cpp_1                  0x0800017d   Thumb Code     0  libshutdown2.o(.ARM.Collect$$libshutdown$$00000002)
    __rt_lib_shutdown_stdio_2                0x0800017d   Thumb Code     0  libshutdown2.o(.ARM.Collect$$libshutdown$$00000003)
    __rt_lib_shutdown_fp_trap_1              0x08000181   Thumb Code     0  libshutdown2.o(.ARM.Collect$$libshutdown$$00000007)
    __rt_lib_shutdown_heap_1                 0x08000181   Thumb Code     0  libshutdown2.o(.ARM.Collect$$libshutdown$$0000000F)
    __rt_lib_shutdown_return                 0x08000181   Thumb Code     0  libshutdown2.o(.ARM.Collect$$libshutdown$$00000010)
    __rt_lib_shutdown_signal_1               0x08000181   Thumb Code     0  libshutdown2.o(.ARM.Collect$$libshutdown$$0000000A)
    __rt_lib_shutdown_stdio_1                0x08000181   Thumb Code     0  libshutdown2.o(.ARM.Collect$$libshutdown$$00000004)
    __rt_lib_shutdown_user_alloc_1           0x08000181   Thumb Code     0  libshutdown2.o(.ARM.Collect$$libshutdown$$0000000C)
    __rt_entry                               0x08000183   Thumb Code     0  __rtentry.o(.ARM.Collect$$rtentry$$00000000)
    __rt_entry_presh_1                       0x08000183   Thumb Code     0  __rtentry2.o(.ARM.Collect$$rtentry$$00000002)
    __rt_entry_sh                            0x08000183   Thumb Code     0  __rtentry4.o(.ARM.Collect$$rtentry$$00000004)
    __rt_entry_li                            0x08000189   Thumb Code     0  __rtentry2.o(.ARM.Collect$$rtentry$$0000000A)
    __rt_entry_postsh_1                      0x08000189   Thumb Code     0  __rtentry2.o(.ARM.Collect$$rtentry$$00000009)
    __rt_entry_main                          0x0800018d   Thumb Code     0  __rtentry2.o(.ARM.Collect$$rtentry$$0000000D)
    __rt_entry_postli_1                      0x0800018d   Thumb Code     0  __rtentry2.o(.ARM.Collect$$rtentry$$0000000C)
    __rt_exit                                0x08000195   Thumb Code     0  rtexit.o(.ARM.Collect$$rtexit$$00000000)
    __rt_exit_ls                             0x08000197   Thumb Code     0  rtexit2.o(.ARM.Collect$$rtexit$$00000003)
    __rt_exit_prels_1                        0x08000197   Thumb Code     0  rtexit2.o(.ARM.Collect$$rtexit$$00000002)
    __rt_exit_exit                           0x0800019b   Thumb Code     0  rtexit2.o(.ARM.Collect$$rtexit$$00000004)
    _maybe_terminate_alloc                   0x080001a1   Thumb Code     0  maybetermalloc1.o(.emb_text)
    fputc                                    0x080001a1   Thumb Code    32  main.o(.text)
    main                                     0x080001c1   Thumb Code    96  main.o(.text)
    NMI_Handler                              0x08000239   Thumb Code     2  stm32f10x_it.o(.text)
    HardFault_Handler                        0x0800023b   Thumb Code     4  stm32f10x_it.o(.text)
    MemManage_Handler                        0x0800023f   Thumb Code     4  stm32f10x_it.o(.text)
    BusFault_Handler                         0x08000243   Thumb Code     4  stm32f10x_it.o(.text)
    UsageFault_Handler                       0x08000247   Thumb Code     4  stm32f10x_it.o(.text)
    DebugMon_Handler                         0x0800024b   Thumb Code     2  stm32f10x_it.o(.text)
    SVC_Handler                              0x0800024d   Thumb Code     2  stm32f10x_it.o(.text)
    PendSV_Handler                           0x0800024f   Thumb Code     2  stm32f10x_it.o(.text)
    SysTick_Handler                          0x08000251   Thumb Code     2  stm32f10x_it.o(.text)
    WWDG_IRQHandler                          0x08000253   Thumb Code     2  stm32f10x_it.o(.text)
    PVD_IRQHandler                           0x08000255   Thumb Code     2  stm32f10x_it.o(.text)
    TAMPER_IRQHandler                        0x08000257   Thumb Code     2  stm32f10x_it.o(.text)
    RTC_IRQHandler                           0x08000259   Thumb Code     2  stm32f10x_it.o(.text)
    FLASH_IRQHandler                         0x0800025b   Thumb Code     2  stm32f10x_it.o(.text)
    RCC_IRQHandler                           0x0800025d   Thumb Code     2  stm32f10x_it.o(.text)
    EXTI0_IRQHandler                         0x0800025f   Thumb Code     2  stm32f10x_it.o(.text)
    EXTI1_IRQHandler                         0x08000261   Thumb Code     2  stm32f10x_it.o(.text)
    EXTI2_IRQHandler                         0x08000263   Thumb Code     2  stm32f10x_it.o(.text)
    EXTI3_IRQHandler                         0x08000265   Thumb Code     2  stm32f10x_it.o(.text)
    EXTI4_IRQHandler                         0x08000267   Thumb Code     2  stm32f10x_it.o(.text)
    DMA1_Channel1_IRQHandler                 0x08000269   Thumb Code     2  stm32f10x_it.o(.text)
    DMA1_Channel2_IRQHandler                 0x0800026b   Thumb Code     2  stm32f10x_it.o(.text)
    DMA1_Channel3_IRQHandler                 0x0800026d   Thumb Code     2  stm32f10x_it.o(.text)
    DMA1_Channel4_IRQHandler                 0x0800026f   Thumb Code     2  stm32f10x_it.o(.text)
    DMA1_Channel5_IRQHandler                 0x08000271   Thumb Code     2  stm32f10x_it.o(.text)
    DMA1_Channel6_IRQHandler                 0x08000273   Thumb Code     2  stm32f10x_it.o(.text)
    DMA1_Channel7_IRQHandler                 0x08000275   Thumb Code     2  stm32f10x_it.o(.text)
    ADC1_2_IRQHandler                        0x08000277   Thumb Code     2  stm32f10x_it.o(.text)
    USB_HP_CAN_TX_IRQHandler                 0x08000279   Thumb Code     2  stm32f10x_it.o(.text)
    USB_LP_CAN_RX0_IRQHandler                0x0800027b   Thumb Code     2  stm32f10x_it.o(.text)
    CAN_RX1_IRQHandler                       0x0800027d   Thumb Code     2  stm32f10x_it.o(.text)
    CAN_SCE_IRQHandler                       0x0800027f   Thumb Code     2  stm32f10x_it.o(.text)
    EXTI9_5_IRQHandler                       0x08000281   Thumb Code     2  stm32f10x_it.o(.text)
    TIM1_BRK_IRQHandler                      0x08000283   Thumb Code     2  stm32f10x_it.o(.text)
    TIM1_UP_IRQHandler                       0x08000285   Thumb Code     2  stm32f10x_it.o(.text)
    TIM1_TRG_COM_IRQHandler                  0x08000287   Thumb Code     2  stm32f10x_it.o(.text)
    TIM1_CC_IRQHandler                       0x08000289   Thumb Code     2  stm32f10x_it.o(.text)
    TIM2_IRQHandler                          0x0800028b   Thumb Code     2  stm32f10x_it.o(.text)
    TIM3_IRQHandler                          0x0800028d   Thumb Code     2  stm32f10x_it.o(.text)
    TIM4_IRQHandler                          0x0800028f   Thumb Code     2  stm32f10x_it.o(.text)
    I2C1_EV_IRQHandler                       0x08000291   Thumb Code     2  stm32f10x_it.o(.text)
    I2C1_ER_IRQHandler                       0x08000293   Thumb Code     2  stm32f10x_it.o(.text)
    I2C2_EV_IRQHandler                       0x08000295   Thumb Code     2  stm32f10x_it.o(.text)
    I2C2_ER_IRQHandler                       0x08000297   Thumb Code     2  stm32f10x_it.o(.text)
    SPI1_IRQHandler                          0x08000299   Thumb Code     2  stm32f10x_it.o(.text)
    SPI2_IRQHandler                          0x0800029b   Thumb Code     2  stm32f10x_it.o(.text)
    USART1_IRQHandler                        0x0800029d   Thumb Code     2  stm32f10x_it.o(.text)
    USART2_IRQHandler                        0x0800029f   Thumb Code     2  stm32f10x_it.o(.text)
    USART3_IRQHandler                        0x080002a1   Thumb Code     2  stm32f10x_it.o(.text)
    EXTI15_10_IRQHandler                     0x080002a3   Thumb Code     2  stm32f10x_it.o(.text)
    RTCAlarm_IRQHandler                      0x080002a5   Thumb Code     2  stm32f10x_it.o(.text)
    USBWakeUp_IRQHandler                     0x080002a7   Thumb Code     2  stm32f10x_it.o(.text)
    TIM8_BRK_IRQHandler                      0x080002a9   Thumb Code     2  stm32f10x_it.o(.text)
    TIM8_UP_IRQHandler                       0x080002ab   Thumb Code     2  stm32f10x_it.o(.text)
    TIM8_TRG_COM_IRQHandler                  0x080002ad   Thumb Code     2  stm32f10x_it.o(.text)
    TIM8_CC_IRQHandler                       0x080002af   Thumb Code     2  stm32f10x_it.o(.text)
    ADC3_IRQHandler                          0x080002b1   Thumb Code     2  stm32f10x_it.o(.text)
    FSMC_IRQHandler                          0x080002b3   Thumb Code     2  stm32f10x_it.o(.text)
    SDIO_IRQHandler                          0x080002b5   Thumb Code     2  stm32f10x_it.o(.text)
    TIM5_IRQHandler                          0x080002b7   Thumb Code     2  stm32f10x_it.o(.text)
    SPI3_IRQHandler                          0x080002b9   Thumb Code     2  stm32f10x_it.o(.text)
    UART4_IRQHandler                         0x080002bb   Thumb Code     2  stm32f10x_it.o(.text)
    UART5_IRQHandler                         0x080002bd   Thumb Code     2  stm32f10x_it.o(.text)
    TIM6_IRQHandler                          0x080002bf   Thumb Code     2  stm32f10x_it.o(.text)
    TIM7_IRQHandler                          0x080002c1   Thumb Code     2  stm32f10x_it.o(.text)
    DMA2_Channel1_IRQHandler                 0x080002c3   Thumb Code     2  stm32f10x_it.o(.text)
    DMA2_Channel2_IRQHandler                 0x080002c5   Thumb Code     2  stm32f10x_it.o(.text)
    DMA2_Channel3_IRQHandler                 0x080002c7   Thumb Code     2  stm32f10x_it.o(.text)
    DMA2_Channel4_5_IRQHandler               0x080002c9   Thumb Code     2  stm32f10x_it.o(.text)
    NVIC_PriorityGroupConfig                 0x080002cd   Thumb Code    10  misc.o(.text)
    NVIC_Init                                0x080002d7   Thumb Code   100  misc.o(.text)
    NVIC_SetVectorTable                      0x0800033b   Thumb Code    14  misc.o(.text)
    NVIC_SystemLPConfig                      0x08000349   Thumb Code    34  misc.o(.text)
    SysTick_CLKSourceConfig                  0x0800036b   Thumb Code    40  misc.o(.text)
    GPIO_DeInit                              0x080003a9   Thumb Code   172  stm32f10x_gpio.o(.text)
    GPIO_AFIODeInit                          0x08000455   Thumb Code    20  stm32f10x_gpio.o(.text)
    GPIO_Init                                0x08000469   Thumb Code   278  stm32f10x_gpio.o(.text)
    GPIO_StructInit                          0x0800057f   Thumb Code    16  stm32f10x_gpio.o(.text)
    GPIO_ReadInputDataBit                    0x0800058f   Thumb Code    18  stm32f10x_gpio.o(.text)
    GPIO_ReadInputData                       0x080005a1   Thumb Code     8  stm32f10x_gpio.o(.text)
    GPIO_ReadOutputDataBit                   0x080005a9   Thumb Code    18  stm32f10x_gpio.o(.text)
    GPIO_ReadOutputData                      0x080005bb   Thumb Code     8  stm32f10x_gpio.o(.text)
    GPIO_SetBits                             0x080005c3   Thumb Code     4  stm32f10x_gpio.o(.text)
    GPIO_ResetBits                           0x080005c7   Thumb Code     4  stm32f10x_gpio.o(.text)
    GPIO_WriteBit                            0x080005cb   Thumb Code    10  stm32f10x_gpio.o(.text)
    GPIO_Write                               0x080005d5   Thumb Code     4  stm32f10x_gpio.o(.text)
    GPIO_PinLockConfig                       0x080005d9   Thumb Code    18  stm32f10x_gpio.o(.text)
    GPIO_EventOutputConfig                   0x080005eb   Thumb Code    26  stm32f10x_gpio.o(.text)
    GPIO_EventOutputCmd                      0x08000605   Thumb Code     6  stm32f10x_gpio.o(.text)
    GPIO_PinRemapConfig                      0x0800060b   Thumb Code   138  stm32f10x_gpio.o(.text)
    GPIO_EXTILineConfig                      0x08000695   Thumb Code    66  stm32f10x_gpio.o(.text)
    GPIO_ETH_MediaInterfaceConfig            0x080006d7   Thumb Code     8  stm32f10x_gpio.o(.text)
    RCC_DeInit                               0x08000705   Thumb Code    64  stm32f10x_rcc.o(.text)
    RCC_HSEConfig                            0x08000745   Thumb Code    70  stm32f10x_rcc.o(.text)
    RCC_GetFlagStatus                        0x0800078b   Thumb Code    56  stm32f10x_rcc.o(.text)
    RCC_WaitForHSEStartUp                    0x080007c3   Thumb Code    56  stm32f10x_rcc.o(.text)
    RCC_AdjustHSICalibrationValue            0x080007fb   Thumb Code    20  stm32f10x_rcc.o(.text)
    RCC_HSICmd                               0x0800080f   Thumb Code     6  stm32f10x_rcc.o(.text)
    RCC_PLLConfig                            0x08000815   Thumb Code    24  stm32f10x_rcc.o(.text)
    RCC_PLLCmd                               0x0800082d   Thumb Code     6  stm32f10x_rcc.o(.text)
    RCC_SYSCLKConfig                         0x08000833   Thumb Code    18  stm32f10x_rcc.o(.text)
    RCC_GetSYSCLKSource                      0x08000845   Thumb Code    10  stm32f10x_rcc.o(.text)
    RCC_HCLKConfig                           0x0800084f   Thumb Code    18  stm32f10x_rcc.o(.text)
    RCC_PCLK1Config                          0x08000861   Thumb Code    18  stm32f10x_rcc.o(.text)
    RCC_PCLK2Config                          0x08000873   Thumb Code    20  stm32f10x_rcc.o(.text)
    RCC_ITConfig                             0x08000887   Thumb Code    26  stm32f10x_rcc.o(.text)
    RCC_USBCLKConfig                         0x080008a1   Thumb Code     8  stm32f10x_rcc.o(.text)
    RCC_ADCCLKConfig                         0x080008a9   Thumb Code    18  stm32f10x_rcc.o(.text)
    RCC_LSEConfig                            0x080008bb   Thumb Code    50  stm32f10x_rcc.o(.text)
    RCC_LSICmd                               0x080008ed   Thumb Code     6  stm32f10x_rcc.o(.text)
    RCC_RTCCLKConfig                         0x080008f3   Thumb Code    12  stm32f10x_rcc.o(.text)
    RCC_RTCCLKCmd                            0x080008ff   Thumb Code     8  stm32f10x_rcc.o(.text)
    RCC_GetClocksFreq                        0x08000907   Thumb Code   192  stm32f10x_rcc.o(.text)
    RCC_AHBPeriphClockCmd                    0x080009c7   Thumb Code    26  stm32f10x_rcc.o(.text)
    RCC_APB2PeriphClockCmd                   0x080009e1   Thumb Code    26  stm32f10x_rcc.o(.text)
    RCC_APB1PeriphClockCmd                   0x080009fb   Thumb Code    26  stm32f10x_rcc.o(.text)
    RCC_APB2PeriphResetCmd                   0x08000a15   Thumb Code    26  stm32f10x_rcc.o(.text)
    RCC_APB1PeriphResetCmd                   0x08000a2f   Thumb Code    26  stm32f10x_rcc.o(.text)
    RCC_BackupResetCmd                       0x08000a49   Thumb Code     8  stm32f10x_rcc.o(.text)
    RCC_ClockSecuritySystemCmd               0x08000a51   Thumb Code     6  stm32f10x_rcc.o(.text)
    RCC_MCOConfig                            0x08000a57   Thumb Code     6  stm32f10x_rcc.o(.text)
    RCC_ClearFlag                            0x08000a5d   Thumb Code    14  stm32f10x_rcc.o(.text)
    RCC_GetITStatus                          0x08000a6b   Thumb Code    20  stm32f10x_rcc.o(.text)
    RCC_ClearITPendingBit                    0x08000a7f   Thumb Code     6  stm32f10x_rcc.o(.text)
    USART_DeInit                             0x08000aa9   Thumb Code   134  stm32f10x_usart.o(.text)
    USART_Init                               0x08000b2f   Thumb Code   210  stm32f10x_usart.o(.text)
    USART_StructInit                         0x08000c01   Thumb Code    24  stm32f10x_usart.o(.text)
    USART_ClockInit                          0x08000c19   Thumb Code    34  stm32f10x_usart.o(.text)
    USART_ClockStructInit                    0x08000c3b   Thumb Code    12  stm32f10x_usart.o(.text)
    USART_Cmd                                0x08000c47   Thumb Code    24  stm32f10x_usart.o(.text)
    USART_ITConfig                           0x08000c5f   Thumb Code    74  stm32f10x_usart.o(.text)
    USART_DMACmd                             0x08000ca9   Thumb Code    18  stm32f10x_usart.o(.text)
    USART_SetAddress                         0x08000cbb   Thumb Code    18  stm32f10x_usart.o(.text)
    USART_WakeUpConfig                       0x08000ccd   Thumb Code    18  stm32f10x_usart.o(.text)
    USART_ReceiverWakeUpCmd                  0x08000cdf   Thumb Code    24  stm32f10x_usart.o(.text)
    USART_LINBreakDetectLengthConfig         0x08000cf7   Thumb Code    18  stm32f10x_usart.o(.text)
    USART_LINCmd                             0x08000d09   Thumb Code    24  stm32f10x_usart.o(.text)
    USART_SendData                           0x08000d21   Thumb Code     8  stm32f10x_usart.o(.text)
    USART_ReceiveData                        0x08000d29   Thumb Code    10  stm32f10x_usart.o(.text)
    USART_SendBreak                          0x08000d33   Thumb Code    10  stm32f10x_usart.o(.text)
    USART_SetGuardTime                       0x08000d3d   Thumb Code    16  stm32f10x_usart.o(.text)
    USART_SetPrescaler                       0x08000d4d   Thumb Code    16  stm32f10x_usart.o(.text)
    USART_SmartCardCmd                       0x08000d5d   Thumb Code    24  stm32f10x_usart.o(.text)
    USART_SmartCardNACKCmd                   0x08000d75   Thumb Code    24  stm32f10x_usart.o(.text)
    USART_HalfDuplexCmd                      0x08000d8d   Thumb Code    24  stm32f10x_usart.o(.text)
    USART_OverSampling8Cmd                   0x08000da5   Thumb Code    22  stm32f10x_usart.o(.text)
    USART_OneBitMethodCmd                    0x08000dbb   Thumb Code    24  stm32f10x_usart.o(.text)
    USART_IrDAConfig                         0x08000dd3   Thumb Code    18  stm32f10x_usart.o(.text)
    USART_IrDACmd                            0x08000de5   Thumb Code    24  stm32f10x_usart.o(.text)
    USART_GetFlagStatus                      0x08000dfd   Thumb Code    26  stm32f10x_usart.o(.text)
    USART_ClearFlag                          0x08000e17   Thumb Code    18  stm32f10x_usart.o(.text)
    USART_GetITStatus                        0x08000e29   Thumb Code    84  stm32f10x_usart.o(.text)
    USART_ClearITPendingBit                  0x08000e7d   Thumb Code    52  stm32f10x_usart.o(.text)
    SPI_I2S_DeInit                           0x08000eb1   Thumb Code    76  stm32f10x_spi.o(.text)
    SPI_Init                                 0x08000efd   Thumb Code    60  stm32f10x_spi.o(.text)
    I2S_Init                                 0x08000f39   Thumb Code   226  stm32f10x_spi.o(.text)
    SPI_StructInit                           0x0800101b   Thumb Code    24  stm32f10x_spi.o(.text)
    I2S_StructInit                           0x08001033   Thumb Code    20  stm32f10x_spi.o(.text)
    SPI_Cmd                                  0x08001047   Thumb Code    24  stm32f10x_spi.o(.text)
    I2S_Cmd                                  0x0800105f   Thumb Code    24  stm32f10x_spi.o(.text)
    SPI_I2S_ITConfig                         0x08001077   Thumb Code    32  stm32f10x_spi.o(.text)
    SPI_I2S_DMACmd                           0x08001097   Thumb Code    18  stm32f10x_spi.o(.text)
    SPI_I2S_SendData                         0x080010a9   Thumb Code     4  stm32f10x_spi.o(.text)
    SPI_I2S_ReceiveData                      0x080010ad   Thumb Code     6  stm32f10x_spi.o(.text)
    SPI_NSSInternalSoftwareConfig            0x080010b3   Thumb Code    30  stm32f10x_spi.o(.text)
    SPI_SSOutputCmd                          0x080010d1   Thumb Code    24  stm32f10x_spi.o(.text)
    SPI_DataSizeConfig                       0x080010e9   Thumb Code    18  stm32f10x_spi.o(.text)
    SPI_TransmitCRC                          0x080010fb   Thumb Code    10  stm32f10x_spi.o(.text)
    SPI_CalculateCRC                         0x08001105   Thumb Code    24  stm32f10x_spi.o(.text)
    SPI_GetCRC                               0x0800111d   Thumb Code    16  stm32f10x_spi.o(.text)
    SPI_GetCRCPolynomial                     0x0800112d   Thumb Code     6  stm32f10x_spi.o(.text)
    SPI_BiDirectionalLineConfig              0x08001133   Thumb Code    28  stm32f10x_spi.o(.text)
    SPI_I2S_GetFlagStatus                    0x0800114f   Thumb Code    18  stm32f10x_spi.o(.text)
    SPI_I2S_ClearFlag                        0x08001161   Thumb Code     6  stm32f10x_spi.o(.text)
    SPI_I2S_GetITStatus                      0x08001167   Thumb Code    52  stm32f10x_spi.o(.text)
    SPI_I2S_ClearITPendingBit                0x0800119b   Thumb Code    20  stm32f10x_spi.o(.text)
    S23_WriteModeReg                         0x08001227   Thumb Code    38  23lc1024.o(.text)
    S23_IOAccess                             0x0800124d   Thumb Code    60  23lc1024.o(.text)
    S23LC_Init                               0x08001289   Thumb Code    20  23lc1024.o(.text)
    S23_RByte                                0x0800129d   Thumb Code    64  23lc1024.o(.text)
    S23_RWord                                0x080012dd   Thumb Code    98  23lc1024.o(.text)
    S23_RDWord                               0x0800133f   Thumb Code   114  23lc1024.o(.text)
    S23_RFloat                               0x080013b1   Thumb Code    16  23lc1024.o(.text)
    S23_WByte                                0x080013c1   Thumb Code    58  23lc1024.o(.text)
    S23_WWord                                0x080013fb   Thumb Code    78  23lc1024.o(.text)
    S23_WDWord                               0x08001449   Thumb Code    94  23lc1024.o(.text)
    S23_WFloat                               0x080014a7   Thumb Code    18  23lc1024.o(.text)
    WriteBuffer                              0x080014b9   Thumb Code    34  23lc1024.o(.text)
    S23_ReadModeReg                          0x080014db   Thumb Code    44  23lc1024.o(.text)
    S23_SpeedTest                            0x08001507   Thumb Code    68  23lc1024.o(.text)
    Delay_ms                                 0x08001561   Thumb Code    26  setup.o(.text)
    Init_USART                               0x0800157b   Thumb Code   136  setup.o(.text)
    Init_GPIO                                0x08001603   Thumb Code    34  setup.o(.text)
    Init_SPI1_Master                         0x08001625   Thumb Code   100  setup.o(.text)
    SystemInit                               0x08001787   Thumb Code    78  system_stm32f10x.o(.text)
    SystemCoreClockUpdate                    0x080017d5   Thumb Code   142  system_stm32f10x.o(.text)
    Reset_Handler                            0x08001889   Thumb Code     8  startup_stm32f10x_md.o(.text)
    CAN1_RX1_IRQHandler                      0x080018a3   Thumb Code     0  startup_stm32f10x_md.o(.text)
    CAN1_SCE_IRQHandler                      0x080018a3   Thumb Code     0  startup_stm32f10x_md.o(.text)
    USB_HP_CAN1_TX_IRQHandler                0x080018a3   Thumb Code     0  startup_stm32f10x_md.o(.text)
    USB_LP_CAN1_RX0_IRQHandler               0x080018a3   Thumb Code     0  startup_stm32f10x_md.o(.text)
    __user_initial_stackheap                 0x080018a5   Thumb Code     0  startup_stm32f10x_md.o(.text)
    _sys_open                                0x080018d5   Thumb Code    80  retarget_io.o(.text)
    _sys_close                               0x08001925   Thumb Code    38  retarget_io.o(.text)
    _sys_write                               0x0800194b   Thumb Code    70  retarget_io.o(.text)
    _sys_read                                0x08001991   Thumb Code    76  retarget_io.o(.text)
    _ttywrch                                 0x080019dd   Thumb Code     4  retarget_io.o(.text)
    _sys_istty                               0x080019e1   Thumb Code    36  retarget_io.o(.text)
    _sys_seek                                0x08001a05   Thumb Code    44  retarget_io.o(.text)
    _sys_flen                                0x08001a31   Thumb Code    36  retarget_io.o(.text)
    __2printf                                0x08001a6d   Thumb Code    20  noretval__2printf.o(.text)
    __printf                                 0x08001a85   Thumb Code   104  __printf.o(.text)
    _printf_str                              0x08001aed   Thumb Code    82  _printf_str.o(.text)
    strlen                                   0x08001b3f   Thumb Code    62  strlen.o(.text)
    strcmp                                   0x08001b7d   Thumb Code   128  strcmpv7m.o(.text)
    __use_two_region_memory                  0x08001bfd   Thumb Code     2  heapauxi.o(.text)
    __rt_heap_escrow                         0x08001bff   Thumb Code     2  heapauxi.o(.text)
    __rt_heap_expand                         0x08001c01   Thumb Code     2  heapauxi.o(.text)
    _printf_cs_common                        0x08001c03   Thumb Code    20  _printf_char.o(.text)
    _printf_char                             0x08001c17   Thumb Code    16  _printf_char.o(.text)
    _printf_string                           0x08001c27   Thumb Code     8  _printf_char.o(.text)
    _printf_char_file                        0x08001c31   Thumb Code    32  _printf_char_file.o(.text)
    _printf_char_common                      0x08001c5f   Thumb Code    32  _printf_char_common.o(.text)
    ferror                                   0x08001c85   Thumb Code     8  ferror.o(.text)
    _initio                                  0x08001c8d   Thumb Code   210  initio.o(.text)
    _terminateio                             0x08001d5f   Thumb Code    56  initio.o(.text)
    __user_setup_stackheap                   0x08001dc5   Thumb Code    74  sys_stackheap_outer.o(.text)
    free                                     0x08001e0f   Thumb Code    78  h1_free.o(.text)
    setvbuf                                  0x08001e5d   Thumb Code    70  setvbuf.o(.text)
    freopen                                  0x08001ea5   Thumb Code   158  fopen.o(.text)
    fopen                                    0x08001f43   Thumb Code    74  fopen.o(.text)
    _fclose_internal                         0x08001f91   Thumb Code    76  fclose.o(.text)
    fclose                                   0x08001f91   Thumb Code     0  fclose.o(.text)
    exit                                     0x08001fdd   Thumb Code    18  exit.o(.text)
    __rt_SIGRTRED                            0x08001fef   Thumb Code    14  defsig_rtred_outer.o(.text)
    __aeabi_memclr4                          0x08001ffd   Thumb Code     0  rt_memclr_w.o(.text)
    __aeabi_memclr8                          0x08001ffd   Thumb Code     0  rt_memclr_w.o(.text)
    __rt_memclr_w                            0x08001ffd   Thumb Code    78  rt_memclr_w.o(.text)
    _memset_w                                0x08002001   Thumb Code     0  rt_memclr_w.o(.text)
    __user_libspace                          0x0800204d   Thumb Code     8  libspace.o(.text)
    __user_perproc_libspace                  0x0800204d   Thumb Code     0  libspace.o(.text)
    __user_perthread_libspace                0x0800204d   Thumb Code     0  libspace.o(.text)
    __rt_heap_descriptor                     0x08002055   Thumb Code     8  rt_heap_descriptor_intlibspace.o(.text)
    __use_no_heap                            0x0800205d   Thumb Code     2  hguard.o(.text)
    __heap$guard                             0x0800205f   Thumb Code     2  hguard.o(.text)
    _terminate_user_alloc                    0x08002061   Thumb Code     2  init_alloc.o(.text)
    _init_user_alloc                         0x08002063   Thumb Code     2  init_alloc.o(.text)
    __Heap_Full                              0x08002065   Thumb Code    34  init_alloc.o(.text)
    __Heap_Broken                            0x08002087   Thumb Code     6  init_alloc.o(.text)
    _init_alloc                              0x0800208d   Thumb Code    94  init_alloc.o(.text)
    malloc                                   0x080020eb   Thumb Code    94  h1_alloc.o(.text)
    _fseek                                   0x08002149   Thumb Code   242  fseek.o(.text)
    fseek                                    0x08002149   Thumb Code     0  fseek.o(.text)
    _seterr                                  0x08002241   Thumb Code    20  stdio.o(.text)
    _writebuf                                0x08002255   Thumb Code    84  stdio.o(.text)
    _fflush                                  0x080022a9   Thumb Code    70  stdio.o(.text)
    _deferredlazyseek                        0x080022ef   Thumb Code    60  stdio.o(.text)
    __sig_exit                               0x08002331   Thumb Code    10  defsig_exit.o(.text)
    __rt_SIGRTRED_inner                      0x0800233d   Thumb Code    14  defsig_rtred_inner.o(.text)
    _sys_exit                                0x08002371   Thumb Code     8  sys_exit.o(.text)
    __Heap_Initialize                        0x0800237d   Thumb Code    10  h1_init.o(.text)
    __Heap_DescSize                          0x08002387   Thumb Code     4  h1_init.o(.text)
    __Heap_ProvideMemory                     0x0800238b   Thumb Code    52  h1_extend.o(.text)
    _ftell_internal                          0x080023bf   Thumb Code    66  ftell.o(.text)
    ftell                                    0x080023bf   Thumb Code     0  ftell.o(.text)
    __default_signal_display                 0x08002401   Thumb Code    50  defsig_general.o(.text)
    __rt_SIGRTMEM                            0x08002433   Thumb Code    14  defsig_rtmem_outer.o(.text)
    __I$use$semihosting                      0x08002441   Thumb Code     0  use_no_semi.o(.text)
    __use_no_semihosting_swi                 0x08002441   Thumb Code     2  use_no_semi.o(.text)
    __semihosting_library_function           0x08002443   Thumb Code     0  indicate_semi.o(.text)
    __aeabi_errno_addr                       0x08002445   Thumb Code     8  rt_errno_addr_intlibspace.o(.text)
    __errno$intlibspace                      0x08002445   Thumb Code     0  rt_errno_addr_intlibspace.o(.text)
    __rt_errno_addr$intlibspace              0x08002445   Thumb Code     0  rt_errno_addr_intlibspace.o(.text)
    __rt_SIGRTMEM_inner                      0x0800244d   Thumb Code    22  defsig_rtmem_inner.o(.text)
    __stdin_name                             0x0800249c   Data           7  retarget_io.o(.constdata)
    __stdout_name                            0x080024a3   Data           8  retarget_io.o(.constdata)
    __stderr_name                            0x080024ab   Data           8  retarget_io.o(.constdata)
    Region$$Table$$Base                      0x080024b4   Number         0  anon$$obj.o(Region$$Table)
    Region$$Table$$Limit                     0x080024d4   Number         0  anon$$obj.o(Region$$Table)
    B                                        0x20000000   Data           1  main.o(.data)
    C                                        0x20000001   Data           1  main.o(.data)
    W                                        0x20000002   Data           2  main.o(.data)
    D                                        0x20000004   Data           4  main.o(.data)
    Cnt                                      0x20000008   Data           4  main.o(.data)
    F                                        0x2000000c   Data           4  main.o(.data)
    buffer                                   0x20000010   Data          22  main.o(.data)
    WriteMode                                0x2000003a   Data           1  23lc1024.o(.data)
    GPIO_InitStructure                       0x2000003c   Data           4  setup.o(.data)
    NVIC_InitStructure                       0x20000040   Data           4  setup.o(.data)
    SystemCoreClock                          0x20000044   Data           4  system_stm32f10x.o(.data)
    AHBPrescTable                            0x20000048   Data          16  system_stm32f10x.o(.data)
    __aeabi_stdin                            0x20000058   Data           4  stdio_streams.o(.data)
    __aeabi_stdout                           0x2000005c   Data           4  stdio_streams.o(.data)
    __aeabi_stderr                           0x20000060   Data           4  stdio_streams.o(.data)
    buffer2                                  0x20000064   Data         100  main.o(.bss)
    UART_InitStructure                       0x200000c8   Data          16  setup.o(.bss)
    SPI_InitStructure                        0x200000d8   Data          18  setup.o(.bss)
    __stdin                                  0x200000ec   Data          84  stdio_streams.o(.bss)
    __stdout                                 0x20000140   Data          84  stdio_streams.o(.bss)
    __stderr                                 0x20000194   Data          84  stdio_streams.o(.bss)
    __libspace_start                         0x200001e8   Data          96  libspace.o(.bss)
    __temporary_stack_top$libspace           0x20000248   Data           0  libspace.o(.bss)



==============================================================================

Memory Map of the image

  Image Entry point : 0x080000ed

  Load Region LR_IROM1 (Base: 0x08000000, Size: 0x00002538, Max: 0x00010000, ABSOLUTE)

    Execution Region ER_IROM1 (Exec base: 0x08000000, Load base: 0x08000000, Size: 0x000024d4, Max: 0x00010000, ABSOLUTE)

    Exec Addr    Load Addr    Size         Type   Attr      Idx    E Section Name        Object

    0x08000000   0x08000000   0x000000ec   Data   RO          400    RESET               startup_stm32f10x_md.o
    0x080000ec   0x080000ec   0x00000008   Code   RO          474  * !!!main             c_w.l(__main.o)
    0x080000f4   0x080000f4   0x00000034   Code   RO          788    !!!scatter          c_w.l(__scatter.o)
    0x08000128   0x08000128   0x0000001a   Code   RO          790    !!handler_copy      c_w.l(__scatter_copy.o)
    0x08000142   0x08000142   0x00000002   PAD
    0x08000144   0x08000144   0x0000001c   Code   RO          792    !!handler_zi        c_w.l(__scatter_zi.o)
    0x08000160   0x08000160   0x00000000   Code   RO          467    .ARM.Collect$$_printf_percent$$00000000  c_w.l(_printf_percent.o)
    0x08000160   0x08000160   0x00000006   Code   RO          466    .ARM.Collect$$_printf_percent$$00000013  c_w.l(_printf_c.o)
    0x08000166   0x08000166   0x00000004   Code   RO          481    .ARM.Collect$$_printf_percent$$00000017  c_w.l(_printf_percent_end.o)
    0x0800016a   0x0800016a   0x00000002   Code   RO          599    .ARM.Collect$$libinit$$00000000  c_w.l(libinit.o)
    0x0800016c   0x0800016c   0x00000000   Code   RO          601    .ARM.Collect$$libinit$$00000002  c_w.l(libinit2.o)
    0x0800016c   0x0800016c   0x00000000   Code   RO          603    .ARM.Collect$$libinit$$00000004  c_w.l(libinit2.o)
    0x0800016c   0x0800016c   0x00000008   Code   RO          604    .ARM.Collect$$libinit$$00000005  c_w.l(libinit2.o)
    0x08000174   0x08000174   0x00000000   Code   RO          606    .ARM.Collect$$libinit$$0000000A  c_w.l(libinit2.o)
    0x08000174   0x08000174   0x00000000   Code   RO          608    .ARM.Collect$$libinit$$0000000C  c_w.l(libinit2.o)
    0x08000174   0x08000174   0x00000000   Code   RO          610    .ARM.Collect$$libinit$$0000000E  c_w.l(libinit2.o)
    0x08000174   0x08000174   0x00000000   Code   RO          613    .ARM.Collect$$libinit$$00000011  c_w.l(libinit2.o)
    0x08000174   0x08000174   0x00000000   Code   RO          615    .ARM.Collect$$libinit$$00000013  c_w.l(libinit2.o)
    0x08000174   0x08000174   0x00000000   Code   RO          617    .ARM.Collect$$libinit$$00000015  c_w.l(libinit2.o)
    0x08000174   0x08000174   0x00000000   Code   RO          619    .ARM.Collect$$libinit$$00000017  c_w.l(libinit2.o)
    0x08000174   0x08000174   0x00000000   Code   RO          621    .ARM.Collect$$libinit$$00000019  c_w.l(libinit2.o)
    0x08000174   0x08000174   0x00000000   Code   RO          623    .ARM.Collect$$libinit$$0000001B  c_w.l(libinit2.o)
    0x08000174   0x08000174   0x00000000   Code   RO          625    .ARM.Collect$$libinit$$0000001D  c_w.l(libinit2.o)
    0x08000174   0x08000174   0x00000000   Code   RO          627    .ARM.Collect$$libinit$$0000001F  c_w.l(libinit2.o)
    0x08000174   0x08000174   0x00000000   Code   RO          629    .ARM.Collect$$libinit$$00000021  c_w.l(libinit2.o)
    0x08000174   0x08000174   0x00000000   Code   RO          631    .ARM.Collect$$libinit$$00000023  c_w.l(libinit2.o)
    0x08000174   0x08000174   0x00000004   Code   RO          632    .ARM.Collect$$libinit$$00000024  c_w.l(libinit2.o)
    0x08000178   0x08000178   0x00000000   Code   RO          633    .ARM.Collect$$libinit$$00000025  c_w.l(libinit2.o)
    0x08000178   0x08000178   0x00000000   Code   RO          637    .ARM.Collect$$libinit$$0000002C  c_w.l(libinit2.o)
    0x08000178   0x08000178   0x00000000   Code   RO          639    .ARM.Collect$$libinit$$0000002E  c_w.l(libinit2.o)
    0x08000178   0x08000178   0x00000000   Code   RO          641    .ARM.Collect$$libinit$$00000030  c_w.l(libinit2.o)
    0x08000178   0x08000178   0x00000000   Code   RO          643    .ARM.Collect$$libinit$$00000032  c_w.l(libinit2.o)
    0x08000178   0x08000178   0x00000002   Code   RO          644    .ARM.Collect$$libinit$$00000033  c_w.l(libinit2.o)
    0x0800017a   0x0800017a   0x00000002   Code   RO          767    .ARM.Collect$$libshutdown$$00000000  c_w.l(libshutdown.o)
    0x0800017c   0x0800017c   0x00000000   Code   RO          646    .ARM.Collect$$libshutdown$$00000002  c_w.l(libshutdown2.o)
    0x0800017c   0x0800017c   0x00000004   Code   RO          647    .ARM.Collect$$libshutdown$$00000003  c_w.l(libshutdown2.o)
    0x08000180   0x08000180   0x00000000   Code   RO          648    .ARM.Collect$$libshutdown$$00000004  c_w.l(libshutdown2.o)
    0x08000180   0x08000180   0x00000000   Code   RO          651    .ARM.Collect$$libshutdown$$00000007  c_w.l(libshutdown2.o)
    0x08000180   0x08000180   0x00000000   Code   RO          654    .ARM.Collect$$libshutdown$$0000000A  c_w.l(libshutdown2.o)
    0x08000180   0x08000180   0x00000000   Code   RO          656    .ARM.Collect$$libshutdown$$0000000C  c_w.l(libshutdown2.o)
    0x08000180   0x08000180   0x00000000   Code   RO          659    .ARM.Collect$$libshutdown$$0000000F  c_w.l(libshutdown2.o)
    0x08000180   0x08000180   0x00000002   Code   RO          660    .ARM.Collect$$libshutdown$$00000010  c_w.l(libshutdown2.o)
    0x08000182   0x08000182   0x00000000   Code   RO          476    .ARM.Collect$$rtentry$$00000000  c_w.l(__rtentry.o)
    0x08000182   0x08000182   0x00000000   Code   RO          489    .ARM.Collect$$rtentry$$00000002  c_w.l(__rtentry2.o)
    0x08000182   0x08000182   0x00000006   Code   RO          501    .ARM.Collect$$rtentry$$00000004  c_w.l(__rtentry4.o)
    0x08000188   0x08000188   0x00000000   Code   RO          491    .ARM.Collect$$rtentry$$00000009  c_w.l(__rtentry2.o)
    0x08000188   0x08000188   0x00000004   Code   RO          492    .ARM.Collect$$rtentry$$0000000A  c_w.l(__rtentry2.o)
    0x0800018c   0x0800018c   0x00000000   Code   RO          494    .ARM.Collect$$rtentry$$0000000C  c_w.l(__rtentry2.o)
    0x0800018c   0x0800018c   0x00000008   Code   RO          495    .ARM.Collect$$rtentry$$0000000D  c_w.l(__rtentry2.o)
    0x08000194   0x08000194   0x00000002   Code   RO          664    .ARM.Collect$$rtexit$$00000000  c_w.l(rtexit.o)
    0x08000196   0x08000196   0x00000000   Code   RO          712    .ARM.Collect$$rtexit$$00000002  c_w.l(rtexit2.o)
    0x08000196   0x08000196   0x00000004   Code   RO          713    .ARM.Collect$$rtexit$$00000003  c_w.l(rtexit2.o)
    0x0800019a   0x0800019a   0x00000006   Code   RO          714    .ARM.Collect$$rtexit$$00000004  c_w.l(rtexit2.o)
    0x080001a0   0x080001a0   0x00000000   Code   RO          718    .emb_text           c_w.l(maybetermalloc1.o)
    0x080001a0   0x080001a0   0x00000098   Code   RO            1    .text               main.o
    0x08000238   0x08000238   0x00000092   Code   RO          121    .text               stm32f10x_it.o
    0x080002ca   0x080002ca   0x00000002   PAD
    0x080002cc   0x080002cc   0x000000dc   Code   RO          156    .text               misc.o
    0x080003a8   0x080003a8   0x0000035c   Code   RO          237    .text               stm32f10x_gpio.o
    0x08000704   0x08000704   0x000003a4   Code   RO          255    .text               stm32f10x_rcc.o
    0x08000aa8   0x08000aa8   0x00000408   Code   RO          272    .text               stm32f10x_usart.o
    0x08000eb0   0x08000eb0   0x0000030c   Code   RO          287    .text               stm32f10x_spi.o
    0x080011bc   0x080011bc   0x000003a4   Code   RO          317    .text               23lc1024.o
    0x08001560   0x08001560   0x00000148   Code   RO          353    .text               setup.o
    0x080016a8   0x080016a8   0x000001e0   Code   RO          380    .text               system_stm32f10x.o
    0x08001888   0x08001888   0x00000040   Code   RO          401    .text               startup_stm32f10x_md.o
    0x080018c8   0x080018c8   0x000001a4   Code   RO          405    .text               retarget_io.o
    0x08001a6c   0x08001a6c   0x00000018   Code   RO          440    .text               c_w.l(noretval__2printf.o)
    0x08001a84   0x08001a84   0x00000068   Code   RO          442    .text               c_w.l(__printf.o)
    0x08001aec   0x08001aec   0x00000052   Code   RO          444    .text               c_w.l(_printf_str.o)
    0x08001b3e   0x08001b3e   0x0000003e   Code   RO          468    .text               c_w.l(strlen.o)
    0x08001b7c   0x08001b7c   0x00000080   Code   RO          470    .text               c_w.l(strcmpv7m.o)
    0x08001bfc   0x08001bfc   0x00000006   Code   RO          472    .text               c_w.l(heapauxi.o)
    0x08001c02   0x08001c02   0x0000002c   Code   RO          477    .text               c_w.l(_printf_char.o)
    0x08001c2e   0x08001c2e   0x00000002   PAD
    0x08001c30   0x08001c30   0x00000024   Code   RO          479    .text               c_w.l(_printf_char_file.o)
    0x08001c54   0x08001c54   0x00000030   Code   RO          503    .text               c_w.l(_printf_char_common.o)
    0x08001c84   0x08001c84   0x00000008   Code   RO          505    .text               c_w.l(ferror.o)
    0x08001c8c   0x08001c8c   0x00000138   Code   RO          507    .text               c_w.l(initio.o)
    0x08001dc4   0x08001dc4   0x0000004a   Code   RO          515    .text               c_w.l(sys_stackheap_outer.o)
    0x08001e0e   0x08001e0e   0x0000004e   Code   RO          519    .text               c_w.l(h1_free.o)
    0x08001e5c   0x08001e5c   0x00000046   Code   RO          575    .text               c_w.l(setvbuf.o)
    0x08001ea2   0x08001ea2   0x00000002   PAD
    0x08001ea4   0x08001ea4   0x000000ec   Code   RO          578    .text               c_w.l(fopen.o)
    0x08001f90   0x08001f90   0x0000004c   Code   RO          580    .text               c_w.l(fclose.o)
    0x08001fdc   0x08001fdc   0x00000012   Code   RO          586    .text               c_w.l(exit.o)
    0x08001fee   0x08001fee   0x0000000e   Code   RO          588    .text               c_w.l(defsig_rtred_outer.o)
    0x08001ffc   0x08001ffc   0x0000004e   Code   RO          592    .text               c_w.l(rt_memclr_w.o)
    0x0800204a   0x0800204a   0x00000002   PAD
    0x0800204c   0x0800204c   0x00000008   Code   RO          661    .text               c_w.l(libspace.o)
    0x08002054   0x08002054   0x00000008   Code   RO          671    .text               c_w.l(rt_heap_descriptor_intlibspace.o)
    0x0800205c   0x0800205c   0x00000004   Code   RO          673    .text               c_w.l(hguard.o)
    0x08002060   0x08002060   0x0000008a   Code   RO          675    .text               c_w.l(init_alloc.o)
    0x080020ea   0x080020ea   0x0000005e   Code   RO          681    .text               c_w.l(h1_alloc.o)
    0x08002148   0x08002148   0x000000f8   Code   RO          695    .text               c_w.l(fseek.o)
    0x08002240   0x08002240   0x000000f0   Code   RO          697    .text               c_w.l(stdio.o)
    0x08002330   0x08002330   0x0000000a   Code   RO          699    .text               c_w.l(defsig_exit.o)
    0x0800233a   0x0800233a   0x00000002   PAD
    0x0800233c   0x0800233c   0x00000034   Code   RO          701    .text               c_w.l(defsig_rtred_inner.o)
    0x08002370   0x08002370   0x0000000c   Code   RO          709    .text               c_w.l(sys_exit.o)
    0x0800237c   0x0800237c   0x0000000e   Code   RO          720    .text               c_w.l(h1_init.o)
    0x0800238a   0x0800238a   0x00000034   Code   RO          722    .text               c_w.l(h1_extend.o)
    0x080023be   0x080023be   0x00000042   Code   RO          728    .text               c_w.l(ftell.o)
    0x08002400   0x08002400   0x00000032   Code   RO          732    .text               c_w.l(defsig_general.o)
    0x08002432   0x08002432   0x0000000e   Code   RO          734    .text               c_w.l(defsig_rtmem_outer.o)
    0x08002440   0x08002440   0x00000002   Code   RO          749    .text               c_w.l(use_no_semi.o)
    0x08002442   0x08002442   0x00000000   Code   RO          751    .text               c_w.l(indicate_semi.o)
    0x08002442   0x08002442   0x00000002   PAD
    0x08002444   0x08002444   0x00000008   Code   RO          755    .text               c_w.l(rt_errno_addr_intlibspace.o)
    0x0800244c   0x0800244c   0x00000050   Code   RO          761    .text               c_w.l(defsig_rtmem_inner.o)
    0x0800249c   0x0800249c   0x00000017   Data   RO          406    .constdata          retarget_io.o
    0x080024b3   0x080024b3   0x00000001   PAD
    0x080024b4   0x080024b4   0x00000020   Data   RO          786    Region$$Table       anon$$obj.o


    Execution Region RW_IRAM1 (Exec base: 0x20000000, Load base: 0x080024d4, Size: 0x00000848, Max: 0x00005000, ABSOLUTE)

    Exec Addr    Load Addr    Size         Type   Attr      Idx    E Section Name        Object

    0x20000000   0x080024d4   0x00000026   Data   RW            3    .data               main.o
    0x20000026   0x080024fa   0x00000014   Data   RW          256    .data               stm32f10x_rcc.o
    0x2000003a   0x0800250e   0x00000001   Data   RW          318    .data               23lc1024.o
    0x2000003b   0x0800250f   0x00000001   PAD
    0x2000003c   0x08002510   0x00000008   Data   RW          355    .data               setup.o
    0x20000044   0x08002518   0x00000014   Data   RW          381    .data               system_stm32f10x.o
    0x20000058   0x0800252c   0x00000004   Data   RW          485    .data               c_w.l(stdio_streams.o)
    0x2000005c   0x08002530   0x00000004   Data   RW          486    .data               c_w.l(stdio_streams.o)
    0x20000060   0x08002534   0x00000004   Data   RW          487    .data               c_w.l(stdio_streams.o)
    0x20000064        -       0x00000064   Zero   RW            2    .bss                main.o
    0x200000c8        -       0x00000022   Zero   RW          354    .bss                setup.o
    0x200000ea   0x08002538   0x00000002   PAD
    0x200000ec        -       0x00000054   Zero   RW          482    .bss                c_w.l(stdio_streams.o)
    0x20000140        -       0x00000054   Zero   RW          483    .bss                c_w.l(stdio_streams.o)
    0x20000194        -       0x00000054   Zero   RW          484    .bss                c_w.l(stdio_streams.o)
    0x200001e8        -       0x00000060   Zero   RW          662    .bss                c_w.l(libspace.o)
    0x20000248        -       0x00000200   Zero   RW          399    HEAP                startup_stm32f10x_md.o
    0x20000448        -       0x00000400   Zero   RW          398    STACK               startup_stm32f10x_md.o


==============================================================================

Image component sizes


      Code (inc. data)   RO Data    RW Data    ZI Data      Debug   Object Name

       932         22          0          1          0       7289   23lc1024.o
         0          0          0          0          0         32   core_cm3.o
       152         24          0         38        100     209320   main.o
       220         22          0          0          0      34273   misc.o
       420         24         23          0          0       4067   retarget_io.o
       328         32          0          8         34       1546   setup.o
        64         26        236          0       1536        924   startup_stm32f10x_md.o
       860         38          0          0          0      14413   stm32f10x_gpio.o
       146          0          0          0          0     209208   stm32f10x_it.o
       932         36          0         20          0      18008   stm32f10x_rcc.o
       780         14          0          0          0      13842   stm32f10x_spi.o
      1032         22          0          0          0      14820   stm32f10x_usart.o
       480         38          0         20          0       2087   system_stm32f10x.o

    ----------------------------------------------------------------------
      6348        298        292         88       1672     529829   Object Totals
         0          0         32          0          0          0   (incl. Generated)
         2          0          1          1          2          0   (incl. Padding)

    ----------------------------------------------------------------------

      Code (inc. data)   RO Data    RW Data    ZI Data      Debug   Library Member Name

         8          0          0          0          0         68   __main.o
       104          0          0          0          0         84   __printf.o
         0          0          0          0          0          0   __rtentry.o
        12          0          0          0          0          0   __rtentry2.o
         6          0          0          0          0          0   __rtentry4.o
        52          8          0          0          0          0   __scatter.o
        26          0          0          0          0          0   __scatter_copy.o
        28          0          0          0          0          0   __scatter_zi.o
         6          0          0          0          0          0   _printf_c.o
        44          0          0          0          0        108   _printf_char.o
        48          6          0          0          0         96   _printf_char_common.o
        36          4          0          0          0         80   _printf_char_file.o
         0          0          0          0          0          0   _printf_percent.o
         4          0          0          0          0          0   _printf_percent_end.o
        82          0          0          0          0         80   _printf_str.o
        10          0          0          0          0         68   defsig_exit.o
        50          0          0          0          0         88   defsig_general.o
        80         58          0          0          0         76   defsig_rtmem_inner.o
        14          0          0          0          0         80   defsig_rtmem_outer.o
        52         38          0          0          0         76   defsig_rtred_inner.o
        14          0          0          0          0         80   defsig_rtred_outer.o
        18          0          0          0          0         80   exit.o
        76          0          0          0          0         88   fclose.o
         8          0          0          0          0         68   ferror.o
       236          4          0          0          0        128   fopen.o
       248          6          0          0          0         84   fseek.o
        66          0          0          0          0         76   ftell.o
        94          0          0          0          0         80   h1_alloc.o
        52          0          0          0          0         68   h1_extend.o
        78          0          0          0          0         80   h1_free.o
        14          0          0          0          0         84   h1_init.o
         6          0          0          0          0        152   heapauxi.o
         4          0          0          0          0        136   hguard.o
         0          0          0          0          0          0   indicate_semi.o
       138          0          0          0          0        168   init_alloc.o
       312         46          0          0          0        112   initio.o
         2          0          0          0          0          0   libinit.o
        14          0          0          0          0          0   libinit2.o
         2          0          0          0          0          0   libshutdown.o
         6          0          0          0          0          0   libshutdown2.o
         8          4          0          0         96         68   libspace.o
         0          0          0          0          0          0   maybetermalloc1.o
        24          4          0          0          0         84   noretval__2printf.o
         8          4          0          0          0         68   rt_errno_addr_intlibspace.o
         8          4          0          0          0         68   rt_heap_descriptor_intlibspace.o
        78          0          0          0          0         80   rt_memclr_w.o
         2          0          0          0          0          0   rtexit.o
        10          0          0          0          0          0   rtexit2.o
        70          0          0          0          0         80   setvbuf.o
       240          6          0          0          0        156   stdio.o
         0          0          0         12        252          0   stdio_streams.o
       128          0          0          0          0         68   strcmpv7m.o
        62          0          0          0          0         76   strlen.o
        12          4          0          0          0         68   sys_exit.o
        74          0          0          0          0         80   sys_stackheap_outer.o
         2          0          0          0          0         68   use_no_semi.o

    ----------------------------------------------------------------------
      2788        196          0         12        348       3352   Library Totals
        12          0          0          0          0          0   (incl. Padding)

    ----------------------------------------------------------------------

      Code (inc. data)   RO Data    RW Data    ZI Data      Debug   Library Name

      2776        196          0         12        348       3352   c_w.l

    ----------------------------------------------------------------------
      2788        196          0         12        348       3352   Library Totals

    ----------------------------------------------------------------------

==============================================================================


      Code (inc. data)   RO Data    RW Data    ZI Data      Debug   

      9136        494        292        100       2020     530525   Grand Totals
      9136        494        292        100       2020     530525   ELF Image Totals
      9136        494        292        100          0          0   ROM Totals

==============================================================================

    Total RO  Size (Code + RO Data)                 9428 (   9.21kB)
    Total RW  Size (RW Data + ZI Data)              2120 (   2.07kB)
    Total ROM Size (Code + RO Data + RW Data)       9528 (   9.30kB)

==============================================================================

