Component: ARM Compiler 5.06 update 1 (build 61) Tool: armlink [4d35a8]

==============================================================================

Section Cross References

    main.o(i.EmptyString) refers to main.o(.bss) for Stringkey
    main.o(i.Inform_Select_Mode) refers to lcd.o(i.Delete_LCD) for Delete_LCD
    main.o(i.Inform_Select_Mode) refers to lcd.o(i.lcd_goto_XY) for lcd_goto_XY
    main.o(i.Inform_Select_Mode) refers to lcd.o(i.lcd_send_string) for lcd_send_string
    main.o(i.USART2_IRQHandler) refers to stm32f10x_usart.o(i.USART_GetITStatus) for USART_GetITStatus
    main.o(i.USART2_IRQHandler) refers to stm32f10x_usart.o(i.USART_ClearITPendingBit) for USART_ClearITPendingBit
    main.o(i.USART2_IRQHandler) refers to stm32f10x_usart.o(i.USART_ReceiveData) for USART_ReceiveData
    main.o(i.USART2_IRQHandler) refers to lcd.o(i.Delete_LCD) for Delete_LCD
    main.o(i.USART2_IRQHandler) refers to lcd.o(i.lcd_goto_XY) for lcd_goto_XY
    main.o(i.USART2_IRQHandler) refers to lcd.o(i.lcd_Data_Write) for lcd_Data_Write
    main.o(i.USART2_IRQHandler) refers to main.o(.data) for _readdata
    main.o(i.USART2_IRQHandler) refers to main.o(.bss) for Stringkey
    main.o(i.main) refers to lcd.o(i.i2c_init) for i2c_init
    main.o(i.main) refers to lcd.o(i.lcd_init) for lcd_init
    main.o(i.main) refers to main.o(i.Inform_Select_Mode) for Inform_Select_Mode
    main.o(i.main) refers to keyboard.o(i.NVIC_Configuration) for NVIC_Configuration
    main.o(i.main) refers to keyboard.o(i.EnableUart_2) for EnableUart_2
    main.o(i.main) refers to lcd.o(i.delaychung) for delaychung
    main.o(i.main) refers to lcd.o(i.Delete_LCD) for Delete_LCD
    main.o(i.main) refers to keyboard.o(i._send) for _send
    main.o(i.main) refers to keyboard.o(i._SendString) for _SendString
    main.o(i.main) refers to main.o(i.EmptyString) for EmptyString
    main.o(i.main) refers to main.o(.data) for _readdata
    main.o(i.main) refers to main.o(.bss) for Stringkey
    lcd.o(i.Delete_LCD) refers to lcd.o(i.lcd_Control_Write) for lcd_Control_Write
    lcd.o(i.Delete_LCD) refers to lcd.o(i.delaychung) for delaychung
    lcd.o(i.Setdefaultled) refers to stm32f10x_rcc.o(i.RCC_APB2PeriphClockCmd) for RCC_APB2PeriphClockCmd
    lcd.o(i.Setdefaultled) refers to stm32f10x_gpio.o(i.GPIO_Init) for GPIO_Init
    lcd.o(i.Setdefaultled) refers to stm32f10x_gpio.o(i.GPIO_ResetBits) for GPIO_ResetBits
    lcd.o(i.Setdefaultled) refers to lcd.o(.data) for GPIO_InitStructure
    lcd.o(i.i2c_init) refers to stm32f10x_rcc.o(i.RCC_APB1PeriphClockCmd) for RCC_APB1PeriphClockCmd
    lcd.o(i.i2c_init) refers to stm32f10x_rcc.o(i.RCC_APB2PeriphClockCmd) for RCC_APB2PeriphClockCmd
    lcd.o(i.i2c_init) refers to stm32f10x_gpio.o(i.GPIO_Init) for GPIO_Init
    lcd.o(i.i2c_init) refers to stm32f10x_i2c.o(i.I2C_Init) for I2C_Init
    lcd.o(i.i2c_init) refers to stm32f10x_i2c.o(i.I2C_Cmd) for I2C_Cmd
    lcd.o(i.i2c_init) refers to lcd.o(.data) for GPIO_InitStructure
    lcd.o(i.i2c_init) refers to lcd.o(.bss) for I2C_InitStructure
    lcd.o(i.lcd_Control_Write) refers to lcd.o(i.lcd_Write_byte) for lcd_Write_byte
    lcd.o(i.lcd_Data_Write) refers to lcd.o(i.lcd_Write_byte) for lcd_Write_byte
    lcd.o(i.lcd_Write_byte) refers to stm32f10x_i2c.o(i.I2C_GenerateSTART) for I2C_GenerateSTART
    lcd.o(i.lcd_Write_byte) refers to stm32f10x_i2c.o(i.I2C_CheckEvent) for I2C_CheckEvent
    lcd.o(i.lcd_Write_byte) refers to stm32f10x_i2c.o(i.I2C_Send7bitAddress) for I2C_Send7bitAddress
    lcd.o(i.lcd_Write_byte) refers to stm32f10x_i2c.o(i.I2C_SendData) for I2C_SendData
    lcd.o(i.lcd_Write_byte) refers to stm32f10x_i2c.o(i.I2C_GenerateSTOP) for I2C_GenerateSTOP
    lcd.o(i.lcd_goto_XY) refers to lcd.o(i.lcd_Control_Write) for lcd_Control_Write
    lcd.o(i.lcd_init) refers to lcd.o(i.lcd_Control_Write) for lcd_Control_Write
    lcd.o(i.lcd_init) refers to lcd.o(i.delaychung) for delaychung
    lcd.o(i.lcd_send_string) refers to lcd.o(i.lcd_Data_Write) for lcd_Data_Write
    keyboard.o(i.EnableUart_2) refers to stm32f10x_rcc.o(i.RCC_APB2PeriphClockCmd) for RCC_APB2PeriphClockCmd
    keyboard.o(i.EnableUart_2) refers to stm32f10x_rcc.o(i.RCC_APB1PeriphClockCmd) for RCC_APB1PeriphClockCmd
    keyboard.o(i.EnableUart_2) refers to stm32f10x_gpio.o(i.GPIO_Init) for GPIO_Init
    keyboard.o(i.EnableUart_2) refers to stm32f10x_usart.o(i.USART_Init) for USART_Init
    keyboard.o(i.EnableUart_2) refers to stm32f10x_usart.o(i.USART_ITConfig) for USART_ITConfig
    keyboard.o(i.EnableUart_2) refers to stm32f10x_usart.o(i.USART_Cmd) for USART_Cmd
    keyboard.o(i.EnableUart_2) refers to keyboard.o(.data) for GPIO_InitStruct
    keyboard.o(i.EnableUart_2) refers to keyboard.o(.bss) for USART_InitStructure
    keyboard.o(i.NVIC_Configuration) refers to misc.o(i.NVIC_Init) for NVIC_Init
    keyboard.o(i._SendString) refers to keyboard.o(i._send) for _send
    keyboard.o(i._send) refers to stm32f10x_usart.o(i.USART_SendData) for USART_SendData
[...]
    Removing rt_cmsis.o(i.svcKernelRunning), (12 bytes).
    Removing rt_cmsis.o(i.svcKernelSysTick), (56 bytes).
    Removing rt_cmsis.o(i.svcMailCreate), (66 bytes).
    Removing rt_cmsis.o(i.svcMessagePut), (54 bytes).
    Removing rt_cmsis.o(i.svcMutexCreate), (28 bytes).
    Removing rt_cmsis.o(i.svcMutexDelete), (26 bytes).
    Removing rt_cmsis.o(i.svcMutexRelease), (34 bytes).
    Removing rt_cmsis.o(i.svcMutexWait), (54 bytes).
    Removing rt_cmsis.o(i.svcPoolCreate), (40 bytes).
    Removing rt_cmsis.o(i.svcSemaphoreCreate), (36 bytes).
    Removing rt_cmsis.o(i.svcSemaphoreDelete), (26 bytes).
    Removing rt_cmsis.o(i.svcSemaphoreRelease), (40 bytes).
    Removing rt_cmsis.o(i.svcSemaphoreWait), (50 bytes).
    Removing rt_cmsis.o(i.svcSignalClear), (36 bytes).
    Removing rt_cmsis.o(i.svcSignalSet), (36 bytes).
    Removing rt_cmsis.o(i.svcSignalWait), (84 bytes).
    Removing rt_cmsis.o(i.svcThreadGetPriority), (18 bytes).
    Removing rt_cmsis.o(i.svcThreadSetPriority), (46 bytes).
    Removing rt_cmsis.o(i.svcThreadYield), (10 bytes).
    Removing rt_cmsis.o(i.svcTimerCreate), (56 bytes).
    Removing rt_cmsis.o(i.svcTimerDelete), (40 bytes).
    Removing rt_cmsis.o(i.svcTimerStart), (100 bytes).
    Removing rt_cmsis.o(i.svcTimerStop), (36 bytes).
    Removing rt_cmsis.o(i.sysMailAlloc), (88 bytes).
    Removing rt_cmsis.o(i.sysMailFree), (96 bytes).
    Removing rt_cmsis.o(i.sysPoolAlloc), (10 bytes).
    Removing rt_cmsis.o(i.sysPoolFree), (20 bytes).
    Removing rt_cmsis.o(i.sysUserTimerUpdate), (48 bytes).
    Removing rt_cmsis.o(i.sysUserTimerWakeupTime), (20 bytes).
    Removing rt_task.o(i.rt_tsk_pass), (48 bytes).
    Removing rt_mutex.o(i.rt_mut_delete), (176 bytes).
    Removing rt_mutex.o(i.rt_mut_init), (16 bytes).
    Removing rt_system.o(.emb_text), (0 bytes).
    Removing rt_system.o(i.os_tick_ovf), (16 bytes).
    Removing rt_system.o(i.os_tick_val), (20 bytes).
    Removing rt_system.o(i.rt_resume), (136 bytes).
    Removing rt_system.o(i.rt_suspend), (36 bytes).
    Removing rt_system.o(i.rt_tsk_lock), (80 bytes).
    Removing rt_system.o(i.rt_tsk_unlock), (80 bytes).
    Removing rt_event.o(i.isr_evt_set), (40 bytes).
    Removing rt_event.o(i.rt_evt_clr), (28 bytes).
    Removing rt_event.o(i.rt_evt_get), (12 bytes).
    Removing rt_event.o(i.rt_evt_set), (92 bytes).
    Removing rt_event.o(i.rt_evt_wait), (60 bytes).
    Removing rt_list.o(i.rt_get_same_rdy_prio), (36 bytes).
    Removing rt_mailbox.o(i.rt_mbx_send), (152 bytes).
    Removing rt_semaphore.o(i.isr_sem_send), (16 bytes).
    Removing rt_semaphore.o(i.rt_sem_delete), (92 bytes).
    Removing rt_semaphore.o(i.rt_sem_init), (12 bytes).
    Removing rt_semaphore.o(i.rt_sem_send), (42 bytes).
    Removing rt_semaphore.o(i.rt_sem_wait), (64 bytes).
    Removing rt_time.o(i.rt_dly_wait), (6 bytes).
    Removing rt_time.o(i.rt_itv_set), (24 bytes).
    Removing rt_time.o(i.rt_itv_wait), (40 bytes).
    Removing rt_time.o(i.rt_time_get), (12 bytes).
    Removing rt_membox.o(i._calloc_box), (30 bytes).

231 unused section(s) (total 7106 bytes) removed from the image.

==============================================================================

Image Symbol Table

    Local Symbols

    Symbol Name                              Value     Ov Type        Size  Object(Section)

    ../clib/angel/boardlib.s                 0x00000000   Number         0  boardinit2.o ABSOLUTE
    ../clib/angel/boardlib.s                 0x00000000   Number         0  boardinit1.o ABSOLUTE
    ../clib/angel/boardlib.s                 0x00000000   Number         0  boardshut.o ABSOLUTE
    ../clib/angel/handlers.s                 0x00000000   Number         0  __scatter_copy.o ABSOLUTE
    ../clib/angel/handlers.s                 0x00000000   Number         0  __scatter_zi.o ABSOLUTE
    ../clib/angel/kernel.s                   0x00000000   Number         0  __rtentry4.o ABSOLUTE
    ../clib/angel/kernel.s                   0x00000000   Number         0  rtexit2.o ABSOLUTE
    ../clib/angel/kernel.s                   0x00000000   Number         0  __rtentry.o ABSOLUTE
    ../clib/angel/kernel.s                   0x00000000   Number         0  rtexit.o ABSOLUTE
    ../clib/angel/kernel.s                   0x00000000   Number         0  __rtentry2.o ABSOLUTE
    ../clib/angel/rt.s                       0x00000000   Number         0  rt_div0.o ABSOLUTE
    ../clib/angel/rt.s                       0x00000000   Number         0  rt_raise.o ABSOLUTE
    ../clib/angel/rt.s                       0x00000000   Number         0  aeabi_ldiv0.o ABSOLUTE
    ../clib/angel/rt.s                       0x00000000   Number         0  aeabi_ldiv0_sigfpe.o ABSOLUTE
    ../clib/angel/scatter.s                  0x00000000   Number         0  __scatter.o ABSOLUTE
    ../clib/angel/startup.s                  0x00000000   Number         0  __main.o ABSOLUTE
    ../clib/angel/sys.s                      0x00000000   Number         0  sys_stackheap_outer.o ABSOLUTE
    ../clib/angel/sys.s                      0x00000000   Number         0  use_no_semi.o ABSOLUTE
    ../clib/angel/sys.s                      0x00000000   Number         0  indicate_semi.o ABSOLUTE
    ../clib/angel/sys.s                      0x00000000   Number         0  libspace.o ABSOLUTE
    ../clib/angel/sysapp.c                   0x00000000   Number         0  sys_wrch.o ABSOLUTE
    ../clib/angel/sysapp.c                   0x00000000   Number         0  sys_exit.o ABSOLUTE
    ../clib/angel/sysapp.c                   0x00000000   Number         0  sys_command.o ABSOLUTE
    ../clib/armsys.c                         0x00000000   Number         0  argv_veneer.o ABSOLUTE
    ../clib/armsys.c                         0x00000000   Number         0  no_argv.o ABSOLUTE
    ../clib/armsys.c                         0x00000000   Number         0  _get_argv_nomalloc.o ABSOLUTE
    ../clib/armsys.c                         0x00000000   Number         0  argv_veneer.o ABSOLUTE
    ../clib/heapalloc.c                      0x00000000   Number         0  hrguard.o ABSOLUTE
    ../clib/heapaux.c                        0x00000000   Number         0  heapauxi.o ABSOLUTE
    ../clib/libinit.s                        0x00000000   Number         0  libshutdown2.o ABSOLUTE
    ../clib/libinit.s                        0x00000000   Number         0  libinit.o ABSOLUTE
    ../clib/libinit.s                        0x00000000   Number         0  libshutdown.o ABSOLUTE
    ../clib/libinit.s                        0x00000000   Number         0  libinit2.o ABSOLUTE
    ../clib/longlong.s                       0x00000000   Number         0  lludivv7m.o ABSOLUTE
    ../clib/signal.c                         0x00000000   Number         0  defsig_segv_inner.o ABSOLUTE
    ../clib/signal.c                         0x00000000   Number         0  defsig_cppl_inner.o ABSOLUTE
    ../clib/signal.c                         0x00000000   Number         0  defsig_pvfn_inner.o ABSOLUTE
    ../clib/signal.c                         0x00000000   Number         0  defsig_fpe_formal.o ABSOLUTE
    ../clib/signal.c                         0x00000000   Number         0  defsig_abrt_inner.o ABSOLUTE
    ../clib/signal.c                         0x00000000   Number         0  defsig_rtred_inner.o ABSOLUTE
    ../clib/signal.c                         0x00000000   Number         0  defsig_rtmem_inner.o ABSOLUTE
    ../clib/signal.c                         0x00000000   Number         0  defsig_rtmem_outer.o ABSOLUTE
    ../clib/signal.c                         0x00000000   Number         0  defsig_fpe_outer.o ABSOLUTE
    ../clib/signal.c                         0x00000000   Number         0  defsig_rtmem_formal.o ABSOLUTE
    ../clib/signal.c                         0x00000000   Number         0  __raise.o ABSOLUTE
    ../clib/signal.c                         0x00000000   Number         0  defsig_fpe_inner.o ABSOLUTE
    ../clib/signal.c                         0x00000000   Number         0  defsig_exit.o ABSOLUTE
    ../clib/signal.c                         0x00000000   Number         0  defsig_general.o ABSOLUTE
    ../clib/signal.c                         0x00000000   Number         0  defsig_stak_inner.o ABSOLUTE
    ../clib/signal.c                         0x00000000   Number         0  defsig_other.o ABSOLUTE
    ../clib/signal.s                         0x00000000   Number         0  defsig.o ABSOLUTE
    ../clib/stdlib.c                         0x00000000   Number         0  exit.o ABSOLUTE
    ../fplib/fpinit.s                        0x00000000   Number         0  fpinit.o ABSOLUTE
    ..\HAL_CM.c                              0x00000000   Number         0  hal_cm.o ABSOLUTE
    ..\\rt_CMSIS.c                           0x00000000   Number         0  rt_cmsis.o ABSOLUTE
    ..\\rt_System.c                          0x00000000   Number         0  rt_system.o ABSOLUTE
    ..\rt_CMSIS.c                            0x00000000   Number         0  rt_cmsis.o ABSOLUTE
    ..\rt_Event.c                            0x00000000   Number         0  rt_event.o ABSOLUTE
    ..\rt_List.c                             0x00000000   Number         0  rt_list.o ABSOLUTE
    ..\rt_Mailbox.c                          0x00000000   Number         0  rt_mailbox.o ABSOLUTE
    ..\rt_MemBox.c                           0x00000000   Number         0  rt_membox.o ABSOLUTE
    ..\rt_Memory.c                           0x00000000   Number         0  rt_memory.o ABSOLUTE
    ..\rt_Mutex.c                            0x00000000   Number         0  rt_mutex.o ABSOLUTE
    ..\rt_Robin.c                            0x00000000   Number         0  rt_robin.o ABSOLUTE
    ..\rt_Semaphore.c                        0x00000000   Number         0  rt_semaphore.o ABSOLUTE
    ..\rt_System.c                           0x00000000   Number         0  rt_system.o ABSOLUTE
    ..\rt_Task.c                             0x00000000   Number         0  rt_task.o ABSOLUTE
    ..\rt_Time.c                             0x00000000   Number         0  rt_time.o ABSOLUTE
    C:\Keil_v5\ARM\PACK\Keil\STM32F1xx_DFP\2.2.0\Device\StdPeriph_Driver\src\misc.c 0x00000000   Number         0  misc.o ABSOLUTE
    C:\Keil_v5\ARM\PACK\Keil\STM32F1xx_DFP\2.2.0\Device\StdPeriph_Driver\src\stm32f10x_gpio.c 0x00000000   Number         0  stm32f10x_gpio.o ABSOLUTE
    C:\Keil_v5\ARM\PACK\Keil\STM32F1xx_DFP\2.2.0\Device\StdPeriph_Driver\src\stm32f10x_i2c.c 0x00000000   Number         0  stm32f10x_i2c.o ABSOLUTE
    C:\Keil_v5\ARM\PACK\Keil\STM32F1xx_DFP\2.2.0\Device\StdPeriph_Driver\src\stm32f10x_rcc.c 0x00000000   Number         0  stm32f10x_rcc.o ABSOLUTE
    C:\Keil_v5\ARM\PACK\Keil\STM32F1xx_DFP\2.2.0\Device\StdPeriph_Driver\src\stm32f10x_usart.c 0x00000000   Number         0  stm32f10x_usart.o ABSOLUTE
    C:\\Keil_v5\\ARM\\PACK\\Keil\\STM32F1xx_DFP\\2.2.0\\Device\\StdPeriph_Driver\\src\\misc.c 0x00000000   Number         0  misc.o ABSOLUTE
    C:\\Keil_v5\\ARM\\PACK\\Keil\\STM32F1xx_DFP\\2.2.0\\Device\\StdPeriph_Driver\\src\\stm32f10x_gpio.c 0x00000000   Number         0  stm32f10x_gpio.o ABSOLUTE
    C:\\Keil_v5\\ARM\\PACK\\Keil\\STM32F1xx_DFP\\2.2.0\\Device\\StdPeriph_Driver\\src\\stm32f10x_i2c.c 0x00000000   Number         0  stm32f10x_i2c.o ABSOLUTE
    C:\\Keil_v5\\ARM\\PACK\\Keil\\STM32F1xx_DFP\\2.2.0\\Device\\StdPeriph_Driver\\src\\stm32f10x_rcc.c 0x00000000   Number         0  stm32f10x_rcc.o ABSOLUTE
    C:\\Keil_v5\\ARM\\PACK\\Keil\\STM32F1xx_DFP\\2.2.0\\Device\\StdPeriph_Driver\\src\\stm32f10x_usart.c 0x00000000   Number         0  stm32f10x_usart.o ABSOLUTE
    HAL_CM3.c                                0x00000000   Number         0  hal_cm3.o ABSOLUTE
    HAL_CM3.c                                0x00000000   Number         0  hal_cm3.o ABSOLUTE
    RTE\CMSIS\RTX_Conf_CM.c                  0x00000000   Number         0  rtx_conf_cm.o ABSOLUTE
    RTE\Device\STM32F103C8\startup_stm32f10x_md.s 0x00000000   Number         0  startup_stm32f10x_md.o ABSOLUTE
    RTE\Device\STM32F103C8\system_stm32f10x.c 0x00000000   Number         0  system_stm32f10x.o ABSOLUTE
    RTE\\CMSIS\\RTX_Conf_CM.c                0x00000000   Number         0  rtx_conf_cm.o ABSOLUTE
    RTE\\Device\\STM32F103C8\\system_stm32f10x.c 0x00000000   Number         0  system_stm32f10x.o ABSOLUTE
    SVC_Table.s                              0x00000000   Number         0  svc_table.o ABSOLUTE
    dc.s                                     0x00000000   Number         0  dc.o ABSOLUTE
    keyboard.c                               0x00000000   Number         0  keyboard.o ABSOLUTE
    keyboard.c                               0x00000000   Number         0  keyboard.o ABSOLUTE
    lcd.c                                    0x00000000   Number         0  lcd.o ABSOLUTE
    lcd.c                                    0x00000000   Number         0  lcd.o ABSOLUTE
    main.c                                   0x00000000   Number         0  main.o ABSOLUTE
    main.c                                   0x00000000   Number         0  main.o ABSOLUTE
    RESET                                    0x08000000   Section      236  startup_stm32f10x_md.o(RESET)
    !!!main                                  0x080000ec   Section        8  __main.o(!!!main)
    !!!scatter                               0x080000f4   Section       52  __scatter.o(!!!scatter)
    !!handler_copy                           0x08000128   Section       26  __scatter_copy.o(!!handler_copy)
    !!handler_zi                             0x08000144   Section       28  __scatter_zi.o(!!handler_zi)
    .ARM.Collect$$libinit$$00000000          0x08000160   Section        2  libinit.o(.ARM.Collect$$libinit$$00000000)
    .ARM.Collect$$libinit$$00000002          0x08000162   Section        0  libinit2.o(.ARM.Collect$$libinit$$00000002)
    .ARM.Collect$$libinit$$00000004          0x08000162   Section        0  libinit2.o(.ARM.Collect$$libinit$$00000004)
    .ARM.Collect$$libinit$$0000000A          0x08000162   Section        0  libinit2.o(.ARM.Collect$$libinit$$0000000A)
    .ARM.Collect$$libinit$$0000000C          0x08000162   Section        0  libinit2.o(.ARM.Collect$$libinit$$0000000C)
    .ARM.Collect$$libinit$$0000000E          0x08000162   Section        0  libinit2.o(.ARM.Collect$$libinit$$0000000E)
    .ARM.Collect$$libinit$$00000011          0x08000162   Section        0  libinit2.o(.ARM.Collect$$libinit$$00000011)
    .ARM.Collect$$libinit$$00000013          0x08000162   Section        0  libinit2.o(.ARM.Collect$$libinit$$00000013)
    .ARM.Collect$$libinit$$00000015          0x08000162   Section        0  libinit2.o(.ARM.Collect$$libinit$$00000015)
    .ARM.Collect$$libinit$$00000017          0x08000162   Section        0  libinit2.o(.ARM.Collect$$libinit$$00000017)
    .ARM.Collect$$libinit$$00000019          0x08000162   Section        0  libinit2.o(.ARM.Collect$$libinit$$00000019)
    .ARM.Collect$$libinit$$0000001B          0x08000162   Section        0  libinit2.o(.ARM.Collect$$libinit$$0000001B)
    .ARM.Collect$$libinit$$0000001D          0x08000162   Section        0  libinit2.o(.ARM.Collect$$libinit$$0000001D)
    .ARM.Collect$$libinit$$0000001F          0x08000162   Section        0  libinit2.o(.ARM.Collect$$libinit$$0000001F)
    .ARM.Collect$$libinit$$00000021          0x08000162   Section        0  libinit2.o(.ARM.Collect$$libinit$$00000021)
    .ARM.Collect$$libinit$$00000023          0x08000162   Section        0  libinit2.o(.ARM.Collect$$libinit$$00000023)
    .ARM.Collect$$libinit$$00000025          0x08000162   Section        0  libinit2.o(.ARM.Collect$$libinit$$00000025)
    .ARM.Collect$$libinit$$0000002C          0x08000162   Section        0  libinit2.o(.ARM.Collect$$libinit$$0000002C)
    .ARM.Collect$$libinit$$0000002E          0x08000162   Section        0  libinit2.o(.ARM.Collect$$libinit$$0000002E)
    .ARM.Collect$$libinit$$00000030          0x08000162   Section        0  libinit2.o(.ARM.Collect$$libinit$$00000030)
    .ARM.Collect$$libinit$$00000032          0x08000162   Section        0  libinit2.o(.ARM.Collect$$libinit$$00000032)
    .ARM.Collect$$libinit$$00000033          0x08000162   Section        2  libinit2.o(.ARM.Collect$$libinit$$00000033)
    .ARM.Collect$$libshutdown$$00000000      0x08000164   Section        2  libshutdown.o(.ARM.Collect$$libshutdown$$00000000)
    .ARM.Collect$$libshutdown$$00000002      0x08000166   Section        0  libshutdown2.o(.ARM.Collect$$libshutdown$$00000002)
    .ARM.Collect$$libshutdown$$00000004      0x08000166   Section        0  libshutdown2.o(.ARM.Collect$$libshutdown$$00000004)
    .ARM.Collect$$libshutdown$$00000007      0x08000166   Section        0  libshutdown2.o(.ARM.Collect$$libshutdown$$00000007)
    .ARM.Collect$$libshutdown$$0000000A      0x08000166   Section        0  libshutdown2.o(.ARM.Collect$$libshutdown$$0000000A)
    .ARM.Collect$$libshutdown$$0000000C      0x08000166   Section        0  libshutdown2.o(.ARM.Collect$$libshutdown$$0000000C)
    .ARM.Collect$$libshutdown$$0000000F      0x08000166   Section        0  libshutdown2.o(.ARM.Collect$$libshutdown$$0000000F)
    .ARM.Collect$$libshutdown$$00000010      0x08000166   Section        2  libshutdown2.o(.ARM.Collect$$libshutdown$$00000010)
    .ARM.Collect$$rtentry$$00000000          0x08000168   Section        0  __rtentry.o(.ARM.Collect$$rtentry$$00000000)
    .ARM.Collect$$rtentry$$00000002          0x08000168   Section        0  __rtentry2.o(.ARM.Collect$$rtentry$$00000002)
    .ARM.Collect$$rtentry$$00000004          0x08000168   Section        6  __rtentry4.o(.ARM.Collect$$rtentry$$00000004)
    .ARM.Collect$$rtentry$$00000009          0x0800016e   Section        0  __rtentry2.o(.ARM.Collect$$rtentry$$00000009)
    .ARM.Collect$$rtentry$$0000000A          0x0800016e   Section        4  __rtentry2.o(.ARM.Collect$$rtentry$$0000000A)
    .ARM.Collect$$rtentry$$0000000B          0x08000172   Section        8  __rtentry2.o(.ARM.Collect$$rtentry$$0000000B)
    .ARM.Collect$$rtentry$$0000000D          0x0800017a   Section        8  __rtentry2.o(.ARM.Collect$$rtentry$$0000000D)
    .ARM.Collect$$rtexit$$00000000           0x08000182   Section        2  rtexit.o(.ARM.Collect$$rtexit$$00000000)
    .ARM.Collect$$rtexit$$00000002           0x08000184   Section        0  rtexit2.o(.ARM.Collect$$rtexit$$00000002)
    .ARM.Collect$$rtexit$$00000003           0x08000184   Section        4  rtexit2.o(.ARM.Collect$$rtexit$$00000003)
    .ARM.Collect$$rtexit$$00000004           0x08000188   Section        6  rtexit2.o(.ARM.Collect$$rtexit$$00000004)
    .emb_text                                0x08000190   Section       28  rtx_conf_cm.o(.emb_text)
    .emb_text                                0x080001ac   Section      304  hal_cm3.o(.emb_text)
    .text                                    0x080002dc   Section       64  startup_stm32f10x_md.o(.text)
    .text                                    0x0800031c   Section        8  libspace.o(.text)
    .text                                    0x08000324   Section        0  exit.o(.text)
    .text                                    0x08000336   Section        0  heapauxi.o(.text)
    .text                                    0x0800033c   Section        0  sys_exit.o(.text)
    .text                                    0x08000348   Section       74  sys_stackheap_outer.o(.text)
    .text                                    0x08000392   Section        2  use_no_semi.o(.text)
    .text                                    0x08000394   Section        0  indicate_semi.o(.text)
    SVC_TABLE                                0x08000394   Section        4  svc_table.o(SVC_TABLE)
    i.Delete_LCD                             0x08000398   Section        0  lcd.o(i.Delete_LCD)
    i.EmptyString                            0x080003a8   Section        0  main.o(i.EmptyString)
    i.EnableUart_2                           0x080003c0   Section        0  keyboard.o(i.EnableUart_2)
    i.GPIO_Init                              0x08000438   Section        0  stm32f10x_gpio.o(i.GPIO_Init)
    i.I2C_CheckEvent                         0x0800054e   Section        0  stm32f10x_i2c.o(i.I2C_CheckEvent)
    i.I2C_Cmd                                0x08000578   Section        0  stm32f10x_i2c.o(i.I2C_Cmd)
    i.I2C_GenerateSTART                      0x08000590   Section        0  stm32f10x_i2c.o(i.I2C_GenerateSTART)
    i.I2C_GenerateSTOP                       0x080005a8   Section        0  stm32f10x_i2c.o(i.I2C_GenerateSTOP)
    i.I2C_Init                               0x080005c0   Section        0  stm32f10x_i2c.o(i.I2C_Init)
    i.I2C_Send7bitAddress                    0x080006ac   Section        0  stm32f10x_i2c.o(i.I2C_Send7bitAddress)
    i.I2C_SendData                           0x080006be   Section        0  stm32f10x_i2c.o(i.I2C_SendData)
    i.Inform_Select_Mode                     0x080006c4   Section        0  main.o(i.Inform_Select_Mode)
    i.NVIC_Configuration                     0x08000708   Section        0  keyboard.o(i.NVIC_Configuration)
    i.NVIC_Init                              0x08000724   Section        0  misc.o(i.NVIC_Init)
    i.RCC_APB1PeriphClockCmd                 0x08000794   Section        0  stm32f10x_rcc.o(i.RCC_APB1PeriphClockCmd)
    i.RCC_APB2PeriphClockCmd                 0x080007b4   Section        0  stm32f10x_rcc.o(i.RCC_APB2PeriphClockCmd)
    i.RCC_GetClocksFreq                      0x080007d4   Section        0  stm32f10x_rcc.o(i.RCC_GetClocksFreq)
    i.SetSysClock                            0x080008a8   Section        0  system_stm32f10x.o(i.SetSysClock)
    SetSysClock                              0x080008a9   Thumb Code     8  system_stm32f10x.o(i.SetSysClock)
    i.SetSysClockTo72                        0x080008b0   Section        0  system_stm32f10x.o(i.SetSysClockTo72)
    SetSysClockTo72                          0x080008b1   Thumb Code   214  system_stm32f10x.o(i.SetSysClockTo72)
    i.SystemInit                             0x08000990   Section        0  system_stm32f10x.o(i.SystemInit)
    i.USART2_IRQHandler                      0x080009f0   Section        0  main.o(i.USART2_IRQHandler)
    i.USART_ClearITPendingBit                0x08000aa0   Section        0  stm32f10x_usart.o(i.USART_ClearITPendingBit)
    i.USART_Cmd                              0x08000abe   Section        0  stm32f10x_usart.o(i.USART_Cmd)
    i.USART_GetFlagStatus                    0x08000ad6   Section        0  stm32f10x_usart.o(i.USART_GetFlagStatus)
    i.USART_GetITStatus                      0x08000af0   Section        0  stm32f10x_usart.o(i.USART_GetITStatus)
    i.USART_ITConfig                         0x08000b44   Section        0  stm32f10x_usart.o(i.USART_ITConfig)
    i.USART_Init                             0x08000b90   Section        0  stm32f10x_usart.o(i.USART_Init)
    i.USART_ReceiveData                      0x08000c68   Section        0  stm32f10x_usart.o(i.USART_ReceiveData)
    i.USART_SendData                         0x08000c72   Section        0  stm32f10x_usart.o(i.USART_SendData)
    i._SendString                            0x08000c7a   Section        0  keyboard.o(i._SendString)
    i._init_box                              0x08000c92   Section        0  rt_membox.o(i._init_box)
    i._mutex_acquire                         0x08000cd8   Section        0  rtx_conf_cm.o(i._mutex_acquire)
    __tagsym$$used                           0x08000cd9   Number         0  rtx_conf_cm.o(i._mutex_acquire)
    i._mutex_release                         0x08000cf8   Section        0  rtx_conf_cm.o(i._mutex_release)
    __tagsym$$used                           0x08000cf9   Number         0  rtx_conf_cm.o(i._mutex_release)
    i._send                                  0x08000d14   Section        0  keyboard.o(i._send)
    i.dbg_init                               0x08000d34   Section        0  hal_cm.o(i.dbg_init)
    i.dbg_task_notify                        0x08000d64   Section        0  hal_cm.o(i.dbg_task_notify)
    i.dbg_task_switch                        0x08000d84   Section        0  hal_cm.o(i.dbg_task_switch)
    i.delaychung                             0x08000d94   Section        0  lcd.o(i.delaychung)
    i.i2c_init                               0x08000dac   Section        0  lcd.o(i.i2c_init)
    i.isrMessageGet                          0x08000e14   Section        0  rt_cmsis.o(i.isrMessageGet)
    i.isrMessagePut                          0x08000e3e   Section        0  rt_cmsis.o(i.isrMessagePut)
    i.isr_mbx_receive                        0x08000e6c   Section        0  rt_mailbox.o(i.isr_mbx_receive)
    i.isr_mbx_send                           0x08000ebe   Section        0  rt_mailbox.o(i.isr_mbx_send)
    i.lcd_Control_Write                      0x08000ecc   Section        0  lcd.o(i.lcd_Control_Write)
    i.lcd_Data_Write                         0x08000f0e   Section        0  lcd.o(i.lcd_Data_Write)
    i.lcd_Write_byte                         0x08000f54   Section        0  lcd.o(i.lcd_Write_byte)
    i.lcd_goto_XY                            0x08000fb4   Section        0  lcd.o(i.lcd_goto_XY)
    i.lcd_init                               0x08000fda   Section        0  lcd.o(i.lcd_init)
    i.lcd_send_string                        0x08001032   Section        0  lcd.o(i.lcd_send_string)
    i.main                                   0x08001048   Section        0  main.o(i.main)
    i.osKernelInitialize                     0x08001130   Section        0  rt_cmsis.o(i.osKernelInitialize)
    i.osKernelStart                          0x08001154   Section        0  rt_cmsis.o(i.osKernelStart)
    i.osMessageGet                           0x080011c0   Section        0  rt_cmsis.o(i.osMessageGet)
    i.osThreadCreate                         0x080011d8   Section        0  rt_cmsis.o(i.osThreadCreate)
    i.osThreadExit                           0x08001208   Section        0  rt_cmsis.o(i.osThreadExit)
    i.osTimerCall                            0x08001220   Section        0  rt_cmsis.o(i.osTimerCall)
    i.osTimerThread                          0x0800122c   Section        0  rt_cmsis.o(i.osTimerThread)
    i.os_error                               0x08001258   Section        0  rtx_conf_cm.o(i.os_error)
    i.os_idle_demon                          0x0800127a   Section        0  rtx_conf_cm.o(i.os_idle_demon)
    i.os_tick_init                           0x08001280   Section        0  rt_system.o(i.os_tick_init)
    i.os_tick_irqack                         0x080012a8   Section        0  rt_system.o(i.os_tick_irqack)
    i.rt_alloc_box                           0x080012aa   Section        0  rt_membox.o(i.rt_alloc_box)
    i.rt_alloc_mem                           0x080012c4   Section        0  rt_memory.o(i.rt_alloc_mem)
    i.rt_block                               0x08001304   Section        0  rt_task.o(i.rt_block)
    i.rt_chk_robin                           0x0800133c   Section        0  rt_robin.o(i.rt_chk_robin)
    i.rt_dec_dly                             0x08001384   Section        0  rt_list.o(i.rt_dec_dly)
    i.rt_dispatch                            0x080013f4   Section        0  rt_task.o(i.rt_dispatch)
    i.rt_evt_psh                             0x08001438   Section        0  rt_event.o(i.rt_evt_psh)
    i.rt_free_box                            0x08001488   Section        0  rt_membox.o(i.rt_free_box)
    i.rt_free_mem                            0x080014b4   Section        0  rt_memory.o(i.rt_free_mem)
    i.rt_get_first                           0x080014dc   Section        0  rt_list.o(i.rt_get_first)
    i.rt_id2obj                              0x08001504   Section        0  rt_cmsis.o(i.rt_id2obj)
    rt_id2obj                                0x08001505   Thumb Code     8  rt_cmsis.o(i.rt_id2obj)
    i.rt_init_context                        0x0800150c   Section        0  rt_task.o(i.rt_init_context)
    rt_init_context                          0x0800150d   Thumb Code    66  rt_task.o(i.rt_init_context)
    i.rt_init_mem                            0x08001554   Section        0  rt_memory.o(i.rt_init_mem)
    i.rt_init_robin                          0x08001570   Section        0  rt_robin.o(i.rt_init_robin)
    i.rt_init_stack                          0x08001588   Section        0  hal_cm.o(i.rt_init_stack)
    i.rt_mbx_check                           0x08001608   Section        0  rt_mailbox.o(i.rt_mbx_check)
    i.rt_mbx_init                            0x08001610   Section        0  rt_mailbox.o(i.rt_mbx_init)
    i.rt_mbx_psh                             0x0800162c   Section        0  rt_mailbox.o(i.rt_mbx_psh)
    i.rt_mbx_wait                            0x0800171c   Section        0  rt_mailbox.o(i.rt_mbx_wait)
    i.rt_ms2tick                             0x080017d0   Section        0  rt_cmsis.o(i.rt_ms2tick)
    rt_ms2tick                               0x080017d1   Thumb Code    58  rt_cmsis.o(i.rt_ms2tick)
    i.rt_mut_release                         0x08001814   Section        0  rt_mutex.o(i.rt_mut_release)
    i.rt_mut_wait                            0x080018ec   Section        0  rt_mutex.o(i.rt_mut_wait)
    i.rt_pop_req                             0x08001954   Section        0  rt_system.o(i.rt_pop_req)
    i.rt_psh_req                             0x080019d0   Section        0  rt_system.o(i.rt_psh_req)
    i.rt_psq_enq                             0x080019f0   Section        0  rt_list.o(i.rt_psq_enq)
    i.rt_put_dly                             0x08001a4c   Section        0  rt_list.o(i.rt_put_dly)
    i.rt_put_prio                            0x08001a94   Section        0  rt_list.o(i.rt_put_prio)
    i.rt_put_rdy_first                       0x08001acc   Section        0  rt_list.o(i.rt_put_rdy_first)
    i.rt_resort_prio                         0x08001ae0   Section        0  rt_list.o(i.rt_resort_prio)
    i.rt_ret_val                             0x08001b14   Section        0  hal_cm.o(i.rt_ret_val)
    i.rt_ret_val2                            0x08001b1a   Section        0  hal_cm.o(i.rt_ret_val2)
    i.rt_rmv_dly                             0x08001b22   Section        0  rt_list.o(i.rt_rmv_dly)
    i.rt_rmv_list                            0x08001b4c   Section        0  rt_list.o(i.rt_rmv_list)
    i.rt_sem_psh                             0x08001b7c   Section        0  rt_semaphore.o(i.rt_sem_psh)
    i.rt_stk_check                           0x08001bb0   Section        0  rt_system.o(i.rt_stk_check)
    i.rt_switch_req                          0x08001bd4   Section        0  rt_task.o(i.rt_switch_req)
    i.rt_sys_init                            0x08001bfc   Section        0  rt_task.o(i.rt_sys_init)
    i.rt_sys_start                           0x08001cc8   Section        0  rt_task.o(i.rt_sys_start)
    i.rt_systick                             0x08001d40   Section        0  rt_system.o(i.rt_systick)
    i.rt_tid2ptcb                            0x08001d80   Section        0  rt_cmsis.o(i.rt_tid2ptcb)
    rt_tid2ptcb                              0x08001d81   Thumb Code    18  rt_cmsis.o(i.rt_tid2ptcb)
    i.rt_timer_insert                        0x08001d94   Section        0  rt_cmsis.o(i.rt_timer_insert)
    rt_timer_insert                          0x08001d95   Thumb Code    48  rt_cmsis.o(i.rt_timer_insert)
    i.rt_tsk_create                          0x08001dc8   Section        0  rt_task.o(i.rt_tsk_create)
    i.rt_tsk_delete                          0x08001e50   Section        0  rt_task.o(i.rt_tsk_delete)
    i.rt_tsk_prio                            0x08001fcc   Section        0  rt_task.o(i.rt_tsk_prio)
    i.rt_tsk_self                            0x08002048   Section        0  rt_task.o(i.rt_tsk_self)
    i.svcKernelInitialize                    0x08002058   Section        0  rt_cmsis.o(i.svcKernelInitialize)
    i.svcKernelStart                         0x080020c8   Section        0  rt_cmsis.o(i.svcKernelStart)
    i.svcMessageCreate                       0x08002110   Section        0  rt_cmsis.o(i.svcMessageCreate)
    i.svcMessageGet                          0x08002134   Section        0  rt_cmsis.o(i.svcMessageGet)
    i.svcThreadCreate                        0x08002170   Section        0  rt_cmsis.o(i.svcThreadCreate)
    i.svcThreadGetId                         0x080021e0   Section        0  rt_cmsis.o(i.svcThreadGetId)
    i.svcThreadTerminate                     0x080021fc   Section        0  rt_cmsis.o(i.svcThreadTerminate)
    i.svcTimerCall                           0x08002234   Section        0  rt_cmsis.o(i.svcTimerCall)
    i.sysTimerTick                           0x0800224c   Section        0  rt_cmsis.o(i.sysTimerTick)
    .constdata                               0x080022a8   Section       86  rtx_conf_cm.o(.constdata)
    __tagsym$$used                           0x080022c4   Number         0  rtx_conf_cm.o(.constdata)
    __tagsym$$used                           0x080022c8   Number         0  rtx_conf_cm.o(.constdata)
    __tagsym$$used                           0x080022cc   Number         0  rtx_conf_cm.o(.constdata)
    __tagsym$$used                           0x080022d0   Number         0  rtx_conf_cm.o(.constdata)
    .data                                    0x20000000   Section      100  main.o(.data)
    .data                                    0x20000064   Section        4  lcd.o(.data)
    .data                                    0x20000068   Section        4  keyboard.o(.data)
    .data                                    0x2000006c   Section       36  rtx_conf_cm.o(.data)
    nr_mutex                                 0x2000007c   Data           4  rtx_conf_cm.o(.data)
    .data                                    0x20000090   Section       20  stm32f10x_rcc.o(.data)
    APBAHBPrescTable                         0x20000090   Data          16  stm32f10x_rcc.o(.data)
    ADCPrescTable                            0x200000a0   Data           4  stm32f10x_rcc.o(.data)
    .data                                    0x200000a4   Section        8  rt_cmsis.o(.data)
    .data                                    0x200000ac   Section        8  rt_task.o(.data)
    .data                                    0x200000b4   Section        8  rt_system.o(.data)
    os_lock                                  0x200000b4   Data           1  rt_system.o(.data)
    os_psh_flag                              0x200000b5   Data           1  rt_system.o(.data)
    pend_flags                               0x200000b6   Data           1  rt_system.o(.data)
    .data                                    0x200000bc   Section        4  rt_time.o(.data)
    .data                                    0x200000c0   Section        8  rt_robin.o(.data)
    .data                                    0x200000c8   Section        1  hal_cm.o(.data)
    .bss                                     0x200000cc   Section      100  main.o(.bss)
    .bss                                     0x20000130   Section       16  lcd.o(.bss)
    .bss                                     0x20000140   Section       16  keyboard.o(.bss)
    .bss                                     0x20000150   Section     3016  rtx_conf_cm.o(.bss)
    std_libspace                             0x200009f8   Data         672  rtx_conf_cm.o(.bss)
    std_libmutex                             0x20000c98   Data         128  rtx_conf_cm.o(.bss)
    .bss                                     0x20000d18   Section       52  rt_task.o(.bss)
    .bss                                     0x20000d4c   Section       48  rt_list.o(.bss)
    .bss                                     0x20000d7c   Section       96  libspace.o(.bss)
    HEAP                                     0x20000de0   Section      512  startup_stm32f10x_md.o(HEAP)
    Heap_Mem                                 0x20000de0   Data         512  startup_stm32f10x_md.o(HEAP)
    STACK                                    0x20000fe0   Section     1024  startup_stm32f10x_md.o(STACK)
    Stack_Mem                                0x20000fe0   Data        1024  startup_stm32f10x_md.o(STACK)
    __initial_sp                             0x200013e0   Data           0  startup_stm32f10x_md.o(STACK)

    Global Symbols

    Symbol Name                              Value     Ov Type        Size  Object(Section)

    BuildAttributes$$THM_ISAv4$P$D$K$B$S$PE$A:L22UL41UL21$X:L11$S22US41US21$IEEE1$IW$USESV6$~STKCKD$USESV7$~SHL$OSPACE$ROPI$EBA8$UX$STANDARDLIB$REQ8$PRES8$EABIv2 0x00000000   Number         0  anon$$obj.o ABSOLUTE
    __ARM_use_no_argv                        0x00000000   Number         0  main.o ABSOLUTE
    __ARM_exceptions_init                     - Undefined Weak Reference
    __alloca_initialize                       - Undefined Weak Reference
    __arm_preinit_                            - Undefined Weak Reference
    __cpp_initialize__aeabi_                  - Undefined Weak Reference
    __cxa_finalize                            - Undefined Weak Reference
    __rt_locale                               - Undefined Weak Reference
    __sigvec_lookup                           - Undefined Weak Reference
    _atexit_init                              - Undefined Weak Reference
    _call_atexit_fns                          - Undefined Weak Reference
    _clock_init                               - Undefined Weak Reference
    _fp_trap_init                             - Undefined Weak Reference
    _fp_trap_shutdown                         - Undefined Weak Reference
    _get_lc_collate                           - Undefined Weak Reference
    _get_lc_ctype                             - Undefined Weak Reference
    _get_lc_monetary                          - Undefined Weak Reference
    _get_lc_numeric                           - Undefined Weak Reference
    _get_lc_time                              - Undefined Weak Reference
    _getenv_init                              - Undefined Weak Reference
    _handle_redirection                       - Undefined Weak Reference
    _init_alloc                               - Undefined Weak Reference
    _init_user_alloc                          - Undefined Weak Reference
    _initio                                   - Undefined Weak Reference
    _rand_init                                - Undefined Weak Reference
    _signal_finish                            - Undefined Weak Reference
    _signal_init                              - Undefined Weak Reference
    _terminate_alloc                          - Undefined Weak Reference
    _terminate_user_alloc                     - Undefined Weak Reference
    _terminateio                              - Undefined Weak Reference
    __Vectors_Size                           0x000000ec   Number         0  startup_stm32f10x_md.o ABSOLUTE
    __RL_RTX_VER                             0x00000480   Number         0  rt_system.o ABSOLUTE
    __Vectors                                0x08000000   Data           4  startup_stm32f10x_md.o(RESET)
    __Vectors_End                            0x080000ec   Data           0  startup_stm32f10x_md.o(RESET)
    __main                                   0x080000ed   Thumb Code     8  __main.o(!!!main)
    __scatterload                            0x080000f5   Thumb Code     0  __scatter.o(!!!scatter)
    __scatterload_rt2                        0x080000f5   Thumb Code    44  __scatter.o(!!!scatter)
    __scatterload_rt2_thumb_only             0x080000f5   Thumb Code     0  __scatter.o(!!!scatter)
    __scatterload_null                       0x08000103   Thumb Code     0  __scatter.o(!!!scatter)
    __scatterload_copy                       0x08000129   Thumb Code    26  __scatter_copy.o(!!handler_copy)
    __scatterload_zeroinit                   0x08000145   Thumb Code    28  __scatter_zi.o(!!handler_zi)
    __rt_lib_init                            0x08000161   Thumb Code     0  libinit.o(.ARM.Collect$$libinit$$00000000)
    __rt_lib_init_alloca_1                   0x08000163   Thumb Code     0  libinit2.o(.ARM.Collect$$libinit$$0000002E)
    __rt_lib_init_argv_1                     0x08000163   Thumb Code     0  libinit2.o(.ARM.Collect$$libinit$$0000002C)
    __rt_lib_init_atexit_1                   0x08000163   Thumb Code     0  libinit2.o(.ARM.Collect$$libinit$$0000001B)
    __rt_lib_init_clock_1                    0x08000163   Thumb Code     0  libinit2.o(.ARM.Collect$$libinit$$00000021)
    __rt_lib_init_cpp_1                      0x08000163   Thumb Code     0  libinit2.o(.ARM.Collect$$libinit$$00000032)
    __rt_lib_init_exceptions_1               0x08000163   Thumb Code     0  libinit2.o(.ARM.Collect$$libinit$$00000030)
    __rt_lib_init_fp_1                       0x08000163   Thumb Code     0  libinit2.o(.ARM.Collect$$libinit$$00000002)
    __rt_lib_init_fp_trap_1                  0x08000163   Thumb Code     0  libinit2.o(.ARM.Collect$$libinit$$0000001F)
    __rt_lib_init_getenv_1                   0x08000163   Thumb Code     0  libinit2.o(.ARM.Collect$$libinit$$00000023)
    __rt_lib_init_heap_1                     0x08000163   Thumb Code     0  libinit2.o(.ARM.Collect$$libinit$$0000000A)
    __rt_lib_init_lc_collate_1               0x08000163   Thumb Code     0  libinit2.o(.ARM.Collect$$libinit$$00000011)
    __rt_lib_init_lc_ctype_1                 0x08000163   Thumb Code     0  libinit2.o(.ARM.Collect$$libinit$$00000013)
    __rt_lib_init_lc_monetary_1              0x08000163   Thumb Code     0  libinit2.o(.ARM.Collect$$libinit$$00000015)
    __rt_lib_init_lc_numeric_1               0x08000163   Thumb Code     0  libinit2.o(.ARM.Collect$$libinit$$00000017)
    __rt_lib_init_lc_time_1                  0x08000163   Thumb Code     0  libinit2.o(.ARM.Collect$$libinit$$00000019)
    __rt_lib_init_preinit_1                  0x08000163   Thumb Code     0  libinit2.o(.ARM.Collect$$libinit$$00000004)
    __rt_lib_init_rand_1                     0x08000163   Thumb Code     0  libinit2.o(.ARM.Collect$$libinit$$0000000E)
    __rt_lib_init_return                     0x08000163   Thumb Code     0  libinit2.o(.ARM.Collect$$libinit$$00000033)
    __rt_lib_init_signal_1                   0x08000163   Thumb Code     0  libinit2.o(.ARM.Collect$$libinit$$0000001D)
    __rt_lib_init_stdio_1                    0x08000163   Thumb Code     0  libinit2.o(.ARM.Collect$$libinit$$00000025)
    __rt_lib_init_user_alloc_1               0x08000163   Thumb Code     0  libinit2.o(.ARM.Collect$$libinit$$0000000C)
    __rt_lib_shutdown                        0x08000165   Thumb Code     0  libshutdown.o(.ARM.Collect$$libshutdown$$00000000)
    __rt_lib_shutdown_cpp_1                  0x08000167   Thumb Code     0  libshutdown2.o(.ARM.Collect$$libshutdown$$00000002)
    __rt_lib_shutdown_fp_trap_1              0x08000167   Thumb Code     0  libshutdown2.o(.ARM.Collect$$libshutdown$$00000007)
    __rt_lib_shutdown_heap_1                 0x08000167   Thumb Code     0  libshutdown2.o(.ARM.Collect$$libshutdown$$0000000F)
    __rt_lib_shutdown_return                 0x08000167   Thumb Code     0  libshutdown2.o(.ARM.Collect$$libshutdown$$00000010)
    __rt_lib_shutdown_signal_1               0x08000167   Thumb Code     0  libshutdown2.o(.ARM.Collect$$libshutdown$$0000000A)
    __rt_lib_shutdown_stdio_1                0x08000167   Thumb Code     0  libshutdown2.o(.ARM.Collect$$libshutdown$$00000004)
    __rt_lib_shutdown_user_alloc_1           0x08000167   Thumb Code     0  libshutdown2.o(.ARM.Collect$$libshutdown$$0000000C)
    __rt_entry                               0x08000169   Thumb Code     0  __rtentry.o(.ARM.Collect$$rtentry$$00000000)
    __rt_entry_presh_1                       0x08000169   Thumb Code     0  __rtentry2.o(.ARM.Collect$$rtentry$$00000002)
    __rt_entry_sh                            0x08000169   Thumb Code     0  __rtentry4.o(.ARM.Collect$$rtentry$$00000004)
    __rt_entry_li                            0x0800016f   Thumb Code     0  __rtentry2.o(.ARM.Collect$$rtentry$$0000000A)
    __rt_entry_postsh_1                      0x0800016f   Thumb Code     0  __rtentry2.o(.ARM.Collect$$rtentry$$00000009)
    __rt_entry_postli_1                      0x08000173   Thumb Code     0  __rtentry2.o(.ARM.Collect$$rtentry$$0000000B)
    __rt_entry_main                          0x0800017b   Thumb Code     0  __rtentry2.o(.ARM.Collect$$rtentry$$0000000D)
    __rt_exit                                0x08000183   Thumb Code     0  rtexit.o(.ARM.Collect$$rtexit$$00000000)
    __rt_exit_ls                             0x08000185   Thumb Code     0  rtexit2.o(.ARM.Collect$$rtexit$$00000003)
    __rt_exit_prels_1                        0x08000185   Thumb Code     0  rtexit2.o(.ARM.Collect$$rtexit$$00000002)
    __rt_exit_exit                           0x08000189   Thumb Code     0  rtexit2.o(.ARM.Collect$$rtexit$$00000004)
    _platform_post_lib_init                  0x08000191   Thumb Code    24  rtx_conf_cm.o(.emb_text)
    rt_set_PSP                               0x080001ad   Thumb Code     6  hal_cm3.o(.emb_text)
    rt_get_PSP                               0x080001b3   Thumb Code     6  hal_cm3.o(.emb_text)
    os_set_env                               0x080001b9   Thumb Code    24  hal_cm3.o(.emb_text)
    _alloc_box                               0x080001d5   Thumb Code    28  hal_cm3.o(.emb_text)
    _free_box                                0x080001f5   Thumb Code    28  hal_cm3.o(.emb_text)
    SVC_Handler                              0x08000215   Thumb Code   108  hal_cm3.o(.emb_text)
    PendSV_Handler                           0x0800028d   Thumb Code    56  hal_cm3.o(.emb_text)
    SysTick_Handler                          0x080002c9   Thumb Code     8  hal_cm3.o(.emb_text)
    OS_Tick_Handler                          0x080002d1   Thumb Code    12  hal_cm3.o(.emb_text)
    Reset_Handler                            0x080002dd   Thumb Code     8  startup_stm32f10x_md.o(.text)
    NMI_Handler                              0x080002e5   Thumb Code     2  startup_stm32f10x_md.o(.text)
    HardFault_Handler                        0x080002e7   Thumb Code     2  startup_stm32f10x_md.o(.text)
    MemManage_Handler                        0x080002e9   Thumb Code     2  startup_stm32f10x_md.o(.text)
    BusFault_Handler                         0x080002eb   Thumb Code     2  startup_stm32f10x_md.o(.text)
    UsageFault_Handler                       0x080002ed   Thumb Code     2  startup_stm32f10x_md.o(.text)
    DebugMon_Handler                         0x080002f1   Thumb Code     2  startup_stm32f10x_md.o(.text)
    ADC1_2_IRQHandler                        0x080002f7   Thumb Code     0  startup_stm32f10x_md.o(.text)
    CAN1_RX1_IRQHandler                      0x080002f7   Thumb Code     0  startup_stm32f10x_md.o(.text)
    CAN1_SCE_IRQHandler                      0x080002f7   Thumb Code     0  startup_stm32f10x_md.o(.text)
    DMA1_Channel1_IRQHandler                 0x080002f7   Thumb Code     0  startup_stm32f10x_md.o(.text)
    DMA1_Channel2_IRQHandler                 0x080002f7   Thumb Code     0  startup_stm32f10x_md.o(.text)
    DMA1_Channel3_IRQHandler                 0x080002f7   Thumb Code     0  startup_stm32f10x_md.o(.text)
    DMA1_Channel4_IRQHandler                 0x080002f7   Thumb Code     0  startup_stm32f10x_md.o(.text)
    DMA1_Channel5_IRQHandler                 0x080002f7   Thumb Code     0  startup_stm32f10x_md.o(.text)
    DMA1_Channel6_IRQHandler                 0x080002f7   Thumb Code     0  startup_stm32f10x_md.o(.text)
    DMA1_Channel7_IRQHandler                 0x080002f7   Thumb Code     0  startup_stm32f10x_md.o(.text)
    EXTI0_IRQHandler                         0x080002f7   Thumb Code     0  startup_stm32f10x_md.o(.text)
    EXTI15_10_IRQHandler                     0x080002f7   Thumb Code     0  startup_stm32f10x_md.o(.text)
    EXTI1_IRQHandler                         0x080002f7   Thumb Code     0  startup_stm32f10x_md.o(.text)
    EXTI2_IRQHandler                         0x080002f7   Thumb Code     0  startup_stm32f10x_md.o(.text)
    EXTI3_IRQHandler                         0x080002f7   Thumb Code     0  startup_stm32f10x_md.o(.text)
    EXTI4_IRQHandler                         0x080002f7   Thumb Code     0  startup_stm32f10x_md.o(.text)
    EXTI9_5_IRQHandler                       0x080002f7   Thumb Code     0  startup_stm32f10x_md.o(.text)
    FLASH_IRQHandler                         0x080002f7   Thumb Code     0  startup_stm32f10x_md.o(.text)
    I2C1_ER_IRQHandler                       0x080002f7   Thumb Code     0  startup_stm32f10x_md.o(.text)
    I2C1_EV_IRQHandler                       0x080002f7   Thumb Code     0  startup_stm32f10x_md.o(.text)
    I2C2_ER_IRQHandler                       0x080002f7   Thumb Code     0  startup_stm32f10x_md.o(.text)
    I2C2_EV_IRQHandler                       0x080002f7   Thumb Code     0  startup_stm32f10x_md.o(.text)
    PVD_IRQHandler                           0x080002f7   Thumb Code     0  startup_stm32f10x_md.o(.text)
    RCC_IRQHandler                           0x080002f7   Thumb Code     0  startup_stm32f10x_md.o(.text)
    RTCAlarm_IRQHandler                      0x080002f7   Thumb Code     0  startup_stm32f10x_md.o(.text)
    RTC_IRQHandler                           0x080002f7   Thumb Code     0  startup_stm32f10x_md.o(.text)
    SPI1_IRQHandler                          0x080002f7   Thumb Code     0  startup_stm32f10x_md.o(.text)
    SPI2_IRQHandler                          0x080002f7   Thumb Code     0  startup_stm32f10x_md.o(.text)
    TAMPER_IRQHandler                        0x080002f7   Thumb Code     0  startup_stm32f10x_md.o(.text)
    TIM1_BRK_IRQHandler                      0x080002f7   Thumb Code     0  startup_stm32f10x_md.o(.text)
    TIM1_CC_IRQHandler                       0x080002f7   Thumb Code     0  startup_stm32f10x_md.o(.text)
    TIM1_TRG_COM_IRQHandler                  0x080002f7   Thumb Code     0  startup_stm32f10x_md.o(.text)
    TIM1_UP_IRQHandler                       0x080002f7   Thumb Code     0  startup_stm32f10x_md.o(.text)
    TIM2_IRQHandler                          0x080002f7   Thumb Code     0  startup_stm32f10x_md.o(.text)
    TIM3_IRQHandler                          0x080002f7   Thumb Code     0  startup_stm32f10x_md.o(.text)
    TIM4_IRQHandler                          0x080002f7   Thumb Code     0  startup_stm32f10x_md.o(.text)
    USART1_IRQHandler                        0x080002f7   Thumb Code     0  startup_stm32f10x_md.o(.text)
    USART3_IRQHandler                        0x080002f7   Thumb Code     0  startup_stm32f10x_md.o(.text)
    USBWakeUp_IRQHandler                     0x080002f7   Thumb Code     0  startup_stm32f10x_md.o(.text)
    USB_HP_CAN1_TX_IRQHandler                0x080002f7   Thumb Code     0  startup_stm32f10x_md.o(.text)
    USB_LP_CAN1_RX0_IRQHandler               0x080002f7   Thumb Code     0  startup_stm32f10x_md.o(.text)
    WWDG_IRQHandler                          0x080002f7   Thumb Code     0  startup_stm32f10x_md.o(.text)
    __user_initial_stackheap                 0x080002f9   Thumb Code     0  startup_stm32f10x_md.o(.text)
    __user_libspace                          0x0800031d   Thumb Code     8  libspace.o(.text)
    __user_perproc_libspace                  0x0800031d   Thumb Code     0  libspace.o(.text)
    exit                                     0x08000325   Thumb Code    18  exit.o(.text)
    __use_two_region_memory                  0x08000337   Thumb Code     2  heapauxi.o(.text)
    __rt_heap_escrow$2region                 0x08000339   Thumb Code     2  heapauxi.o(.text)
    __rt_heap_expand$2region                 0x0800033b   Thumb Code     2  heapauxi.o(.text)
    _sys_exit                                0x0800033d   Thumb Code     8  sys_exit.o(.text)
    __user_setup_stackheap                   0x08000349   Thumb Code    74  sys_stackheap_outer.o(.text)
    __I$use$semihosting                      0x08000393   Thumb Code     0  use_no_semi.o(.text)
    __use_no_semihosting_swi                 0x08000393   Thumb Code     2  use_no_semi.o(.text)
    SVC_Count                                0x08000394   Data           4  svc_table.o(SVC_TABLE)
    __semihosting_library_function           0x08000395   Thumb Code     0  indicate_semi.o(.text)
    Delete_LCD                               0x08000399   Thumb Code    16  lcd.o(i.Delete_LCD)
    SVC_Table                                0x08000398   Data           0  svc_table.o(SVC_TABLE)
    EmptyString                              0x080003a9   Thumb Code    18  main.o(i.EmptyString)
    EnableUart_2                             0x080003c1   Thumb Code   104  keyboard.o(i.EnableUart_2)
    GPIO_Init                                0x08000439   Thumb Code   278  stm32f10x_gpio.o(i.GPIO_Init)
    I2C_CheckEvent                           0x0800054f   Thumb Code    42  stm32f10x_i2c.o(i.I2C_CheckEvent)
    I2C_Cmd                                  0x08000579   Thumb Code    24  stm32f10x_i2c.o(i.I2C_Cmd)
    I2C_GenerateSTART                        0x08000591   Thumb Code    24  stm32f10x_i2c.o(i.I2C_GenerateSTART)
    I2C_GenerateSTOP                         0x080005a9   Thumb Code    24  stm32f10x_i2c.o(i.I2C_GenerateSTOP)
    I2C_Init                                 0x080005c1   Thumb Code   222  stm32f10x_i2c.o(i.I2C_Init)
    I2C_Send7bitAddress                      0x080006ad   Thumb Code    18  stm32f10x_i2c.o(i.I2C_Send7bitAddress)
    I2C_SendData                             0x080006bf   Thumb Code     4  stm32f10x_i2c.o(i.I2C_SendData)
    Inform_Select_Mode                       0x080006c5   Thumb Code    36  main.o(i.Inform_Select_Mode)
    NVIC_Configuration                       0x08000709   Thumb Code    28  keyboard.o(i.NVIC_Configuration)
    NVIC_Init                                0x08000725   Thumb Code   100  misc.o(i.NVIC_Init)
    RCC_APB1PeriphClockCmd                   0x08000795   Thumb Code    26  stm32f10x_rcc.o(i.RCC_APB1PeriphClockCmd)
    RCC_APB2PeriphClockCmd                   0x080007b5   Thumb Code    26  stm32f10x_rcc.o(i.RCC_APB2PeriphClockCmd)
    RCC_GetClocksFreq                        0x080007d5   Thumb Code   192  stm32f10x_rcc.o(i.RCC_GetClocksFreq)
    SystemInit                               0x08000991   Thumb Code    78  system_stm32f10x.o(i.SystemInit)
    USART2_IRQHandler                        0x080009f1   Thumb Code   148  main.o(i.USART2_IRQHandler)
    USART_ClearITPendingBit                  0x08000aa1   Thumb Code    30  stm32f10x_usart.o(i.USART_ClearITPendingBit)
    USART_Cmd                                0x08000abf   Thumb Code    24  stm32f10x_usart.o(i.USART_Cmd)
    USART_GetFlagStatus                      0x08000ad7   Thumb Code    26  stm32f10x_usart.o(i.USART_GetFlagStatus)
    USART_GetITStatus                        0x08000af1   Thumb Code    84  stm32f10x_usart.o(i.USART_GetITStatus)
    USART_ITConfig                           0x08000b45   Thumb Code    74  stm32f10x_usart.o(i.USART_ITConfig)
    USART_Init                               0x08000b91   Thumb Code   210  stm32f10x_usart.o(i.USART_Init)
    USART_ReceiveData                        0x08000c69   Thumb Code    10  stm32f10x_usart.o(i.USART_ReceiveData)
    USART_SendData                           0x08000c73   Thumb Code     8  stm32f10x_usart.o(i.USART_SendData)
    _SendString                              0x08000c7b   Thumb Code    24  keyboard.o(i._SendString)
    _init_box                                0x08000c93   Thumb Code    70  rt_membox.o(i._init_box)
    _mutex_acquire                           0x08000cd9   Thumb Code    22  rtx_conf_cm.o(i._mutex_acquire)
    _mutex_release                           0x08000cf9   Thumb Code    18  rtx_conf_cm.o(i._mutex_release)
    _send                                    0x08000d15   Thumb Code    28  keyboard.o(i._send)
    dbg_init                                 0x08000d35   Thumb Code    34  hal_cm.o(i.dbg_init)
    dbg_task_notify                          0x08000d65   Thumb Code    32  hal_cm.o(i.dbg_task_notify)
    dbg_task_switch                          0x08000d85   Thumb Code    16  hal_cm.o(i.dbg_task_switch)
    delaychung                               0x08000d95   Thumb Code    22  lcd.o(i.delaychung)
    i2c_init                                 0x08000dad   Thumb Code    84  lcd.o(i.i2c_init)
    isrMessageGet                            0x08000e15   Thumb Code    42  rt_cmsis.o(i.isrMessageGet)
    isrMessagePut                            0x08000e3f   Thumb Code    44  rt_cmsis.o(i.isrMessagePut)
    isr_mbx_receive                          0x08000e6d   Thumb Code    82  rt_mailbox.o(i.isr_mbx_receive)
    isr_mbx_send                             0x08000ebf   Thumb Code    14  rt_mailbox.o(i.isr_mbx_send)
    lcd_Control_Write                        0x08000ecd   Thumb Code    66  lcd.o(i.lcd_Control_Write)
    lcd_Data_Write                           0x08000f0f   Thumb Code    70  lcd.o(i.lcd_Data_Write)
    lcd_Write_byte                           0x08000f55   Thumb Code    84  lcd.o(i.lcd_Write_byte)
    lcd_goto_XY                              0x08000fb5   Thumb Code    38  lcd.o(i.lcd_goto_XY)
    lcd_init                                 0x08000fdb   Thumb Code    88  lcd.o(i.lcd_init)
    lcd_send_string                          0x08001033   Thumb Code    22  lcd.o(i.lcd_send_string)
    main                                     0x08001049   Thumb Code   176  main.o(i.main)
    osKernelInitialize                       0x08001131   Thumb Code    30  rt_cmsis.o(i.osKernelInitialize)
    osKernelStart                            0x08001155   Thumb Code    98  rt_cmsis.o(i.osKernelStart)
    osMessageGet                             0x080011c1   Thumb Code    18  rt_cmsis.o(i.osMessageGet)
    osThreadCreate                           0x080011d9   Thumb Code    38  rt_cmsis.o(i.osThreadCreate)
    osThreadExit                             0x08001209   Thumb Code    14  rt_cmsis.o(i.osThreadExit)
    osTimerCall                              0x08001221   Thumb Code     8  rt_cmsis.o(i.osTimerCall)
    osTimerThread                            0x0800122d   Thumb Code    38  rt_cmsis.o(i.osTimerThread)
    os_error                                 0x08001259   Thumb Code    34  rtx_conf_cm.o(i.os_error)
    os_idle_demon                            0x0800127b   Thumb Code     4  rtx_conf_cm.o(i.os_idle_demon)
    os_tick_init                             0x08001281   Thumb Code    32  rt_system.o(i.os_tick_init)
    os_tick_irqack                           0x080012a9   Thumb Code     2  rt_system.o(i.os_tick_irqack)
    rt_alloc_box                             0x080012ab   Thumb Code    26  rt_membox.o(i.rt_alloc_box)
    rt_alloc_mem                             0x080012c5   Thumb Code    62  rt_memory.o(i.rt_alloc_mem)
    rt_block                                 0x08001305   Thumb Code    48  rt_task.o(i.rt_block)
    rt_chk_robin                             0x0800133d   Thumb Code    60  rt_robin.o(i.rt_chk_robin)
    rt_dec_dly                               0x08001385   Thumb Code   102  rt_list.o(i.rt_dec_dly)
    rt_dispatch                              0x080013f5   Thumb Code    60  rt_task.o(i.rt_dispatch)
    rt_evt_psh                               0x08001439   Thumb Code    76  rt_event.o(i.rt_evt_psh)
    rt_free_box                              0x08001489   Thumb Code    44  rt_membox.o(i.rt_free_box)
    rt_free_mem                              0x080014b5   Thumb Code    40  rt_memory.o(i.rt_free_mem)
    rt_get_first                             0x080014dd   Thumb Code    40  rt_list.o(i.rt_get_first)
    rt_init_mem                              0x08001555   Thumb Code    26  rt_memory.o(i.rt_init_mem)
    rt_init_robin                            0x08001571   Thumb Code    14  rt_robin.o(i.rt_init_robin)
    rt_init_stack                            0x08001589   Thumb Code   118  hal_cm.o(i.rt_init_stack)
    rt_mbx_check                             0x08001609   Thumb Code     8  rt_mailbox.o(i.rt_mbx_check)
    rt_mbx_init                              0x08001611   Thumb Code    26  rt_mailbox.o(i.rt_mbx_init)
    rt_mbx_psh                               0x0800162d   Thumb Code   236  rt_mailbox.o(i.rt_mbx_psh)
    rt_mbx_wait                              0x0800171d   Thumb Code   174  rt_mailbox.o(i.rt_mbx_wait)
    rt_mut_release                           0x08001815   Thumb Code   208  rt_mutex.o(i.rt_mut_release)
    rt_mut_wait                              0x080018ed   Thumb Code   100  rt_mutex.o(i.rt_mut_wait)
    rt_pop_req                               0x08001955   Thumb Code   112  rt_system.o(i.rt_pop_req)
    rt_psh_req                               0x080019d1   Thumb Code    22  rt_system.o(i.rt_psh_req)
    rt_psq_enq                               0x080019f1   Thumb Code    88  rt_list.o(i.rt_psq_enq)
    rt_put_dly                               0x08001a4d   Thumb Code    68  rt_list.o(i.rt_put_dly)
    rt_put_prio                              0x08001a95   Thumb Code    54  rt_list.o(i.rt_put_prio)
    rt_put_rdy_first                         0x08001acd   Thumb Code    14  rt_list.o(i.rt_put_rdy_first)
    rt_resort_prio                           0x08001ae1   Thumb Code    46  rt_list.o(i.rt_resort_prio)
    rt_ret_val                               0x08001b15   Thumb Code     6  hal_cm.o(i.rt_ret_val)
    rt_ret_val2                              0x08001b1b   Thumb Code     8  hal_cm.o(i.rt_ret_val2)
    rt_rmv_dly                               0x08001b23   Thumb Code    40  rt_list.o(i.rt_rmv_dly)
    rt_rmv_list                              0x08001b4d   Thumb Code    44  rt_list.o(i.rt_rmv_list)
    rt_sem_psh                               0x08001b7d   Thumb Code    48  rt_semaphore.o(i.rt_sem_psh)
    rt_stk_check                             0x08001bb1   Thumb Code    28  rt_system.o(i.rt_stk_check)
    rt_switch_req                            0x08001bd5   Thumb Code    30  rt_task.o(i.rt_switch_req)
    rt_sys_init                              0x08001bfd   Thumb Code   138  rt_task.o(i.rt_sys_init)
    rt_sys_start                             0x08001cc9   Thumb Code   110  rt_task.o(i.rt_sys_start)
    rt_systick                               0x08001d41   Thumb Code    50  rt_system.o(i.rt_systick)
    rt_tsk_create                            0x08001dc9   Thumb Code   118  rt_task.o(i.rt_tsk_create)
    rt_tsk_delete                            0x08001e51   Thumb Code   352  rt_task.o(i.rt_tsk_delete)
    rt_tsk_prio                              0x08001fcd   Thumb Code   108  rt_task.o(i.rt_tsk_prio)
    rt_tsk_self                              0x08002049   Thumb Code    12  rt_task.o(i.rt_tsk_self)
    svcKernelInitialize                      0x08002059   Thumb Code    80  rt_cmsis.o(i.svcKernelInitialize)
    svcKernelStart                           0x080020c9   Thumb Code    62  rt_cmsis.o(i.svcKernelStart)
    svcMessageCreate                         0x08002111   Thumb Code    36  rt_cmsis.o(i.svcMessageCreate)
    svcMessageGet                            0x08002135   Thumb Code    58  rt_cmsis.o(i.svcMessageGet)
    svcThreadCreate                          0x08002171   Thumb Code   100  rt_cmsis.o(i.svcThreadCreate)
    svcThreadGetId                           0x080021e1   Thumb Code    22  rt_cmsis.o(i.svcThreadGetId)
    svcThreadTerminate                       0x080021fd   Thumb Code    50  rt_cmsis.o(i.svcThreadTerminate)
    svcTimerCall                             0x08002235   Thumb Code    24  rt_cmsis.o(i.svcTimerCall)
    sysTimerTick                             0x0800224d   Thumb Code    84  rt_cmsis.o(i.sysTimerTick)
    os_maxtaskrun                            0x080022a8   Data           2  rtx_conf_cm.o(.constdata)
    os_stackinfo                             0x080022ac   Data           4  rtx_conf_cm.o(.constdata)
    os_rrobin                                0x080022b0   Data           4  rtx_conf_cm.o(.constdata)
    os_tickfreq                              0x080022b4   Data           4  rtx_conf_cm.o(.constdata)
    os_tickus_i                              0x080022b8   Data           2  rtx_conf_cm.o(.constdata)
    os_tickus_f                              0x080022ba   Data           2  rtx_conf_cm.o(.constdata)
    os_trv                                   0x080022bc   Data           4  rtx_conf_cm.o(.constdata)
    os_flags                                 0x080022c0   Data           1  rtx_conf_cm.o(.constdata)
    CMSIS_RTOS_API_Version                   0x080022c4   Data           4  rtx_conf_cm.o(.constdata)
    CMSIS_RTOS_RTX_Version                   0x080022c8   Data           4  rtx_conf_cm.o(.constdata)
    os_clockrate                             0x080022cc   Data           4  rtx_conf_cm.o(.constdata)
    os_timernum                              0x080022d0   Data           4  rtx_conf_cm.o(.constdata)
    mp_tcb_size                              0x080022d4   Data           2  rtx_conf_cm.o(.constdata)
    mp_stk_size                              0x080022d8   Data           4  rtx_conf_cm.o(.constdata)
    os_stack_sz                              0x080022dc   Data           4  rtx_conf_cm.o(.constdata)
    os_fifo_size                             0x080022e0   Data           1  rtx_conf_cm.o(.constdata)
    os_thread_def_osTimerThread              0x080022e4   Data          16  rtx_conf_cm.o(.constdata)
    os_messageQ_def_osTimerMessageQ          0x080022f4   Data           8  rtx_conf_cm.o(.constdata)
    mp_tmr_size                              0x080022fc   Data           2  rtx_conf_cm.o(.constdata)
    Region$$Table$$Base                      0x08002300   Number         0  anon$$obj.o(Region$$Table)
    Region$$Table$$Limit                     0x08002320   Number         0  anon$$obj.o(Region$$Table)
    _readdata                                0x20000000   Data           1  main.o(.data)
    i                                        0x20000004   Data           4  main.o(.data)
    count                                    0x20000008   Data           4  main.o(.data)
    Mode_String                              0x2000000c   Data           1  main.o(.data)
    Mode_Char                                0x2000000d   Data           1  main.o(.data)
    Letter                                   0x2000000e   Data          86  main.o(.data)
    GPIO_InitStructure                       0x20000064   Data           4  lcd.o(.data)
    GPIO_InitStruct                          0x20000068   Data           4  keyboard.o(.data)
    osThreadId_osTimerThread                 0x2000006c   Data           4  rtx_conf_cm.o(.data)
    osMessageQId_osTimerMessageQ             0x20000070   Data           4  rtx_conf_cm.o(.data)
    os_tmr                                   0x20000074   Data           4  rtx_conf_cm.o(.data)
    m_tmr                                    0x20000078   Data           4  rtx_conf_cm.o(.data)
    os_thread_def_main                       0x20000080   Data          16  rtx_conf_cm.o(.data)
    os_initialized                           0x200000a4   Data           1  rt_cmsis.o(.data)
    os_running                               0x200000a5   Data           1  rt_cmsis.o(.data)
    os_timer_head                            0x200000a8   Data           4  rt_cmsis.o(.data)
    os_tsk                                   0x200000ac   Data           8  rt_task.o(.data)
    os_tick_irqn                             0x200000b8   Data           4  rt_system.o(.data)
    os_time                                  0x200000bc   Data           4  rt_time.o(.data)
    os_robin                                 0x200000c0   Data           8  rt_robin.o(.data)
    dbg_msg                                  0x200000c8   Data           1  hal_cm.o(.data)
    Stringkey                                0x200000cc   Data         100  main.o(.bss)
    I2C_InitStructure                        0x20000130   Data          16  lcd.o(.bss)
    USART_InitStructure                      0x20000140   Data          16  keyboard.o(.bss)
    mp_tcb                                   0x20000150   Data         376  rtx_conf_cm.o(.bss)
    mp_stk                                   0x200002c8   Data        1216  rtx_conf_cm.o(.bss)
    os_stack_mem                             0x20000788   Data         432  rtx_conf_cm.o(.bss)
    os_fifo                                  0x20000938   Data         132  rtx_conf_cm.o(.bss)
    os_active_TCB                            0x200009bc   Data          28  rtx_conf_cm.o(.bss)
    os_messageQ_q_osTimerMessageQ            0x200009d8   Data          32  rtx_conf_cm.o(.bss)
    os_idle_TCB                              0x20000d18   Data          52  rt_task.o(.bss)
    os_rdy                                   0x20000d4c   Data          24  rt_list.o(.bss)
    os_dly                                   0x20000d64   Data          24  rt_list.o(.bss)
    __libspace_start                         0x20000d7c   Data          96  libspace.o(.bss)
    __temporary_stack_top$libspace           0x20000ddc   Data           0  libspace.o(.bss)



==============================================================================

Memory Map of the image

  Image Entry point : 0x080000ed

  Load Region LR_IROM1 (Base: 0x08000000, Size: 0x000023ec, Max: 0x00010000, ABSOLUTE)

    Execution Region ER_IROM1 (Base: 0x08000000, Size: 0x00002320, Max: 0x00010000, ABSOLUTE)

    Base Addr    Size         Type   Attr      Idx    E Section Name        Object

    0x08000000   0x000000ec   Data   RO         1092    RESET               startup_stm32f10x_md.o
    0x080000ec   0x00000008   Code   RO         2365  * !!!main             c_w.l(__main.o)
    0x080000f4   0x00000034   Code   RO         2526    !!!scatter          c_w.l(__scatter.o)
    0x08000128   0x0000001a   Code   RO         2528    !!handler_copy      c_w.l(__scatter_copy.o)
    0x08000142   0x00000002   PAD
    0x08000144   0x0000001c   Code   RO         2530    !!handler_zi        c_w.l(__scatter_zi.o)
    0x08000160   0x00000002   Code   RO         2412    .ARM.Collect$$libinit$$00000000  c_w.l(libinit.o)
    0x08000162   0x00000000   Code   RO         2424    .ARM.Collect$$libinit$$00000002  c_w.l(libinit2.o)
    0x08000162   0x00000000   Code   RO         2426    .ARM.Collect$$libinit$$00000004  c_w.l(libinit2.o)
    0x08000162   0x00000000   Code   RO         2429    .ARM.Collect$$libinit$$0000000A  c_w.l(libinit2.o)
    0x08000162   0x00000000   Code   RO         2431    .ARM.Collect$$libinit$$0000000C  c_w.l(libinit2.o)
    0x08000162   0x00000000   Code   RO         2433    .ARM.Collect$$libinit$$0000000E  c_w.l(libinit2.o)
    0x08000162   0x00000000   Code   RO         2436    .ARM.Collect$$libinit$$00000011  c_w.l(libinit2.o)
    0x08000162   0x00000000   Code   RO         2438    .ARM.Collect$$libinit$$00000013  c_w.l(libinit2.o)
    0x08000162   0x00000000   Code   RO         2440    .ARM.Collect$$libinit$$00000015  c_w.l(libinit2.o)
    0x08000162   0x00000000   Code   RO         2442    .ARM.Collect$$libinit$$00000017  c_w.l(libinit2.o)
    0x08000162   0x00000000   Code   RO         2444    .ARM.Collect$$libinit$$00000019  c_w.l(libinit2.o)
    0x08000162   0x00000000   Code   RO         2446    .ARM.Collect$$libinit$$0000001B  c_w.l(libinit2.o)
    0x08000162   0x00000000   Code   RO         2448    .ARM.Collect$$libinit$$0000001D  c_w.l(libinit2.o)
    0x08000162   0x00000000   Code   RO         2450    .ARM.Collect$$libinit$$0000001F  c_w.l(libinit2.o)
    0x08000162   0x00000000   Code   RO         2452    .ARM.Collect$$libinit$$00000021  c_w.l(libinit2.o)
    0x08000162   0x00000000   Code   RO         2454    .ARM.Collect$$libinit$$00000023  c_w.l(libinit2.o)
    0x08000162   0x00000000   Code   RO         2456    .ARM.Collect$$libinit$$00000025  c_w.l(libinit2.o)
    0x08000162   0x00000000   Code   RO         2460    .ARM.Collect$$libinit$$0000002C  c_w.l(libinit2.o)
    0x08000162   0x00000000   Code   RO         2462    .ARM.Collect$$libinit$$0000002E  c_w.l(libinit2.o)
    0x08000162   0x00000000   Code   RO         2464    .ARM.Collect$$libinit$$00000030  c_w.l(libinit2.o)
    0x08000162   0x00000000   Code   RO         2466    .ARM.Collect$$libinit$$00000032  c_w.l(libinit2.o)
    0x08000162   0x00000002   Code   RO         2467    .ARM.Collect$$libinit$$00000033  c_w.l(libinit2.o)
    0x08000164   0x00000002   Code   RO         2413    .ARM.Collect$$libshutdown$$00000000  c_w.l(libshutdown.o)
    0x08000166   0x00000000   Code   RO         2469    .ARM.Collect$$libshutdown$$00000002  c_w.l(libshutdown2.o)
    0x08000166   0x00000000   Code   RO         2471    .ARM.Collect$$libshutdown$$00000004  c_w.l(libshutdown2.o)
    0x08000166   0x00000000   Code   RO         2474    .ARM.Collect$$libshutdown$$00000007  c_w.l(libshutdown2.o)
    0x08000166   0x00000000   Code   RO         2477    .ARM.Collect$$libshutdown$$0000000A  c_w.l(libshutdown2.o)
    0x08000166   0x00000000   Code   RO         2479    .ARM.Collect$$libshutdown$$0000000C  c_w.l(libshutdown2.o)
    0x08000166   0x00000000   Code   RO         2482    .ARM.Collect$$libshutdown$$0000000F  c_w.l(libshutdown2.o)
    0x08000166   0x00000002   Code   RO         2483    .ARM.Collect$$libshutdown$$00000010  c_w.l(libshutdown2.o)
    0x08000168   0x00000000   Code   RO         2367    .ARM.Collect$$rtentry$$00000000  c_w.l(__rtentry.o)
    0x08000168   0x00000000   Code   RO         2375    .ARM.Collect$$rtentry$$00000002  c_w.l(__rtentry2.o)
    0x08000168   0x00000006   Code   RO         2387    .ARM.Collect$$rtentry$$00000004  c_w.l(__rtentry4.o)
    0x0800016e   0x00000000   Code   RO         2377    .ARM.Collect$$rtentry$$00000009  c_w.l(__rtentry2.o)
    0x0800016e   0x00000004   Code   RO         2378    .ARM.Collect$$rtentry$$0000000A  c_w.l(__rtentry2.o)
    0x08000172   0x00000008   Code   RO         2379    .ARM.Collect$$rtentry$$0000000B  c_w.l(__rtentry2.o)
    0x0800017a   0x00000008   Code   RO         2381    .ARM.Collect$$rtentry$$0000000D  c_w.l(__rtentry2.o)
    0x08000182   0x00000002   Code   RO         2368    .ARM.Collect$$rtexit$$00000000  c_w.l(rtexit.o)
    0x08000184   0x00000000   Code   RO         2390    .ARM.Collect$$rtexit$$00000002  c_w.l(rtexit2.o)
    0x08000184   0x00000004   Code   RO         2391    .ARM.Collect$$rtexit$$00000003  c_w.l(rtexit2.o)
    0x08000188   0x00000006   Code   RO         2392    .ARM.Collect$$rtexit$$00000004  c_w.l(rtexit2.o)
    0x0800018e   0x00000002   PAD
    0x08000190   0x0000001c   Code   RO          235    .emb_text           rtx_conf_cm.o
    0x080001ac   0x00000130   Code   RO         2341    .emb_text           RTX_CM3.lib(hal_cm3.o)
    0x080002dc   0x00000040   Code   RO         1093    .text               startup_stm32f10x_md.o
    0x0800031c   0x00000008   Code   RO         2356    .text               c_w.l(libspace.o)
    0x08000324   0x00000012   Code   RO         2361    .text               c_w.l(exit.o)
    0x08000336   0x00000006   Code   RO         2363    .text               c_w.l(heapauxi.o)
    0x0800033c   0x0000000c   Code   RO         2398    .text               c_w.l(sys_exit.o)
    0x08000348   0x0000004a   Code   RO         2400    .text               c_w.l(sys_stackheap_outer.o)
    0x08000392   0x00000002   Code   RO         2414    .text               c_w.l(use_no_semi.o)
    0x08000394   0x00000000   Code   RO         2416    .text               c_w.l(indicate_semi.o)
    0x08000394   0x00000004   Code   RO         2351    SVC_TABLE           RTX_CM3.lib(svc_table.o)
    0x08000398   0x00000010   Code   RO          110    i.Delete_LCD        lcd.o
    0x080003a8   0x00000018   Code   RO            4    i.EmptyString       main.o
    0x080003c0   0x00000078   Code   RO          192    i.EnableUart_2      keyboard.o
    0x08000438   0x00000116   Code   RO          353    i.GPIO_Init         stm32f10x_gpio.o
    0x0800054e   0x0000002a   Code   RO          476    i.I2C_CheckEvent    stm32f10x_i2c.o
    0x08000578   0x00000018   Code   RO          479    i.I2C_Cmd           stm32f10x_i2c.o
    0x08000590   0x00000018   Code   RO          486    i.I2C_GenerateSTART  stm32f10x_i2c.o
    0x080005a8   0x00000018   Code   RO          487    i.I2C_GenerateSTOP  stm32f10x_i2c.o
    0x080005c0   0x000000ec   Code   RO          493    i.I2C_Init          stm32f10x_i2c.o
    0x080006ac   0x00000012   Code   RO          500    i.I2C_Send7bitAddress  stm32f10x_i2c.o
    0x080006be   0x00000004   Code   RO          501    i.I2C_SendData      stm32f10x_i2c.o
    0x080006c2   0x00000002   PAD
    0x080006c4   0x00000044   Code   RO            5    i.Inform_Select_Mode  main.o
    0x08000708   0x0000001c   Code   RO          193    i.NVIC_Configuration  keyboard.o
    0x08000724   0x00000070   Code   RO          299    i.NVIC_Init         misc.o
    0x08000794   0x00000020   Code   RO          691    i.RCC_APB1PeriphClockCmd  stm32f10x_rcc.o
    0x080007b4   0x00000020   Code   RO          693    i.RCC_APB2PeriphClockCmd  stm32f10x_rcc.o
    0x080007d4   0x000000d4   Code   RO          701    i.RCC_GetClocksFreq  stm32f10x_rcc.o
    0x080008a8   0x00000008   Code   RO         1100    i.SetSysClock       system_stm32f10x.o
    0x080008b0   0x000000e0   Code   RO         1101    i.SetSysClockTo72   system_stm32f10x.o
    0x08000990   0x00000060   Code   RO         1103    i.SystemInit        system_stm32f10x.o
    0x080009f0   0x000000b0   Code   RO            6    i.USART2_IRQHandler  main.o
    0x08000aa0   0x0000001e   Code   RO          902    i.USART_ClearITPendingBit  stm32f10x_usart.o
    0x08000abe   0x00000018   Code   RO          905    i.USART_Cmd         stm32f10x_usart.o
    0x08000ad6   0x0000001a   Code   RO          908    i.USART_GetFlagStatus  stm32f10x_usart.o
    0x08000af0   0x00000054   Code   RO          909    i.USART_GetITStatus  stm32f10x_usart.o
    0x08000b44   0x0000004a   Code   RO          911    i.USART_ITConfig    stm32f10x_usart.o
    0x08000b8e   0x00000002   PAD
    0x08000b90   0x000000d8   Code   RO          912    i.USART_Init        stm32f10x_usart.o
    0x08000c68   0x0000000a   Code   RO          919    i.USART_ReceiveData  stm32f10x_usart.o
    0x08000c72   0x00000008   Code   RO          922    i.USART_SendData    stm32f10x_usart.o
    0x08000c7a   0x00000018   Code   RO          194    i._SendString       keyboard.o
    0x08000c92   0x00000046   Code   RO         2240    i._init_box         RTX_CM3.lib(rt_membox.o)
    0x08000cd8   0x00000020   Code   RO          237    i._mutex_acquire    rtx_conf_cm.o
    0x08000cf8   0x0000001c   Code   RO          239    i._mutex_release    rtx_conf_cm.o
    0x08000d14   0x00000020   Code   RO          195    i._send             keyboard.o
    0x08000d34   0x00000030   Code   RO         2293    i.dbg_init          RTX_CM3.lib(hal_cm.o)
    0x08000d64   0x00000020   Code   RO         2294    i.dbg_task_notify   RTX_CM3.lib(hal_cm.o)
    0x08000d84   0x00000010   Code   RO         2295    i.dbg_task_switch   RTX_CM3.lib(hal_cm.o)
    0x08000d94   0x00000016   Code   RO          112    i.delaychung        lcd.o
    0x08000daa   0x00000002   PAD
    0x08000dac   0x00000068   Code   RO          113    i.i2c_init          lcd.o
    0x08000e14   0x0000002a   Code   RO         1146    i.isrMessageGet     RTX_CM3.lib(rt_cmsis.o)
    0x08000e3e   0x0000002c   Code   RO         1147    i.isrMessagePut     RTX_CM3.lib(rt_cmsis.o)
    0x08000e6a   0x00000002   PAD
    0x08000e6c   0x00000052   Code   RO         2095    i.isr_mbx_receive   RTX_CM3.lib(rt_mailbox.o)
    0x08000ebe   0x0000000e   Code   RO         2096    i.isr_mbx_send      RTX_CM3.lib(rt_mailbox.o)
    0x08000ecc   0x00000042   Code   RO          114    i.lcd_Control_Write  lcd.o
    0x08000f0e   0x00000046   Code   RO          115    i.lcd_Data_Write    lcd.o
    0x08000f54   0x00000060   Code   RO          116    i.lcd_Write_byte    lcd.o
    0x08000fb4   0x00000026   Code   RO          117    i.lcd_goto_XY       lcd.o
    0x08000fda   0x00000058   Code   RO          118    i.lcd_init          lcd.o
    0x08001032   0x00000016   Code   RO          119    i.lcd_send_string   lcd.o
    0x08001048   0x000000e8   Code   RO            7    i.main              main.o
    0x08001130   0x00000024   Code   RO         1151    i.osKernelInitialize  RTX_CM3.lib(rt_cmsis.o)
    0x08001154   0x0000006c   Code   RO         1153    i.osKernelStart     RTX_CM3.lib(rt_cmsis.o)
    0x080011c0   0x00000018   Code   RO         1162    i.osMessageGet      RTX_CM3.lib(rt_cmsis.o)
    0x080011d8   0x00000030   Code   RO         1179    i.osThreadCreate    RTX_CM3.lib(rt_cmsis.o)
    0x08001208   0x00000018   Code   RO         1180    i.osThreadExit      RTX_CM3.lib(rt_cmsis.o)
    0x08001220   0x0000000c   Code   RO         1186    i.osTimerCall       RTX_CM3.lib(rt_cmsis.o)
    0x0800122c   0x0000002c   Code   RO         1191    i.osTimerThread     RTX_CM3.lib(rt_cmsis.o)
    0x08001258   0x00000022   Code   RO          240    i.os_error          rtx_conf_cm.o
    0x0800127a   0x00000004   Code   RO          241    i.os_idle_demon     rtx_conf_cm.o
    0x0800127e   0x00000002   PAD
    0x08001280   0x00000028   Code   RO         1887    i.os_tick_init      RTX_CM3.lib(rt_system.o)
    0x080012a8   0x00000002   Code   RO         1888    i.os_tick_irqack    RTX_CM3.lib(rt_system.o)
    0x080012aa   0x0000001a   Code   RO         2241    i.rt_alloc_box      RTX_CM3.lib(rt_membox.o)
    0x080012c4   0x0000003e   Code   RO         2269    i.rt_alloc_mem      RTX_CM3.lib(rt_memory.o)
    0x08001302   0x00000002   PAD
    0x08001304   0x00000038   Code   RO         1768    i.rt_block          RTX_CM3.lib(rt_task.o)
    0x0800133c   0x00000048   Code   RO         2218    i.rt_chk_robin      RTX_CM3.lib(rt_robin.o)
    0x08001384   0x00000070   Code   RO         2019    i.rt_dec_dly        RTX_CM3.lib(rt_list.o)
    0x080013f4   0x00000044   Code   RO         1769    i.rt_dispatch       RTX_CM3.lib(rt_task.o)
    0x08001438   0x00000050   Code   RO         1980    i.rt_evt_psh        RTX_CM3.lib(rt_event.o)
    0x08001488   0x0000002c   Code   RO         2242    i.rt_free_box       RTX_CM3.lib(rt_membox.o)
    0x080014b4   0x00000028   Code   RO         2270    i.rt_free_mem       RTX_CM3.lib(rt_memory.o)
    0x080014dc   0x00000028   Code   RO         2020    i.rt_get_first      RTX_CM3.lib(rt_list.o)
    0x08001504   0x00000008   Code   RO         1196    i.rt_id2obj         RTX_CM3.lib(rt_cmsis.o)
    0x0800150c   0x00000048   Code   RO         1770    i.rt_init_context   RTX_CM3.lib(rt_task.o)
    0x08001554   0x0000001a   Code   RO         2271    i.rt_init_mem       RTX_CM3.lib(rt_memory.o)
    0x0800156e   0x00000002   PAD
    0x08001570   0x00000018   Code   RO         2219    i.rt_init_robin     RTX_CM3.lib(rt_robin.o)
    0x08001588   0x00000080   Code   RO         2296    i.rt_init_stack     RTX_CM3.lib(hal_cm.o)
    0x08001608   0x00000008   Code   RO         2097    i.rt_mbx_check      RTX_CM3.lib(rt_mailbox.o)
    0x08001610   0x0000001a   Code   RO         2098    i.rt_mbx_init       RTX_CM3.lib(rt_mailbox.o)
    0x0800162a   0x00000002   PAD
    0x0800162c   0x000000f0   Code   RO         2099    i.rt_mbx_psh        RTX_CM3.lib(rt_mailbox.o)
    0x0800171c   0x000000b4   Code   RO         2101    i.rt_mbx_wait       RTX_CM3.lib(rt_mailbox.o)
    0x080017d0   0x00000044   Code   RO         1197    i.rt_ms2tick        RTX_CM3.lib(rt_cmsis.o)
    0x08001814   0x000000d8   Code   RO         1854    i.rt_mut_release    RTX_CM3.lib(rt_mutex.o)
    0x080018ec   0x00000068   Code   RO         1855    i.rt_mut_wait       RTX_CM3.lib(rt_mutex.o)
    0x08001954   0x0000007c   Code   RO         1891    i.rt_pop_req        RTX_CM3.lib(rt_system.o)
    0x080019d0   0x00000020   Code   RO         1892    i.rt_psh_req        RTX_CM3.lib(rt_system.o)
    0x080019f0   0x0000005c   Code   RO         2022    i.rt_psq_enq        RTX_CM3.lib(rt_list.o)
    0x08001a4c   0x00000048   Code   RO         2023    i.rt_put_dly        RTX_CM3.lib(rt_list.o)
    0x08001a94   0x00000036   Code   RO         2024    i.rt_put_prio       RTX_CM3.lib(rt_list.o)
    0x08001aca   0x00000002   PAD
    0x08001acc   0x00000014   Code   RO         2025    i.rt_put_rdy_first  RTX_CM3.lib(rt_list.o)
    0x08001ae0   0x00000034   Code   RO         2026    i.rt_resort_prio    RTX_CM3.lib(rt_list.o)
    0x08001b14   0x00000006   Code   RO         2297    i.rt_ret_val        RTX_CM3.lib(hal_cm.o)
    0x08001b1a   0x00000008   Code   RO         2298    i.rt_ret_val2       RTX_CM3.lib(hal_cm.o)
    0x08001b22   0x00000028   Code   RO         2027    i.rt_rmv_dly        RTX_CM3.lib(rt_list.o)
    0x08001b4a   0x00000002   PAD
    0x08001b4c   0x00000030   Code   RO         2028    i.rt_rmv_list       RTX_CM3.lib(rt_list.o)
    0x08001b7c   0x00000034   Code   RO         2146    i.rt_sem_psh        RTX_CM3.lib(rt_semaphore.o)
    0x08001bb0   0x00000024   Code   RO         1894    i.rt_stk_check      RTX_CM3.lib(rt_system.o)
    0x08001bd4   0x00000028   Code   RO         1771    i.rt_switch_req     RTX_CM3.lib(rt_task.o)
    0x08001bfc   0x000000cc   Code   RO         1772    i.rt_sys_init       RTX_CM3.lib(rt_task.o)
    0x08001cc8   0x00000078   Code   RO         1773    i.rt_sys_start      RTX_CM3.lib(rt_task.o)
    0x08001d40   0x00000040   Code   RO         1896    i.rt_systick        RTX_CM3.lib(rt_system.o)
    0x08001d80   0x00000012   Code   RO         1198    i.rt_tid2ptcb       RTX_CM3.lib(rt_cmsis.o)
    0x08001d92   0x00000002   PAD
    0x08001d94   0x00000034   Code   RO         1199    i.rt_timer_insert   RTX_CM3.lib(rt_cmsis.o)
    0x08001dc8   0x00000088   Code   RO         1774    i.rt_tsk_create     RTX_CM3.lib(rt_task.o)
    0x08001e50   0x0000017c   Code   RO         1775    i.rt_tsk_delete     RTX_CM3.lib(rt_task.o)
    0x08001fcc   0x0000007c   Code   RO         1777    i.rt_tsk_prio       RTX_CM3.lib(rt_task.o)
    0x08002048   0x00000010   Code   RO         1778    i.rt_tsk_self       RTX_CM3.lib(rt_task.o)
    0x08002058   0x00000070   Code   RO         1202    i.svcKernelInitialize  RTX_CM3.lib(rt_cmsis.o)
    0x080020c8   0x00000048   Code   RO         1204    i.svcKernelStart    RTX_CM3.lib(rt_cmsis.o)
    0x08002110   0x00000024   Code   RO         1207    i.svcMessageCreate  RTX_CM3.lib(rt_cmsis.o)
    0x08002134   0x0000003a   Code   RO         1208    i.svcMessageGet     RTX_CM3.lib(rt_cmsis.o)
    0x0800216e   0x00000002   PAD
    0x08002170   0x00000070   Code   RO         1222    i.svcThreadCreate   RTX_CM3.lib(rt_cmsis.o)
    0x080021e0   0x0000001c   Code   RO         1223    i.svcThreadGetId    RTX_CM3.lib(rt_cmsis.o)
    0x080021fc   0x00000038   Code   RO         1226    i.svcThreadTerminate  RTX_CM3.lib(rt_cmsis.o)
    0x08002234   0x00000018   Code   RO         1228    i.svcTimerCall      RTX_CM3.lib(rt_cmsis.o)
    0x0800224c   0x0000005c   Code   RO         1237    i.sysTimerTick      RTX_CM3.lib(rt_cmsis.o)
    0x080022a8   0x00000056   Data   RO          243    .constdata          rtx_conf_cm.o
    0x080022fe   0x00000002   PAD
    0x08002300   0x00000020   Data   RO         2524    Region$$Table       anon$$obj.o


    Execution Region RW_IRAM1 (Base: 0x20000000, Size: 0x000013e0, Max: 0x00005000, ABSOLUTE)

    Base Addr    Size         Type   Attr      Idx    E Section Name        Object

    0x20000000   0x00000064   Data   RW            9    .data               main.o
    0x20000064   0x00000004   Data   RW          121    .data               lcd.o
    0x20000068   0x00000004   Data   RW          197    .data               keyboard.o
    0x2000006c   0x00000024   Data   RW          244    .data               rtx_conf_cm.o
    0x20000090   0x00000014   Data   RW          721    .data               stm32f10x_rcc.o
    0x200000a4   0x00000008   Data   RW         1240    .data               RTX_CM3.lib(rt_cmsis.o)
    0x200000ac   0x00000008   Data   RW         1780    .data               RTX_CM3.lib(rt_task.o)
    0x200000b4   0x00000008   Data   RW         1899    .data               RTX_CM3.lib(rt_system.o)
    0x200000bc   0x00000004   Data   RW         2189    .data               RTX_CM3.lib(rt_time.o)
    0x200000c0   0x00000008   Data   RW         2220    .data               RTX_CM3.lib(rt_robin.o)
    0x200000c8   0x00000001   Data   RW         2299    .data               RTX_CM3.lib(hal_cm.o)
    0x200000c9   0x00000003   PAD
    0x200000cc   0x00000064   Zero   RW            8    .bss                main.o
    0x20000130   0x00000010   Zero   RW          120    .bss                lcd.o
    0x20000140   0x00000010   Zero   RW          196    .bss                keyboard.o
    0x20000150   0x00000bc8   Zero   RW          242    .bss                rtx_conf_cm.o
    0x20000d18   0x00000034   Zero   RW         1779    .bss                RTX_CM3.lib(rt_task.o)
    0x20000d4c   0x00000030   Zero   RW         2029    .bss                RTX_CM3.lib(rt_list.o)
    0x20000d7c   0x00000060   Zero   RW         2357    .bss                c_w.l(libspace.o)
    0x20000ddc   0x00000004   PAD
    0x20000de0   0x00000200   Zero   RW         1091    HEAP                startup_stm32f10x_md.o
    0x20000fe0   0x00000400   Zero   RW         1090    STACK               startup_stm32f10x_md.o


==============================================================================

Image component sizes


      Code (inc. data)   RO Data    RW Data    ZI Data      Debug   Object Name

       204         20          0          4         16       2144   keyboard.o
       522         32          0          4         16       4669   lcd.o
       500        122          0        100        100     242397   main.o
       112         12          0          0          0       1136   misc.o
       126         26         86         36       3016       9035   rtx_conf_cm.o
        64         26        236          0       1536        812   startup_stm32f10x_md.o
       278          0          0          0          0       2076   stm32f10x_gpio.o
       372         14          0          0          0       6218   stm32f10x_i2c.o
       276         32          0         20          0       4606   stm32f10x_rcc.o
       472          6          0          0          0       7155   stm32f10x_usart.o
       328         28          0          0          0       1965   system_stm32f10x.o

    ----------------------------------------------------------------------
      3262        318        356        164       4684     282213   Object Totals
         0          0         32          0          0          0   (incl. Generated)
         8          0          2          0          0          0   (incl. Padding)

    ----------------------------------------------------------------------

      Code (inc. data)   RO Data    RW Data    ZI Data      Debug   Library Member Name

       238         24          0          1          0       3256   hal_cm.o
       304         36          0          0          0        760   hal_cm3.o
      1118        140          0          8          0      31165   rt_cmsis.o
        80          4          0          0          0        653   rt_event.o
       530         34          0          0         48       8165   rt_list.o
       550         10          0          0          0       3897   rt_mailbox.o
       140          0          0          0          0       1901   rt_membox.o
       128          0          0          0          0       2275   rt_memory.o
       320         12          0          0          0       1603   rt_mutex.o
        96         22          0          8          0       1134   rt_robin.o
        52          4          0          0          0        565   rt_semaphore.o
       298         52          0          8          0       6151   rt_system.o
      1216        174          0          8         52       9545   rt_task.o
         0          0          0          4          0        206   rt_time.o
         4          4          0          0          0        200   svc_table.o
         8          0          0          0          0         68   __main.o
         0          0          0          0          0          0   __rtentry.o
        20          0          0          0          0          0   __rtentry2.o
         6          0          0          0          0          0   __rtentry4.o
        52          8          0          0          0          0   __scatter.o
        26          0          0          0          0          0   __scatter_copy.o
        28          0          0          0          0          0   __scatter_zi.o
        18          0          0          0          0         80   exit.o
         6          0          0          0          0        152   heapauxi.o
         0          0          0          0          0          0   indicate_semi.o
         2          0          0          0          0          0   libinit.o
         2          0          0          0          0          0   libinit2.o
         2          0          0          0          0          0   libshutdown.o
         2          0          0          0          0          0   libshutdown2.o
         8          4          0          0         96         68   libspace.o
         2          0          0          0          0          0   rtexit.o
        10          0          0          0          0          0   rtexit2.o
        12          4          0          0          0         68   sys_exit.o
        74          0          0          0          0         80   sys_stackheap_outer.o
         2          0          0          0          0         68   use_no_semi.o

    ----------------------------------------------------------------------
      5374        532          0         40        200      72060   Library Totals
        20          0          0          3          4          0   (incl. Padding)

    ----------------------------------------------------------------------

      Code (inc. data)   RO Data    RW Data    ZI Data      Debug   Library Name

      5074        516          0         37        100      71476   RTX_CM3.lib
       280         16          0          0         96        584   c_w.l

    ----------------------------------------------------------------------
      5374        532          0         40        200      72060   Library Totals

    ----------------------------------------------------------------------

==============================================================================


      Code (inc. data)   RO Data    RW Data    ZI Data      Debug   

      8636        850        356        204       4884     348497   Grand Totals
      8636        850        356        204       4884     348497   ELF Image Totals
      8636        850        356        204          0          0   ROM Totals

==============================================================================

    Total RO  Size (Code + RO Data)                 8992 (   8.78kB)
    Total RW  Size (RW Data + ZI Data)              5088 (   4.97kB)
    Total ROM Size (Code + RO Data + RW Data)       9196 (   8.98kB)

==============================================================================

