Component: ARM Compiler 5.06 update 1 (build 61) Tool: armlink [4d35a8]

==============================================================================

Section Cross References

    main.o(i.EmptyString) refers to main.o(.bss) for Stringkey
    main.o(i.Inform_Select_Mode) refers to lcd.o(i.Delete_LCD) for Delete_LCD
    main.o(i.Inform_Select_Mode) refers to lcd.o(i.delaychung) for delaychung
    main.o(i.Inform_Select_Mode) refers to lcd.o(i.lcd_goto_XY) for lcd_goto_XY
    main.o(i.Inform_Select_Mode) refers to lcd.o(i.lcd_send_string) for lcd_send_string
    main.o(i.USART2_IRQHandler) refers to stm32f10x_usart.o(i.USART_GetITStatus) for USART_GetITStatus
    main.o(i.USART2_IRQHandler) refers to stm32f10x_usart.o(i.USART_ClearITPendingBit) for USART_ClearITPendingBit
    main.o(i.USART2_IRQHandler) refers to stm32f10x_usart.o(i.USART_ReceiveData) for USART_ReceiveData
    main.o(i.USART2_IRQHandler) refers to lcd.o(i.Delete_LCD) for Delete_LCD
    main.o(i.USART2_IRQHandler) refers to lcd.o(i.lcd_goto_XY) for lcd_goto_XY
    main.o(i.USART2_IRQHandler) refers to lcd.o(i.lcd_Data_Write) for lcd_Data_Write
    main.o(i.USART2_IRQHandler) refers to main.o(.data) for _readdata
    main.o(i.USART2_IRQHandler) refers to main.o(.bss) for Stringkey
    main.o(i.main) refers to ram.o(i.PeripheralInit_SPI1_Master) for PeripheralInit_SPI1_Master
    main.o(i.main) refers to lcd.o(i.delaychung) for delaychung
    main.o(i.main) refers to keyboard.o(i.NVIC_Configuration) for NVIC_Configuration
    main.o(i.main) refers to keyboard.o(i.EnableUart_2) for EnableUart_2
    main.o(i.main) refers to lcd.o(i.i2c_init) for i2c_init
    main.o(i.main) refers to lcd.o(i.lcd_init) for lcd_init
    main.o(i.main) refers to main.o(i.Inform_Select_Mode) for Inform_Select_Mode
    main.o(i.main) refers to lcd.o(i.Delete_LCD) for Delete_LCD
    main.o(i.main) refers to keyboard.o(i._send) for _send
    main.o(i.main) refers to keyboard.o(i._SendString) for _SendString
    main.o(i.main) refers to main.o(i.EmptyString) for EmptyString
    main.o(i.main) refers to stm32f10x_gpio.o(i.GPIO_ReadInputDataBit) for GPIO_ReadInputDataBit
    main.o(i.main) refers to ram.o(i.SetMode) for SetMode
    main.o(i.main) refers to ram.o(i.WriteArray) for WriteArray
    main.o(i.main) refers to ram.o(i.ReadArray) for ReadArray
    main.o(i.main) refers to main.o(.data) for _readdata
    main.o(i.main) refers to main.o(.bss) for Stringkey
    lcd.o(i.Delete_LCD) refers to lcd.o(i.lcd_Control_Write) for lcd_Control_Write
    lcd.o(i.Delete_LCD) refers to lcd.o(i.delaychung) for delaychung
    lcd.o(i.i2c_init) refers to stm32f10x_rcc.o(i.RCC_APB1PeriphClockCmd) for RCC_APB1PeriphClockCmd
    lcd.o(i.i2c_init) refers to stm32f10x_rcc.o(i.RCC_APB2PeriphClockCmd) for RCC_APB2PeriphClockCmd
    lcd.o(i.i2c_init) refers to stm32f10x_gpio.o(i.GPIO_Init) for GPIO_Init
    lcd.o(i.i2c_init) refers to stm32f10x_i2c.o(i.I2C_Init) for I2C_Init
    lcd.o(i.i2c_init) refers to stm32f10x_i2c.o(i.I2C_Cmd) for I2C_Cmd
    lcd.o(i.i2c_init) refers to lcd.o(.data) for GPIO_InitStructure
    lcd.o(i.i2c_init) refers to lcd.o(.bss) for I2C_InitStructure
    lcd.o(i.lcd_Control_Write) refers to lcd.o(i.lcd_Write_byte) for lcd_Write_byte
    lcd.o(i.lcd_Data_Write) refers to lcd.o(i.lcd_Write_byte) for lcd_Write_byte
    lcd.o(i.lcd_Write_byte) refers to stm32f10x_i2c.o(i.I2C_GenerateSTART) for I2C_GenerateSTART
    lcd.o(i.lcd_Write_byte) refers to stm32f10x_i2c.o(i.I2C_CheckEvent) for I2C_CheckEvent
    lcd.o(i.lcd_Write_byte) refers to stm32f10x_i2c.o(i.I2C_Send7bitAddress) for I2C_Send7bitAddress
    lcd.o(i.lcd_Write_byte) refers to stm32f10x_i2c.o(i.I2C_SendData) for I2C_SendData
    lcd.o(i.lcd_Write_byte) refers to stm32f10x_i2c.o(i.I2C_GenerateSTOP) for I2C_GenerateSTOP
    lcd.o(i.lcd_goto_XY) refers to lcd.o(i.lcd_Control_Write) for lcd_Control_Write
    lcd.o(i.lcd_init) refers to lcd.o(i.lcd_Control_Write) for lcd_Control_Write
    lcd.o(i.lcd_init) refers to lcd.o(i.delaychung) for delaychung
    lcd.o(i.lcd_send_string) refers to lcd.o(i.lcd_Data_Write) for lcd_Data_Write
    keyboard.o(i.EnableUart_2) refers to stm32f10x_rcc.o(i.RCC_APB2PeriphClockCmd) for RCC_APB2PeriphClockCmd
    keyboard.o(i.EnableUart_2) refers to stm32f10x_rcc.o(i.RCC_APB1PeriphClockCmd) for RCC_APB1PeriphClockCmd
    keyboard.o(i.EnableUart_2) refers to stm32f10x_gpio.o(i.GPIO_Init) for GPIO_Init
    keyboard.o(i.EnableUart_2) refers to stm32f10x_usart.o(i.USART_Init) for USART_Init
    keyboard.o(i.EnableUart_2) refers to stm32f10x_usart.o(i.USART_ITConfig) for USART_ITConfig
    keyboard.o(i.EnableUart_2) refers to stm32f10x_usart.o(i.USART_Cmd) for USART_Cmd
    keyboard.o(i.EnableUart_2) refers to keyboard.o(.data) for GPIO_InitStruct
    keyboard.o(i.EnableUart_2) refers to keyboard.o(.bss) for USART_InitStructure
    keyboard.o(i.NVIC_Configuration) refers to misc.o(i.NVIC_Init) for NVIC_Init
    keyboard.o(i._SendString) refers to keyboard.o(i._send) for _send
[...]
    ../clib/armsys.c                         0x00000000   Number         0  argv_veneer.o ABSOLUTE
    ../clib/armsys.c                         0x00000000   Number         0  _get_argv_nomalloc.o ABSOLUTE
    ../clib/armsys.c                         0x00000000   Number         0  no_argv.o ABSOLUTE
    ../clib/armsys.c                         0x00000000   Number         0  argv_veneer.o ABSOLUTE
    ../clib/heapalloc.c                      0x00000000   Number         0  hrguard.o ABSOLUTE
    ../clib/heapaux.c                        0x00000000   Number         0  heapauxi.o ABSOLUTE
    ../clib/libinit.s                        0x00000000   Number         0  libshutdown.o ABSOLUTE
    ../clib/libinit.s                        0x00000000   Number         0  libinit2.o ABSOLUTE
    ../clib/libinit.s                        0x00000000   Number         0  libshutdown2.o ABSOLUTE
    ../clib/libinit.s                        0x00000000   Number         0  libinit.o ABSOLUTE
    ../clib/longlong.s                       0x00000000   Number         0  lludivv7m.o ABSOLUTE
    ../clib/signal.c                         0x00000000   Number         0  defsig_fpe_outer.o ABSOLUTE
    ../clib/signal.c                         0x00000000   Number         0  defsig_general.o ABSOLUTE
    ../clib/signal.c                         0x00000000   Number         0  __raise.o ABSOLUTE
    ../clib/signal.c                         0x00000000   Number         0  defsig_other.o ABSOLUTE
    ../clib/signal.c                         0x00000000   Number         0  defsig_fpe_inner.o ABSOLUTE
    ../clib/signal.c                         0x00000000   Number         0  defsig_exit.o ABSOLUTE
    ../clib/signal.c                         0x00000000   Number         0  defsig_fpe_formal.o ABSOLUTE
    ../clib/signal.c                         0x00000000   Number         0  defsig_pvfn_inner.o ABSOLUTE
    ../clib/signal.c                         0x00000000   Number         0  defsig_abrt_inner.o ABSOLUTE
    ../clib/signal.c                         0x00000000   Number         0  defsig_rtred_inner.o ABSOLUTE
    ../clib/signal.c                         0x00000000   Number         0  defsig_segv_inner.o ABSOLUTE
    ../clib/signal.c                         0x00000000   Number         0  defsig_rtmem_inner.o ABSOLUTE
    ../clib/signal.c                         0x00000000   Number         0  defsig_rtmem_outer.o ABSOLUTE
    ../clib/signal.c                         0x00000000   Number         0  defsig_rtmem_formal.o ABSOLUTE
    ../clib/signal.c                         0x00000000   Number         0  defsig_stak_inner.o ABSOLUTE
    ../clib/signal.c                         0x00000000   Number         0  defsig_cppl_inner.o ABSOLUTE
    ../clib/signal.s                         0x00000000   Number         0  defsig.o ABSOLUTE
    ../clib/stdlib.c                         0x00000000   Number         0  exit.o ABSOLUTE
    ../fplib/fpinit.s                        0x00000000   Number         0  fpinit.o ABSOLUTE
    ..\HAL_CM.c                              0x00000000   Number         0  hal_cm.o ABSOLUTE
    ..\\rt_CMSIS.c                           0x00000000   Number         0  rt_cmsis.o ABSOLUTE
    ..\\rt_System.c                          0x00000000   Number         0  rt_system.o ABSOLUTE
    ..\rt_CMSIS.c                            0x00000000   Number         0  rt_cmsis.o ABSOLUTE
    ..\rt_Event.c                            0x00000000   Number         0  rt_event.o ABSOLUTE
    ..\rt_List.c                             0x00000000   Number         0  rt_list.o ABSOLUTE
    ..\rt_Mailbox.c                          0x00000000   Number         0  rt_mailbox.o ABSOLUTE
    ..\rt_MemBox.c                           0x00000000   Number         0  rt_membox.o ABSOLUTE
    ..\rt_Memory.c                           0x00000000   Number         0  rt_memory.o ABSOLUTE
    ..\rt_Mutex.c                            0x00000000   Number         0  rt_mutex.o ABSOLUTE
    ..\rt_Robin.c                            0x00000000   Number         0  rt_robin.o ABSOLUTE
    ..\rt_Semaphore.c                        0x00000000   Number         0  rt_semaphore.o ABSOLUTE
    ..\rt_System.c                           0x00000000   Number         0  rt_system.o ABSOLUTE
    ..\rt_Task.c                             0x00000000   Number         0  rt_task.o ABSOLUTE
    ..\rt_Time.c                             0x00000000   Number         0  rt_time.o ABSOLUTE
    C:\Keil_v5\ARM\PACK\Keil\STM32F1xx_DFP\2.2.0\Device\StdPeriph_Driver\src\misc.c 0x00000000   Number         0  misc.o ABSOLUTE
    C:\Keil_v5\ARM\PACK\Keil\STM32F1xx_DFP\2.2.0\Device\StdPeriph_Driver\src\stm32f10x_gpio.c 0x00000000   Number         0  stm32f10x_gpio.o ABSOLUTE
    C:\Keil_v5\ARM\PACK\Keil\STM32F1xx_DFP\2.2.0\Device\StdPeriph_Driver\src\stm32f10x_i2c.c 0x00000000   Number         0  stm32f10x_i2c.o ABSOLUTE
    C:\Keil_v5\ARM\PACK\Keil\STM32F1xx_DFP\2.2.0\Device\StdPeriph_Driver\src\stm32f10x_rcc.c 0x00000000   Number         0  stm32f10x_rcc.o ABSOLUTE
    C:\Keil_v5\ARM\PACK\Keil\STM32F1xx_DFP\2.2.0\Device\StdPeriph_Driver\src\stm32f10x_spi.c 0x00000000   Number         0  stm32f10x_spi.o ABSOLUTE
    C:\Keil_v5\ARM\PACK\Keil\STM32F1xx_DFP\2.2.0\Device\StdPeriph_Driver\src\stm32f10x_usart.c 0x00000000   Number         0  stm32f10x_usart.o ABSOLUTE
    C:\\Keil_v5\\ARM\\PACK\\Keil\\STM32F1xx_DFP\\2.2.0\\Device\\StdPeriph_Driver\\src\\misc.c 0x00000000   Number         0  misc.o ABSOLUTE
    C:\\Keil_v5\\ARM\\PACK\\Keil\\STM32F1xx_DFP\\2.2.0\\Device\\StdPeriph_Driver\\src\\stm32f10x_gpio.c 0x00000000   Number         0  stm32f10x_gpio.o ABSOLUTE
    C:\\Keil_v5\\ARM\\PACK\\Keil\\STM32F1xx_DFP\\2.2.0\\Device\\StdPeriph_Driver\\src\\stm32f10x_i2c.c 0x00000000   Number         0  stm32f10x_i2c.o ABSOLUTE
    C:\\Keil_v5\\ARM\\PACK\\Keil\\STM32F1xx_DFP\\2.2.0\\Device\\StdPeriph_Driver\\src\\stm32f10x_rcc.c 0x00000000   Number         0  stm32f10x_rcc.o ABSOLUTE
    C:\\Keil_v5\\ARM\\PACK\\Keil\\STM32F1xx_DFP\\2.2.0\\Device\\StdPeriph_Driver\\src\\stm32f10x_spi.c 0x00000000   Number         0  stm32f10x_spi.o ABSOLUTE
    C:\\Keil_v5\\ARM\\PACK\\Keil\\STM32F1xx_DFP\\2.2.0\\Device\\StdPeriph_Driver\\src\\stm32f10x_usart.c 0x00000000   Number         0  stm32f10x_usart.o ABSOLUTE
    HAL_CM3.c                                0x00000000   Number         0  hal_cm3.o ABSOLUTE
    HAL_CM3.c                                0x00000000   Number         0  hal_cm3.o ABSOLUTE
    RTE\CMSIS\RTX_Conf_CM.c                  0x00000000   Number         0  rtx_conf_cm.o ABSOLUTE
    RTE\Device\STM32F103C8\startup_stm32f10x_md.s 0x00000000   Number         0  startup_stm32f10x_md.o ABSOLUTE
    RTE\Device\STM32F103C8\system_stm32f10x.c 0x00000000   Number         0  system_stm32f10x.o ABSOLUTE
    RTE\\CMSIS\\RTX_Conf_CM.c                0x00000000   Number         0  rtx_conf_cm.o ABSOLUTE
    RTE\\Device\\STM32F103C8\\system_stm32f10x.c 0x00000000   Number         0  system_stm32f10x.o ABSOLUTE
    SVC_Table.s                              0x00000000   Number         0  svc_table.o ABSOLUTE
    dc.s                                     0x00000000   Number         0  dc.o ABSOLUTE
    keyboard.c                               0x00000000   Number         0  keyboard.o ABSOLUTE
    keyboard.c                               0x00000000   Number         0  keyboard.o ABSOLUTE
    lcd.c                                    0x00000000   Number         0  lcd.o ABSOLUTE
    lcd.c                                    0x00000000   Number         0  lcd.o ABSOLUTE
    main.c                                   0x00000000   Number         0  main.o ABSOLUTE
    main.c                                   0x00000000   Number         0  main.o ABSOLUTE
    ram.c                                    0x00000000   Number         0  ram.o ABSOLUTE
    ram.c                                    0x00000000   Number         0  ram.o ABSOLUTE
    RESET                                    0x08000000   Section      236  startup_stm32f10x_md.o(RESET)
    !!!main                                  0x080000ec   Section        8  __main.o(!!!main)
    !!!scatter                               0x080000f4   Section       52  __scatter.o(!!!scatter)
    !!handler_copy                           0x08000128   Section       26  __scatter_copy.o(!!handler_copy)
    !!handler_zi                             0x08000144   Section       28  __scatter_zi.o(!!handler_zi)
    .ARM.Collect$$libinit$$00000000          0x08000160   Section        2  libinit.o(.ARM.Collect$$libinit$$00000000)
    .ARM.Collect$$libinit$$00000002          0x08000162   Section        0  libinit2.o(.ARM.Collect$$libinit$$00000002)
    .ARM.Collect$$libinit$$00000004          0x08000162   Section        0  libinit2.o(.ARM.Collect$$libinit$$00000004)
    .ARM.Collect$$libinit$$0000000A          0x08000162   Section        0  libinit2.o(.ARM.Collect$$libinit$$0000000A)
    .ARM.Collect$$libinit$$0000000C          0x08000162   Section        0  libinit2.o(.ARM.Collect$$libinit$$0000000C)
    .ARM.Collect$$libinit$$0000000E          0x08000162   Section        0  libinit2.o(.ARM.Collect$$libinit$$0000000E)
    .ARM.Collect$$libinit$$00000011          0x08000162   Section        0  libinit2.o(.ARM.Collect$$libinit$$00000011)
    .ARM.Collect$$libinit$$00000013          0x08000162   Section        0  libinit2.o(.ARM.Collect$$libinit$$00000013)
    .ARM.Collect$$libinit$$00000015          0x08000162   Section        0  libinit2.o(.ARM.Collect$$libinit$$00000015)
    .ARM.Collect$$libinit$$00000017          0x08000162   Section        0  libinit2.o(.ARM.Collect$$libinit$$00000017)
    .ARM.Collect$$libinit$$00000019          0x08000162   Section        0  libinit2.o(.ARM.Collect$$libinit$$00000019)
    .ARM.Collect$$libinit$$0000001B          0x08000162   Section        0  libinit2.o(.ARM.Collect$$libinit$$0000001B)
    .ARM.Collect$$libinit$$0000001D          0x08000162   Section        0  libinit2.o(.ARM.Collect$$libinit$$0000001D)
    .ARM.Collect$$libinit$$0000001F          0x08000162   Section        0  libinit2.o(.ARM.Collect$$libinit$$0000001F)
    .ARM.Collect$$libinit$$00000021          0x08000162   Section        0  libinit2.o(.ARM.Collect$$libinit$$00000021)
    .ARM.Collect$$libinit$$00000023          0x08000162   Section        0  libinit2.o(.ARM.Collect$$libinit$$00000023)
    .ARM.Collect$$libinit$$00000025          0x08000162   Section        0  libinit2.o(.ARM.Collect$$libinit$$00000025)
    .ARM.Collect$$libinit$$0000002C          0x08000162   Section        0  libinit2.o(.ARM.Collect$$libinit$$0000002C)
    .ARM.Collect$$libinit$$0000002E          0x08000162   Section        0  libinit2.o(.ARM.Collect$$libinit$$0000002E)
    .ARM.Collect$$libinit$$00000030          0x08000162   Section        0  libinit2.o(.ARM.Collect$$libinit$$00000030)
    .ARM.Collect$$libinit$$00000032          0x08000162   Section        0  libinit2.o(.ARM.Collect$$libinit$$00000032)
    .ARM.Collect$$libinit$$00000033          0x08000162   Section        2  libinit2.o(.ARM.Collect$$libinit$$00000033)
    .ARM.Collect$$libshutdown$$00000000      0x08000164   Section        2  libshutdown.o(.ARM.Collect$$libshutdown$$00000000)
    .ARM.Collect$$libshutdown$$00000002      0x08000166   Section        0  libshutdown2.o(.ARM.Collect$$libshutdown$$00000002)
    .ARM.Collect$$libshutdown$$00000004      0x08000166   Section        0  libshutdown2.o(.ARM.Collect$$libshutdown$$00000004)
    .ARM.Collect$$libshutdown$$00000007      0x08000166   Section        0  libshutdown2.o(.ARM.Collect$$libshutdown$$00000007)
    .ARM.Collect$$libshutdown$$0000000A      0x08000166   Section        0  libshutdown2.o(.ARM.Collect$$libshutdown$$0000000A)
    .ARM.Collect$$libshutdown$$0000000C      0x08000166   Section        0  libshutdown2.o(.ARM.Collect$$libshutdown$$0000000C)
    .ARM.Collect$$libshutdown$$0000000F      0x08000166   Section        0  libshutdown2.o(.ARM.Collect$$libshutdown$$0000000F)
    .ARM.Collect$$libshutdown$$00000010      0x08000166   Section        2  libshutdown2.o(.ARM.Collect$$libshutdown$$00000010)
    .ARM.Collect$$rtentry$$00000000          0x08000168   Section        0  __rtentry.o(.ARM.Collect$$rtentry$$00000000)
    .ARM.Collect$$rtentry$$00000002          0x08000168   Section        0  __rtentry2.o(.ARM.Collect$$rtentry$$00000002)
    .ARM.Collect$$rtentry$$00000004          0x08000168   Section        6  __rtentry4.o(.ARM.Collect$$rtentry$$00000004)
    .ARM.Collect$$rtentry$$00000009          0x0800016e   Section        0  __rtentry2.o(.ARM.Collect$$rtentry$$00000009)
    .ARM.Collect$$rtentry$$0000000A          0x0800016e   Section        4  __rtentry2.o(.ARM.Collect$$rtentry$$0000000A)
    .ARM.Collect$$rtentry$$0000000B          0x08000172   Section        8  __rtentry2.o(.ARM.Collect$$rtentry$$0000000B)
    .ARM.Collect$$rtentry$$0000000D          0x0800017a   Section        8  __rtentry2.o(.ARM.Collect$$rtentry$$0000000D)
    .ARM.Collect$$rtexit$$00000000           0x08000182   Section        2  rtexit.o(.ARM.Collect$$rtexit$$00000000)
    .ARM.Collect$$rtexit$$00000002           0x08000184   Section        0  rtexit2.o(.ARM.Collect$$rtexit$$00000002)
    .ARM.Collect$$rtexit$$00000003           0x08000184   Section        4  rtexit2.o(.ARM.Collect$$rtexit$$00000003)
    .ARM.Collect$$rtexit$$00000004           0x08000188   Section        6  rtexit2.o(.ARM.Collect$$rtexit$$00000004)
    .emb_text                                0x08000190   Section       28  rtx_conf_cm.o(.emb_text)
    .emb_text                                0x080001ac   Section      304  hal_cm3.o(.emb_text)
    .text                                    0x080002dc   Section       64  startup_stm32f10x_md.o(.text)
    .text                                    0x0800031c   Section        8  libspace.o(.text)
    .text                                    0x08000324   Section        0  exit.o(.text)
    .text                                    0x08000336   Section        0  heapauxi.o(.text)
    .text                                    0x0800033c   Section        0  sys_exit.o(.text)
    .text                                    0x08000348   Section       74  sys_stackheap_outer.o(.text)
    .text                                    0x08000392   Section        2  use_no_semi.o(.text)
    .text                                    0x08000394   Section        0  indicate_semi.o(.text)
    SVC_TABLE                                0x08000394   Section        4  svc_table.o(SVC_TABLE)
    i.Delete_LCD                             0x08000398   Section        0  lcd.o(i.Delete_LCD)
    i.EmptyString                            0x080003a8   Section        0  main.o(i.EmptyString)
    i.EnableUart_2                           0x080003c0   Section        0  keyboard.o(i.EnableUart_2)
    i.GPIO_Init                              0x08000450   Section        0  stm32f10x_gpio.o(i.GPIO_Init)
    i.GPIO_ReadInputDataBit                  0x08000566   Section        0  stm32f10x_gpio.o(i.GPIO_ReadInputDataBit)
    i.GPIO_ResetBits                         0x08000578   Section        0  stm32f10x_gpio.o(i.GPIO_ResetBits)
    i.GPIO_SetBits                           0x0800057c   Section        0  stm32f10x_gpio.o(i.GPIO_SetBits)
    i.I2C_CheckEvent                         0x08000580   Section        0  stm32f10x_i2c.o(i.I2C_CheckEvent)
    i.I2C_Cmd                                0x080005aa   Section        0  stm32f10x_i2c.o(i.I2C_Cmd)
    i.I2C_GenerateSTART                      0x080005c2   Section        0  stm32f10x_i2c.o(i.I2C_GenerateSTART)
    i.I2C_GenerateSTOP                       0x080005da   Section        0  stm32f10x_i2c.o(i.I2C_GenerateSTOP)
    i.I2C_Init                               0x080005f4   Section        0  stm32f10x_i2c.o(i.I2C_Init)
    i.I2C_Send7bitAddress                    0x080006e0   Section        0  stm32f10x_i2c.o(i.I2C_Send7bitAddress)
    i.I2C_SendData                           0x080006f2   Section        0  stm32f10x_i2c.o(i.I2C_SendData)
    i.Inform_Select_Mode                     0x080006f8   Section        0  main.o(i.Inform_Select_Mode)
    i.NVIC_Configuration                     0x08000750   Section        0  keyboard.o(i.NVIC_Configuration)
    i.NVIC_Init                              0x0800076c   Section        0  misc.o(i.NVIC_Init)
    i.PeripheralInit_SPI1_Master             0x080007dc   Section        0  ram.o(i.PeripheralInit_SPI1_Master)
    i.RCC_APB1PeriphClockCmd                 0x08000864   Section        0  stm32f10x_rcc.o(i.RCC_APB1PeriphClockCmd)
    i.RCC_APB2PeriphClockCmd                 0x08000884   Section        0  stm32f10x_rcc.o(i.RCC_APB2PeriphClockCmd)
    i.RCC_GetClocksFreq                      0x080008a4   Section        0  stm32f10x_rcc.o(i.RCC_GetClocksFreq)
    i.ReadArray                              0x08000978   Section        0  ram.o(i.ReadArray)
    i.SPI_Cmd                                0x080009cc   Section        0  stm32f10x_spi.o(i.SPI_Cmd)
    i.SPI_I2S_GetFlagStatus                  0x080009e4   Section        0  stm32f10x_spi.o(i.SPI_I2S_GetFlagStatus)
    i.SPI_I2S_ReceiveData                    0x080009f6   Section        0  stm32f10x_spi.o(i.SPI_I2S_ReceiveData)
    i.SPI_I2S_SendData                       0x080009fc   Section        0  stm32f10x_spi.o(i.SPI_I2S_SendData)
    i.SPI_Init                               0x08000a00   Section        0  stm32f10x_spi.o(i.SPI_Init)
    i.SetMode                                0x08000a3c   Section        0  ram.o(i.SetMode)
    i.SetSysClock                            0x08000a64   Section        0  system_stm32f10x.o(i.SetSysClock)
    SetSysClock                              0x08000a65   Thumb Code     8  system_stm32f10x.o(i.SetSysClock)
    i.SetSysClockTo72                        0x08000a6c   Section        0  system_stm32f10x.o(i.SetSysClockTo72)
    SetSysClockTo72                          0x08000a6d   Thumb Code   214  system_stm32f10x.o(i.SetSysClockTo72)
    i.SystemInit                             0x08000b4c   Section        0  system_stm32f10x.o(i.SystemInit)
    i.USART2_IRQHandler                      0x08000bac   Section        0  main.o(i.USART2_IRQHandler)
    i.USART_ClearITPendingBit                0x08000c5c   Section        0  stm32f10x_usart.o(i.USART_ClearITPendingBit)
    i.USART_Cmd                              0x08000c7a   Section        0  stm32f10x_usart.o(i.USART_Cmd)
    i.USART_GetFlagStatus                    0x08000c92   Section        0  stm32f10x_usart.o(i.USART_GetFlagStatus)
    i.USART_GetITStatus                      0x08000cac   Section        0  stm32f10x_usart.o(i.USART_GetITStatus)
    i.USART_ITConfig                         0x08000d00   Section        0  stm32f10x_usart.o(i.USART_ITConfig)
    i.USART_Init                             0x08000d4c   Section        0  stm32f10x_usart.o(i.USART_Init)
    i.USART_ReceiveData                      0x08000e24   Section        0  stm32f10x_usart.o(i.USART_ReceiveData)
    i.USART_SendData                         0x08000e2e   Section        0  stm32f10x_usart.o(i.USART_SendData)
    i.WriteArray                             0x08000e38   Section        0  ram.o(i.WriteArray)
    i._SendString                            0x08000e7c   Section        0  keyboard.o(i._SendString)
    i._init_box                              0x08000e94   Section        0  rt_membox.o(i._init_box)
    i._mutex_acquire                         0x08000edc   Section        0  rtx_conf_cm.o(i._mutex_acquire)
    __tagsym$$used                           0x08000edd   Number         0  rtx_conf_cm.o(i._mutex_acquire)
    i._mutex_release                         0x08000efc   Section        0  rtx_conf_cm.o(i._mutex_release)
    __tagsym$$used                           0x08000efd   Number         0  rtx_conf_cm.o(i._mutex_release)
    i._send                                  0x08000f18   Section        0  keyboard.o(i._send)
    i.dbg_init                               0x08000f38   Section        0  hal_cm.o(i.dbg_init)
    i.dbg_task_notify                        0x08000f68   Section        0  hal_cm.o(i.dbg_task_notify)
    i.dbg_task_switch                        0x08000f88   Section        0  hal_cm.o(i.dbg_task_switch)
    i.delaychung                             0x08000f98   Section        0  lcd.o(i.delaychung)
    i.i2c_init                               0x08000fb0   Section        0  lcd.o(i.i2c_init)
    i.isrMessageGet                          0x08001018   Section        0  rt_cmsis.o(i.isrMessageGet)
    i.isrMessagePut                          0x08001042   Section        0  rt_cmsis.o(i.isrMessagePut)
    i.isr_mbx_receive                        0x08001070   Section        0  rt_mailbox.o(i.isr_mbx_receive)
    i.isr_mbx_send                           0x080010c2   Section        0  rt_mailbox.o(i.isr_mbx_send)
    i.lcd_Control_Write                      0x080010d0   Section        0  lcd.o(i.lcd_Control_Write)
    i.lcd_Data_Write                         0x08001112   Section        0  lcd.o(i.lcd_Data_Write)
    i.lcd_Write_byte                         0x08001158   Section        0  lcd.o(i.lcd_Write_byte)
    i.lcd_goto_XY                            0x080011b8   Section        0  lcd.o(i.lcd_goto_XY)
    i.lcd_init                               0x080011de   Section        0  lcd.o(i.lcd_init)
    i.lcd_send_string                        0x08001236   Section        0  lcd.o(i.lcd_send_string)
    i.main                                   0x0800124c   Section        0  main.o(i.main)
    i.osKernelInitialize                     0x08001404   Section        0  rt_cmsis.o(i.osKernelInitialize)
    i.osKernelStart                          0x08001428   Section        0  rt_cmsis.o(i.osKernelStart)
    i.osMessageGet                           0x08001494   Section        0  rt_cmsis.o(i.osMessageGet)
    i.osThreadCreate                         0x080014ac   Section        0  rt_cmsis.o(i.osThreadCreate)
    i.osThreadExit                           0x080014dc   Section        0  rt_cmsis.o(i.osThreadExit)
    i.osTimerCall                            0x080014f4   Section        0  rt_cmsis.o(i.osTimerCall)
    i.osTimerThread                          0x08001500   Section        0  rt_cmsis.o(i.osTimerThread)
    i.os_error                               0x0800152c   Section        0  rtx_conf_cm.o(i.os_error)
    i.os_idle_demon                          0x0800154e   Section        0  rtx_conf_cm.o(i.os_idle_demon)
    i.os_tick_init                           0x08001554   Section        0  rt_system.o(i.os_tick_init)
    i.os_tick_irqack                         0x0800157c   Section        0  rt_system.o(i.os_tick_irqack)
    i.rt_alloc_box                           0x0800157e   Section        0  rt_membox.o(i.rt_alloc_box)
    i.rt_alloc_mem                           0x08001598   Section        0  rt_memory.o(i.rt_alloc_mem)
    i.rt_block                               0x080015d8   Section        0  rt_task.o(i.rt_block)
    i.rt_chk_robin                           0x08001610   Section        0  rt_robin.o(i.rt_chk_robin)
    i.rt_dec_dly                             0x08001658   Section        0  rt_list.o(i.rt_dec_dly)
    i.rt_dispatch                            0x080016c8   Section        0  rt_task.o(i.rt_dispatch)
    i.rt_evt_psh                             0x0800170c   Section        0  rt_event.o(i.rt_evt_psh)
    i.rt_free_box                            0x0800175c   Section        0  rt_membox.o(i.rt_free_box)
    i.rt_free_mem                            0x08001788   Section        0  rt_memory.o(i.rt_free_mem)
    i.rt_get_first                           0x080017b0   Section        0  rt_list.o(i.rt_get_first)
    i.rt_id2obj                              0x080017d8   Section        0  rt_cmsis.o(i.rt_id2obj)
    rt_id2obj                                0x080017d9   Thumb Code     8  rt_cmsis.o(i.rt_id2obj)
    i.rt_init_context                        0x080017e0   Section        0  rt_task.o(i.rt_init_context)
    rt_init_context                          0x080017e1   Thumb Code    66  rt_task.o(i.rt_init_context)
    i.rt_init_mem                            0x08001828   Section        0  rt_memory.o(i.rt_init_mem)
    i.rt_init_robin                          0x08001844   Section        0  rt_robin.o(i.rt_init_robin)
    i.rt_init_stack                          0x0800185c   Section        0  hal_cm.o(i.rt_init_stack)
    i.rt_mbx_check                           0x080018dc   Section        0  rt_mailbox.o(i.rt_mbx_check)
    i.rt_mbx_init                            0x080018e4   Section        0  rt_mailbox.o(i.rt_mbx_init)
    i.rt_mbx_psh                             0x08001900   Section        0  rt_mailbox.o(i.rt_mbx_psh)
    i.rt_mbx_wait                            0x080019f0   Section        0  rt_mailbox.o(i.rt_mbx_wait)
    i.rt_ms2tick                             0x08001aa4   Section        0  rt_cmsis.o(i.rt_ms2tick)
    rt_ms2tick                               0x08001aa5   Thumb Code    58  rt_cmsis.o(i.rt_ms2tick)
    i.rt_mut_release                         0x08001ae8   Section        0  rt_mutex.o(i.rt_mut_release)
    i.rt_mut_wait                            0x08001bc0   Section        0  rt_mutex.o(i.rt_mut_wait)
    i.rt_pop_req                             0x08001c28   Section        0  rt_system.o(i.rt_pop_req)
    i.rt_psh_req                             0x08001ca4   Section        0  rt_system.o(i.rt_psh_req)
    i.rt_psq_enq                             0x08001cc4   Section        0  rt_list.o(i.rt_psq_enq)
    i.rt_put_dly                             0x08001d20   Section        0  rt_list.o(i.rt_put_dly)
    i.rt_put_prio                            0x08001d68   Section        0  rt_list.o(i.rt_put_prio)
    i.rt_put_rdy_first                       0x08001da0   Section        0  rt_list.o(i.rt_put_rdy_first)
    i.rt_resort_prio                         0x08001db4   Section        0  rt_list.o(i.rt_resort_prio)
    i.rt_ret_val                             0x08001de8   Section        0  hal_cm.o(i.rt_ret_val)
    i.rt_ret_val2                            0x08001dee   Section        0  hal_cm.o(i.rt_ret_val2)
    i.rt_rmv_dly                             0x08001df6   Section        0  rt_list.o(i.rt_rmv_dly)
    i.rt_rmv_list                            0x08001e20   Section        0  rt_list.o(i.rt_rmv_list)
    i.rt_sem_psh                             0x08001e50   Section        0  rt_semaphore.o(i.rt_sem_psh)
    i.rt_stk_check                           0x08001e84   Section        0  rt_system.o(i.rt_stk_check)
    i.rt_switch_req                          0x08001ea8   Section        0  rt_task.o(i.rt_switch_req)
    i.rt_sys_init                            0x08001ed0   Section        0  rt_task.o(i.rt_sys_init)
    i.rt_sys_start                           0x08001f9c   Section        0  rt_task.o(i.rt_sys_start)
    i.rt_systick                             0x08002014   Section        0  rt_system.o(i.rt_systick)
    i.rt_tid2ptcb                            0x08002054   Section        0  rt_cmsis.o(i.rt_tid2ptcb)
    rt_tid2ptcb                              0x08002055   Thumb Code    18  rt_cmsis.o(i.rt_tid2ptcb)
    i.rt_timer_insert                        0x08002068   Section        0  rt_cmsis.o(i.rt_timer_insert)
    rt_timer_insert                          0x08002069   Thumb Code    48  rt_cmsis.o(i.rt_timer_insert)
    i.rt_tsk_create                          0x0800209c   Section        0  rt_task.o(i.rt_tsk_create)
    i.rt_tsk_delete                          0x08002124   Section        0  rt_task.o(i.rt_tsk_delete)
    i.rt_tsk_prio                            0x080022a0   Section        0  rt_task.o(i.rt_tsk_prio)
    i.rt_tsk_self                            0x0800231c   Section        0  rt_task.o(i.rt_tsk_self)
    i.svcKernelInitialize                    0x0800232c   Section        0  rt_cmsis.o(i.svcKernelInitialize)
    i.svcKernelStart                         0x0800239c   Section        0  rt_cmsis.o(i.svcKernelStart)
    i.svcMessageCreate                       0x080023e4   Section        0  rt_cmsis.o(i.svcMessageCreate)
    i.svcMessageGet                          0x08002408   Section        0  rt_cmsis.o(i.svcMessageGet)
    i.svcThreadCreate                        0x08002444   Section        0  rt_cmsis.o(i.svcThreadCreate)
    i.svcThreadGetId                         0x080024b4   Section        0  rt_cmsis.o(i.svcThreadGetId)
    i.svcThreadTerminate                     0x080024d0   Section        0  rt_cmsis.o(i.svcThreadTerminate)
    i.svcTimerCall                           0x08002508   Section        0  rt_cmsis.o(i.svcTimerCall)
    i.sysTimerTick                           0x08002520   Section        0  rt_cmsis.o(i.sysTimerTick)
    i.transfer                               0x0800257c   Section        0  ram.o(i.transfer)
    i.transfer_8b_SPI1_Master                0x080025d8   Section        0  ram.o(i.transfer_8b_SPI1_Master)
    .constdata                               0x08002610   Section       86  rtx_conf_cm.o(.constdata)
    __tagsym$$used                           0x0800262c   Number         0  rtx_conf_cm.o(.constdata)
    __tagsym$$used                           0x08002630   Number         0  rtx_conf_cm.o(.constdata)
    __tagsym$$used                           0x08002634   Number         0  rtx_conf_cm.o(.constdata)
    __tagsym$$used                           0x08002638   Number         0  rtx_conf_cm.o(.constdata)
    .data                                    0x20000000   Section      100  main.o(.data)
    .data                                    0x20000064   Section        4  lcd.o(.data)
    .data                                    0x20000068   Section        4  keyboard.o(.data)
    .data                                    0x2000006c   Section        4  ram.o(.data)
    .data                                    0x20000070   Section       36  rtx_conf_cm.o(.data)
    nr_mutex                                 0x20000080   Data           4  rtx_conf_cm.o(.data)
    .data                                    0x20000094   Section       20  stm32f10x_rcc.o(.data)
    APBAHBPrescTable                         0x20000094   Data          16  stm32f10x_rcc.o(.data)
    ADCPrescTable                            0x200000a4   Data           4  stm32f10x_rcc.o(.data)
    .data                                    0x200000a8   Section        8  rt_cmsis.o(.data)
    .data                                    0x200000b0   Section        8  rt_task.o(.data)
    .data                                    0x200000b8   Section        8  rt_system.o(.data)
    os_lock                                  0x200000b8   Data           1  rt_system.o(.data)
    os_psh_flag                              0x200000b9   Data           1  rt_system.o(.data)
    pend_flags                               0x200000ba   Data           1  rt_system.o(.data)
    .data                                    0x200000c0   Section        4  rt_time.o(.data)
    .data                                    0x200000c4   Section        8  rt_robin.o(.data)
    .data                                    0x200000cc   Section        1  hal_cm.o(.data)
    .bss                                     0x200000d0   Section      100  main.o(.bss)
    .bss                                     0x20000134   Section       16  lcd.o(.bss)
    .bss                                     0x20000144   Section       16  keyboard.o(.bss)
    .bss                                     0x20000154   Section       18  ram.o(.bss)
    .bss                                     0x20000168   Section     3016  rtx_conf_cm.o(.bss)
    std_libspace                             0x20000a10   Data         672  rtx_conf_cm.o(.bss)
    std_libmutex                             0x20000cb0   Data         128  rtx_conf_cm.o(.bss)
    .bss                                     0x20000d30   Section       52  rt_task.o(.bss)
    .bss                                     0x20000d64   Section       48  rt_list.o(.bss)
    .bss                                     0x20000d94   Section       96  libspace.o(.bss)
    HEAP                                     0x20000df8   Section      512  startup_stm32f10x_md.o(HEAP)
    Heap_Mem                                 0x20000df8   Data         512  startup_stm32f10x_md.o(HEAP)
    STACK                                    0x20000ff8   Section     1024  startup_stm32f10x_md.o(STACK)
    Stack_Mem                                0x20000ff8   Data        1024  startup_stm32f10x_md.o(STACK)
    __initial_sp                             0x200013f8   Data           0  startup_stm32f10x_md.o(STACK)

    Global Symbols

    Symbol Name                              Value     Ov Type        Size  Object(Section)

    BuildAttributes$$THM_ISAv4$P$D$K$B$S$PE$A:L22UL41UL21$X:L11$S22US41US21$IEEE1$IW$USESV6$~STKCKD$USESV7$~SHL$OSPACE$ROPI$EBA8$UX$STANDARDLIB$REQ8$PRES8$EABIv2 0x00000000   Number         0  anon$$obj.o ABSOLUTE
    __ARM_use_no_argv                        0x00000000   Number         0  main.o ABSOLUTE
    __ARM_exceptions_init                     - Undefined Weak Reference
    __alloca_initialize                       - Undefined Weak Reference
    __arm_preinit_                            - Undefined Weak Reference
    __cpp_initialize__aeabi_                  - Undefined Weak Reference
    __cxa_finalize                            - Undefined Weak Reference
    __rt_locale                               - Undefined Weak Reference
    __sigvec_lookup                           - Undefined Weak Reference
    _atexit_init                              - Undefined Weak Reference
    _call_atexit_fns                          - Undefined Weak Reference
    _clock_init                               - Undefined Weak Reference
    _fp_trap_init                             - Undefined Weak Reference
    _fp_trap_shutdown                         - Undefined Weak Reference
    _get_lc_collate                           - Undefined Weak Reference
    _get_lc_ctype                             - Undefined Weak Reference
    _get_lc_monetary                          - Undefined Weak Reference
    _get_lc_numeric                           - Undefined Weak Reference
    _get_lc_time                              - Undefined Weak Reference
    _getenv_init                              - Undefined Weak Reference
    _handle_redirection                       - Undefined Weak Reference
    _init_alloc                               - Undefined Weak Reference
    _init_user_alloc                          - Undefined Weak Reference
    _initio                                   - Undefined Weak Reference
    _rand_init                                - Undefined Weak Reference
    _signal_finish                            - Undefined Weak Reference
    _signal_init                              - Undefined Weak Reference
    _terminate_alloc                          - Undefined Weak Reference
    _terminate_user_alloc                     - Undefined Weak Reference
    _terminateio                              - Undefined Weak Reference
    __Vectors_Size                           0x000000ec   Number         0  startup_stm32f10x_md.o ABSOLUTE
    __RL_RTX_VER                             0x00000480   Number         0  rt_system.o ABSOLUTE
    __Vectors                                0x08000000   Data           4  startup_stm32f10x_md.o(RESET)
    __Vectors_End                            0x080000ec   Data           0  startup_stm32f10x_md.o(RESET)
    __main                                   0x080000ed   Thumb Code     8  __main.o(!!!main)
    __scatterload                            0x080000f5   Thumb Code     0  __scatter.o(!!!scatter)
    __scatterload_rt2                        0x080000f5   Thumb Code    44  __scatter.o(!!!scatter)
    __scatterload_rt2_thumb_only             0x080000f5   Thumb Code     0  __scatter.o(!!!scatter)
    __scatterload_null                       0x08000103   Thumb Code     0  __scatter.o(!!!scatter)
    __scatterload_copy                       0x08000129   Thumb Code    26  __scatter_copy.o(!!handler_copy)
    __scatterload_zeroinit                   0x08000145   Thumb Code    28  __scatter_zi.o(!!handler_zi)
    __rt_lib_init                            0x08000161   Thumb Code     0  libinit.o(.ARM.Collect$$libinit$$00000000)
    __rt_lib_init_alloca_1                   0x08000163   Thumb Code     0  libinit2.o(.ARM.Collect$$libinit$$0000002E)
    __rt_lib_init_argv_1                     0x08000163   Thumb Code     0  libinit2.o(.ARM.Collect$$libinit$$0000002C)
    __rt_lib_init_atexit_1                   0x08000163   Thumb Code     0  libinit2.o(.ARM.Collect$$libinit$$0000001B)
    __rt_lib_init_clock_1                    0x08000163   Thumb Code     0  libinit2.o(.ARM.Collect$$libinit$$00000021)
    __rt_lib_init_cpp_1                      0x08000163   Thumb Code     0  libinit2.o(.ARM.Collect$$libinit$$00000032)
    __rt_lib_init_exceptions_1               0x08000163   Thumb Code     0  libinit2.o(.ARM.Collect$$libinit$$00000030)
    __rt_lib_init_fp_1                       0x08000163   Thumb Code     0  libinit2.o(.ARM.Collect$$libinit$$00000002)
    __rt_lib_init_fp_trap_1                  0x08000163   Thumb Code     0  libinit2.o(.ARM.Collect$$libinit$$0000001F)
    __rt_lib_init_getenv_1                   0x08000163   Thumb Code     0  libinit2.o(.ARM.Collect$$libinit$$00000023)
    __rt_lib_init_heap_1                     0x08000163   Thumb Code     0  libinit2.o(.ARM.Collect$$libinit$$0000000A)
    __rt_lib_init_lc_collate_1               0x08000163   Thumb Code     0  libinit2.o(.ARM.Collect$$libinit$$00000011)
    __rt_lib_init_lc_ctype_1                 0x08000163   Thumb Code     0  libinit2.o(.ARM.Collect$$libinit$$00000013)
    __rt_lib_init_lc_monetary_1              0x08000163   Thumb Code     0  libinit2.o(.ARM.Collect$$libinit$$00000015)
    __rt_lib_init_lc_numeric_1               0x08000163   Thumb Code     0  libinit2.o(.ARM.Collect$$libinit$$00000017)
    __rt_lib_init_lc_time_1                  0x08000163   Thumb Code     0  libinit2.o(.ARM.Collect$$libinit$$00000019)
    __rt_lib_init_preinit_1                  0x08000163   Thumb Code     0  libinit2.o(.ARM.Collect$$libinit$$00000004)
    __rt_lib_init_rand_1                     0x08000163   Thumb Code     0  libinit2.o(.ARM.Collect$$libinit$$0000000E)
    __rt_lib_init_return                     0x08000163   Thumb Code     0  libinit2.o(.ARM.Collect$$libinit$$00000033)
    __rt_lib_init_signal_1                   0x08000163   Thumb Code     0  libinit2.o(.ARM.Collect$$libinit$$0000001D)
    __rt_lib_init_stdio_1                    0x08000163   Thumb Code     0  libinit2.o(.ARM.Collect$$libinit$$00000025)
    __rt_lib_init_user_alloc_1               0x08000163   Thumb Code     0  libinit2.o(.ARM.Collect$$libinit$$0000000C)
    __rt_lib_shutdown                        0x08000165   Thumb Code     0  libshutdown.o(.ARM.Collect$$libshutdown$$00000000)
    __rt_lib_shutdown_cpp_1                  0x08000167   Thumb Code     0  libshutdown2.o(.ARM.Collect$$libshutdown$$00000002)
    __rt_lib_shutdown_fp_trap_1              0x08000167   Thumb Code     0  libshutdown2.o(.ARM.Collect$$libshutdown$$00000007)
    __rt_lib_shutdown_heap_1                 0x08000167   Thumb Code     0  libshutdown2.o(.ARM.Collect$$libshutdown$$0000000F)
    __rt_lib_shutdown_return                 0x08000167   Thumb Code     0  libshutdown2.o(.ARM.Collect$$libshutdown$$00000010)
    __rt_lib_shutdown_signal_1               0x08000167   Thumb Code     0  libshutdown2.o(.ARM.Collect$$libshutdown$$0000000A)
    __rt_lib_shutdown_stdio_1                0x08000167   Thumb Code     0  libshutdown2.o(.ARM.Collect$$libshutdown$$00000004)
    __rt_lib_shutdown_user_alloc_1           0x08000167   Thumb Code     0  libshutdown2.o(.ARM.Collect$$libshutdown$$0000000C)
    __rt_entry                               0x08000169   Thumb Code     0  __rtentry.o(.ARM.Collect$$rtentry$$00000000)
    __rt_entry_presh_1                       0x08000169   Thumb Code     0  __rtentry2.o(.ARM.Collect$$rtentry$$00000002)
    __rt_entry_sh                            0x08000169   Thumb Code     0  __rtentry4.o(.ARM.Collect$$rtentry$$00000004)
    __rt_entry_li                            0x0800016f   Thumb Code     0  __rtentry2.o(.ARM.Collect$$rtentry$$0000000A)
    __rt_entry_postsh_1                      0x0800016f   Thumb Code     0  __rtentry2.o(.ARM.Collect$$rtentry$$00000009)
    __rt_entry_postli_1                      0x08000173   Thumb Code     0  __rtentry2.o(.ARM.Collect$$rtentry$$0000000B)
    __rt_entry_main                          0x0800017b   Thumb Code     0  __rtentry2.o(.ARM.Collect$$rtentry$$0000000D)
    __rt_exit                                0x08000183   Thumb Code     0  rtexit.o(.ARM.Collect$$rtexit$$00000000)
    __rt_exit_ls                             0x08000185   Thumb Code     0  rtexit2.o(.ARM.Collect$$rtexit$$00000003)
    __rt_exit_prels_1                        0x08000185   Thumb Code     0  rtexit2.o(.ARM.Collect$$rtexit$$00000002)
    __rt_exit_exit                           0x08000189   Thumb Code     0  rtexit2.o(.ARM.Collect$$rtexit$$00000004)
    _platform_post_lib_init                  0x08000191   Thumb Code    24  rtx_conf_cm.o(.emb_text)
    rt_set_PSP                               0x080001ad   Thumb Code     6  hal_cm3.o(.emb_text)
    rt_get_PSP                               0x080001b3   Thumb Code     6  hal_cm3.o(.emb_text)
    os_set_env                               0x080001b9   Thumb Code    24  hal_cm3.o(.emb_text)
    _alloc_box                               0x080001d5   Thumb Code    28  hal_cm3.o(.emb_text)
    _free_box                                0x080001f5   Thumb Code    28  hal_cm3.o(.emb_text)
    SVC_Handler                              0x08000215   Thumb Code   108  hal_cm3.o(.emb_text)
    PendSV_Handler                           0x0800028d   Thumb Code    56  hal_cm3.o(.emb_text)
    SysTick_Handler                          0x080002c9   Thumb Code     8  hal_cm3.o(.emb_text)
    OS_Tick_Handler                          0x080002d1   Thumb Code    12  hal_cm3.o(.emb_text)
    Reset_Handler                            0x080002dd   Thumb Code     8  startup_stm32f10x_md.o(.text)
    NMI_Handler                              0x080002e5   Thumb Code     2  startup_stm32f10x_md.o(.text)
    HardFault_Handler                        0x080002e7   Thumb Code     2  startup_stm32f10x_md.o(.text)
    MemManage_Handler                        0x080002e9   Thumb Code     2  startup_stm32f10x_md.o(.text)
    BusFault_Handler                         0x080002eb   Thumb Code     2  startup_stm32f10x_md.o(.text)
    UsageFault_Handler                       0x080002ed   Thumb Code     2  startup_stm32f10x_md.o(.text)
    DebugMon_Handler                         0x080002f1   Thumb Code     2  startup_stm32f10x_md.o(.text)
    ADC1_2_IRQHandler                        0x080002f7   Thumb Code     0  startup_stm32f10x_md.o(.text)
    CAN1_RX1_IRQHandler                      0x080002f7   Thumb Code     0  startup_stm32f10x_md.o(.text)
    CAN1_SCE_IRQHandler                      0x080002f7   Thumb Code     0  startup_stm32f10x_md.o(.text)
    DMA1_Channel1_IRQHandler                 0x080002f7   Thumb Code     0  startup_stm32f10x_md.o(.text)
    DMA1_Channel2_IRQHandler                 0x080002f7   Thumb Code     0  startup_stm32f10x_md.o(.text)
    DMA1_Channel3_IRQHandler                 0x080002f7   Thumb Code     0  startup_stm32f10x_md.o(.text)
    DMA1_Channel4_IRQHandler                 0x080002f7   Thumb Code     0  startup_stm32f10x_md.o(.text)
    DMA1_Channel5_IRQHandler                 0x080002f7   Thumb Code     0  startup_stm32f10x_md.o(.text)
    DMA1_Channel6_IRQHandler                 0x080002f7   Thumb Code     0  startup_stm32f10x_md.o(.text)
    DMA1_Channel7_IRQHandler                 0x080002f7   Thumb Code     0  startup_stm32f10x_md.o(.text)
    EXTI0_IRQHandler                         0x080002f7   Thumb Code     0  startup_stm32f10x_md.o(.text)
    EXTI15_10_IRQHandler                     0x080002f7   Thumb Code     0  startup_stm32f10x_md.o(.text)
    EXTI1_IRQHandler                         0x080002f7   Thumb Code     0  startup_stm32f10x_md.o(.text)
    EXTI2_IRQHandler                         0x080002f7   Thumb Code     0  startup_stm32f10x_md.o(.text)
    EXTI3_IRQHandler                         0x080002f7   Thumb Code     0  startup_stm32f10x_md.o(.text)
    EXTI4_IRQHandler                         0x080002f7   Thumb Code     0  startup_stm32f10x_md.o(.text)
    EXTI9_5_IRQHandler                       0x080002f7   Thumb Code     0  startup_stm32f10x_md.o(.text)
    FLASH_IRQHandler                         0x080002f7   Thumb Code     0  startup_stm32f10x_md.o(.text)
    I2C1_ER_IRQHandler                       0x080002f7   Thumb Code     0  startup_stm32f10x_md.o(.text)
    I2C1_EV_IRQHandler                       0x080002f7   Thumb Code     0  startup_stm32f10x_md.o(.text)
    I2C2_ER_IRQHandler                       0x080002f7   Thumb Code     0  startup_stm32f10x_md.o(.text)
    I2C2_EV_IRQHandler                       0x080002f7   Thumb Code     0  startup_stm32f10x_md.o(.text)
    PVD_IRQHandler                           0x080002f7   Thumb Code     0  startup_stm32f10x_md.o(.text)
    RCC_IRQHandler                           0x080002f7   Thumb Code     0  startup_stm32f10x_md.o(.text)
    RTCAlarm_IRQHandler                      0x080002f7   Thumb Code     0  startup_stm32f10x_md.o(.text)
    RTC_IRQHandler                           0x080002f7   Thumb Code     0  startup_stm32f10x_md.o(.text)
    SPI1_IRQHandler                          0x080002f7   Thumb Code     0  startup_stm32f10x_md.o(.text)
    SPI2_IRQHandler                          0x080002f7   Thumb Code     0  startup_stm32f10x_md.o(.text)
    TAMPER_IRQHandler                        0x080002f7   Thumb Code     0  startup_stm32f10x_md.o(.text)
    TIM1_BRK_IRQHandler                      0x080002f7   Thumb Code     0  startup_stm32f10x_md.o(.text)
    TIM1_CC_IRQHandler                       0x080002f7   Thumb Code     0  startup_stm32f10x_md.o(.text)
    TIM1_TRG_COM_IRQHandler                  0x080002f7   Thumb Code     0  startup_stm32f10x_md.o(.text)
    TIM1_UP_IRQHandler                       0x080002f7   Thumb Code     0  startup_stm32f10x_md.o(.text)
    TIM2_IRQHandler                          0x080002f7   Thumb Code     0  startup_stm32f10x_md.o(.text)
    TIM3_IRQHandler                          0x080002f7   Thumb Code     0  startup_stm32f10x_md.o(.text)
    TIM4_IRQHandler                          0x080002f7   Thumb Code     0  startup_stm32f10x_md.o(.text)
    USART1_IRQHandler                        0x080002f7   Thumb Code     0  startup_stm32f10x_md.o(.text)
    USART3_IRQHandler                        0x080002f7   Thumb Code     0  startup_stm32f10x_md.o(.text)
    USBWakeUp_IRQHandler                     0x080002f7   Thumb Code     0  startup_stm32f10x_md.o(.text)
    USB_HP_CAN1_TX_IRQHandler                0x080002f7   Thumb Code     0  startup_stm32f10x_md.o(.text)
    USB_LP_CAN1_RX0_IRQHandler               0x080002f7   Thumb Code     0  startup_stm32f10x_md.o(.text)
    WWDG_IRQHandler                          0x080002f7   Thumb Code     0  startup_stm32f10x_md.o(.text)
    __user_initial_stackheap                 0x080002f9   Thumb Code     0  startup_stm32f10x_md.o(.text)
    __user_libspace                          0x0800031d   Thumb Code     8  libspace.o(.text)
    __user_perproc_libspace                  0x0800031d   Thumb Code     0  libspace.o(.text)
    exit                                     0x08000325   Thumb Code    18  exit.o(.text)
    __use_two_region_memory                  0x08000337   Thumb Code     2  heapauxi.o(.text)
    __rt_heap_escrow$2region                 0x08000339   Thumb Code     2  heapauxi.o(.text)
    __rt_heap_expand$2region                 0x0800033b   Thumb Code     2  heapauxi.o(.text)
    _sys_exit                                0x0800033d   Thumb Code     8  sys_exit.o(.text)
    __user_setup_stackheap                   0x08000349   Thumb Code    74  sys_stackheap_outer.o(.text)
    __I$use$semihosting                      0x08000393   Thumb Code     0  use_no_semi.o(.text)
    __use_no_semihosting_swi                 0x08000393   Thumb Code     2  use_no_semi.o(.text)
    SVC_Count                                0x08000394   Data           4  svc_table.o(SVC_TABLE)
    __semihosting_library_function           0x08000395   Thumb Code     0  indicate_semi.o(.text)
    Delete_LCD                               0x08000399   Thumb Code    16  lcd.o(i.Delete_LCD)
    SVC_Table                                0x08000398   Data           0  svc_table.o(SVC_TABLE)
    EmptyString                              0x080003a9   Thumb Code    18  main.o(i.EmptyString)
    EnableUart_2                             0x080003c1   Thumb Code   128  keyboard.o(i.EnableUart_2)
    GPIO_Init                                0x08000451   Thumb Code   278  stm32f10x_gpio.o(i.GPIO_Init)
    GPIO_ReadInputDataBit                    0x08000567   Thumb Code    18  stm32f10x_gpio.o(i.GPIO_ReadInputDataBit)
    GPIO_ResetBits                           0x08000579   Thumb Code     4  stm32f10x_gpio.o(i.GPIO_ResetBits)
    GPIO_SetBits                             0x0800057d   Thumb Code     4  stm32f10x_gpio.o(i.GPIO_SetBits)
    I2C_CheckEvent                           0x08000581   Thumb Code    42  stm32f10x_i2c.o(i.I2C_CheckEvent)
    I2C_Cmd                                  0x080005ab   Thumb Code    24  stm32f10x_i2c.o(i.I2C_Cmd)
    I2C_GenerateSTART                        0x080005c3   Thumb Code    24  stm32f10x_i2c.o(i.I2C_GenerateSTART)
    I2C_GenerateSTOP                         0x080005db   Thumb Code    24  stm32f10x_i2c.o(i.I2C_GenerateSTOP)
    I2C_Init                                 0x080005f5   Thumb Code   222  stm32f10x_i2c.o(i.I2C_Init)
    I2C_Send7bitAddress                      0x080006e1   Thumb Code    18  stm32f10x_i2c.o(i.I2C_Send7bitAddress)
    I2C_SendData                             0x080006f3   Thumb Code     4  stm32f10x_i2c.o(i.I2C_SendData)
    Inform_Select_Mode                       0x080006f9   Thumb Code    54  main.o(i.Inform_Select_Mode)
    NVIC_Configuration                       0x08000751   Thumb Code    28  keyboard.o(i.NVIC_Configuration)
    NVIC_Init                                0x0800076d   Thumb Code   100  misc.o(i.NVIC_Init)
    PeripheralInit_SPI1_Master               0x080007dd   Thumb Code   120  ram.o(i.PeripheralInit_SPI1_Master)
    RCC_APB1PeriphClockCmd                   0x08000865   Thumb Code    26  stm32f10x_rcc.o(i.RCC_APB1PeriphClockCmd)
    RCC_APB2PeriphClockCmd                   0x08000885   Thumb Code    26  stm32f10x_rcc.o(i.RCC_APB2PeriphClockCmd)
    RCC_GetClocksFreq                        0x080008a5   Thumb Code   192  stm32f10x_rcc.o(i.RCC_GetClocksFreq)
    ReadArray                                0x08000979   Thumb Code    80  ram.o(i.ReadArray)
    SPI_Cmd                                  0x080009cd   Thumb Code    24  stm32f10x_spi.o(i.SPI_Cmd)
    SPI_I2S_GetFlagStatus                    0x080009e5   Thumb Code    18  stm32f10x_spi.o(i.SPI_I2S_GetFlagStatus)
    SPI_I2S_ReceiveData                      0x080009f7   Thumb Code     6  stm32f10x_spi.o(i.SPI_I2S_ReceiveData)
    SPI_I2S_SendData                         0x080009fd   Thumb Code     4  stm32f10x_spi.o(i.SPI_I2S_SendData)
    SPI_Init                                 0x08000a01   Thumb Code    60  stm32f10x_spi.o(i.SPI_Init)
    SetMode                                  0x08000a3d   Thumb Code    34  ram.o(i.SetMode)
    SystemInit                               0x08000b4d   Thumb Code    78  system_stm32f10x.o(i.SystemInit)
    USART2_IRQHandler                        0x08000bad   Thumb Code   148  main.o(i.USART2_IRQHandler)
    USART_ClearITPendingBit                  0x08000c5d   Thumb Code    30  stm32f10x_usart.o(i.USART_ClearITPendingBit)
    USART_Cmd                                0x08000c7b   Thumb Code    24  stm32f10x_usart.o(i.USART_Cmd)
    USART_GetFlagStatus                      0x08000c93   Thumb Code    26  stm32f10x_usart.o(i.USART_GetFlagStatus)
    USART_GetITStatus                        0x08000cad   Thumb Code    84  stm32f10x_usart.o(i.USART_GetITStatus)
    USART_ITConfig                           0x08000d01   Thumb Code    74  stm32f10x_usart.o(i.USART_ITConfig)
    USART_Init                               0x08000d4d   Thumb Code   210  stm32f10x_usart.o(i.USART_Init)
    USART_ReceiveData                        0x08000e25   Thumb Code    10  stm32f10x_usart.o(i.USART_ReceiveData)
    USART_SendData                           0x08000e2f   Thumb Code     8  stm32f10x_usart.o(i.USART_SendData)
    WriteArray                               0x08000e39   Thumb Code    62  ram.o(i.WriteArray)
    _SendString                              0x08000e7d   Thumb Code    24  keyboard.o(i._SendString)
    _init_box                                0x08000e95   Thumb Code    70  rt_membox.o(i._init_box)
    _mutex_acquire                           0x08000edd   Thumb Code    22  rtx_conf_cm.o(i._mutex_acquire)
    _mutex_release                           0x08000efd   Thumb Code    18  rtx_conf_cm.o(i._mutex_release)
    _send                                    0x08000f19   Thumb Code    28  keyboard.o(i._send)
    dbg_init                                 0x08000f39   Thumb Code    34  hal_cm.o(i.dbg_init)
    dbg_task_notify                          0x08000f69   Thumb Code    32  hal_cm.o(i.dbg_task_notify)
    dbg_task_switch                          0x08000f89   Thumb Code    16  hal_cm.o(i.dbg_task_switch)
    delaychung                               0x08000f99   Thumb Code    22  lcd.o(i.delaychung)
    i2c_init                                 0x08000fb1   Thumb Code    84  lcd.o(i.i2c_init)
    isrMessageGet                            0x08001019   Thumb Code    42  rt_cmsis.o(i.isrMessageGet)
    isrMessagePut                            0x08001043   Thumb Code    44  rt_cmsis.o(i.isrMessagePut)
    isr_mbx_receive                          0x08001071   Thumb Code    82  rt_mailbox.o(i.isr_mbx_receive)
    isr_mbx_send                             0x080010c3   Thumb Code    14  rt_mailbox.o(i.isr_mbx_send)
    lcd_Control_Write                        0x080010d1   Thumb Code    66  lcd.o(i.lcd_Control_Write)
    lcd_Data_Write                           0x08001113   Thumb Code    70  lcd.o(i.lcd_Data_Write)
    lcd_Write_byte                           0x08001159   Thumb Code    84  lcd.o(i.lcd_Write_byte)
    lcd_goto_XY                              0x080011b9   Thumb Code    38  lcd.o(i.lcd_goto_XY)
    lcd_init                                 0x080011df   Thumb Code    88  lcd.o(i.lcd_init)
    lcd_send_string                          0x08001237   Thumb Code    22  lcd.o(i.lcd_send_string)
    main                                     0x0800124d   Thumb Code   366  main.o(i.main)
    osKernelInitialize                       0x08001405   Thumb Code    30  rt_cmsis.o(i.osKernelInitialize)
    osKernelStart                            0x08001429   Thumb Code    98  rt_cmsis.o(i.osKernelStart)
    osMessageGet                             0x08001495   Thumb Code    18  rt_cmsis.o(i.osMessageGet)
    osThreadCreate                           0x080014ad   Thumb Code    38  rt_cmsis.o(i.osThreadCreate)
    osThreadExit                             0x080014dd   Thumb Code    14  rt_cmsis.o(i.osThreadExit)
    osTimerCall                              0x080014f5   Thumb Code     8  rt_cmsis.o(i.osTimerCall)
    osTimerThread                            0x08001501   Thumb Code    38  rt_cmsis.o(i.osTimerThread)
    os_error                                 0x0800152d   Thumb Code    34  rtx_conf_cm.o(i.os_error)
    os_idle_demon                            0x0800154f   Thumb Code     4  rtx_conf_cm.o(i.os_idle_demon)
    os_tick_init                             0x08001555   Thumb Code    32  rt_system.o(i.os_tick_init)
    os_tick_irqack                           0x0800157d   Thumb Code     2  rt_system.o(i.os_tick_irqack)
    rt_alloc_box                             0x0800157f   Thumb Code    26  rt_membox.o(i.rt_alloc_box)
    rt_alloc_mem                             0x08001599   Thumb Code    62  rt_memory.o(i.rt_alloc_mem)
    rt_block                                 0x080015d9   Thumb Code    48  rt_task.o(i.rt_block)
    rt_chk_robin                             0x08001611   Thumb Code    60  rt_robin.o(i.rt_chk_robin)
    rt_dec_dly                               0x08001659   Thumb Code   102  rt_list.o(i.rt_dec_dly)
    rt_dispatch                              0x080016c9   Thumb Code    60  rt_task.o(i.rt_dispatch)
    rt_evt_psh                               0x0800170d   Thumb Code    76  rt_event.o(i.rt_evt_psh)
    rt_free_box                              0x0800175d   Thumb Code    44  rt_membox.o(i.rt_free_box)
    rt_free_mem                              0x08001789   Thumb Code    40  rt_memory.o(i.rt_free_mem)
    rt_get_first                             0x080017b1   Thumb Code    40  rt_list.o(i.rt_get_first)
    rt_init_mem                              0x08001829   Thumb Code    26  rt_memory.o(i.rt_init_mem)
    rt_init_robin                            0x08001845   Thumb Code    14  rt_robin.o(i.rt_init_robin)
    rt_init_stack                            0x0800185d   Thumb Code   118  hal_cm.o(i.rt_init_stack)
    rt_mbx_check                             0x080018dd   Thumb Code     8  rt_mailbox.o(i.rt_mbx_check)
    rt_mbx_init                              0x080018e5   Thumb Code    26  rt_mailbox.o(i.rt_mbx_init)
    rt_mbx_psh                               0x08001901   Thumb Code   236  rt_mailbox.o(i.rt_mbx_psh)
    rt_mbx_wait                              0x080019f1   Thumb Code   174  rt_mailbox.o(i.rt_mbx_wait)
    rt_mut_release                           0x08001ae9   Thumb Code   208  rt_mutex.o(i.rt_mut_release)
    rt_mut_wait                              0x08001bc1   Thumb Code   100  rt_mutex.o(i.rt_mut_wait)
    rt_pop_req                               0x08001c29   Thumb Code   112  rt_system.o(i.rt_pop_req)
    rt_psh_req                               0x08001ca5   Thumb Code    22  rt_system.o(i.rt_psh_req)
    rt_psq_enq                               0x08001cc5   Thumb Code    88  rt_list.o(i.rt_psq_enq)
    rt_put_dly                               0x08001d21   Thumb Code    68  rt_list.o(i.rt_put_dly)
    rt_put_prio                              0x08001d69   Thumb Code    54  rt_list.o(i.rt_put_prio)
    rt_put_rdy_first                         0x08001da1   Thumb Code    14  rt_list.o(i.rt_put_rdy_first)
    rt_resort_prio                           0x08001db5   Thumb Code    46  rt_list.o(i.rt_resort_prio)
    rt_ret_val                               0x08001de9   Thumb Code     6  hal_cm.o(i.rt_ret_val)
    rt_ret_val2                              0x08001def   Thumb Code     8  hal_cm.o(i.rt_ret_val2)
    rt_rmv_dly                               0x08001df7   Thumb Code    40  rt_list.o(i.rt_rmv_dly)
    rt_rmv_list                              0x08001e21   Thumb Code    44  rt_list.o(i.rt_rmv_list)
    rt_sem_psh                               0x08001e51   Thumb Code    48  rt_semaphore.o(i.rt_sem_psh)
    rt_stk_check                             0x08001e85   Thumb Code    28  rt_system.o(i.rt_stk_check)
    rt_switch_req                            0x08001ea9   Thumb Code    30  rt_task.o(i.rt_switch_req)
    rt_sys_init                              0x08001ed1   Thumb Code   138  rt_task.o(i.rt_sys_init)
    rt_sys_start                             0x08001f9d   Thumb Code   110  rt_task.o(i.rt_sys_start)
    rt_systick                               0x08002015   Thumb Code    50  rt_system.o(i.rt_systick)
    rt_tsk_create                            0x0800209d   Thumb Code   118  rt_task.o(i.rt_tsk_create)
    rt_tsk_delete                            0x08002125   Thumb Code   352  rt_task.o(i.rt_tsk_delete)
    rt_tsk_prio                              0x080022a1   Thumb Code   108  rt_task.o(i.rt_tsk_prio)
    rt_tsk_self                              0x0800231d   Thumb Code    12  rt_task.o(i.rt_tsk_self)
    svcKernelInitialize                      0x0800232d   Thumb Code    80  rt_cmsis.o(i.svcKernelInitialize)
    svcKernelStart                           0x0800239d   Thumb Code    62  rt_cmsis.o(i.svcKernelStart)
    svcMessageCreate                         0x080023e5   Thumb Code    36  rt_cmsis.o(i.svcMessageCreate)
    svcMessageGet                            0x08002409   Thumb Code    58  rt_cmsis.o(i.svcMessageGet)
    svcThreadCreate                          0x08002445   Thumb Code   100  rt_cmsis.o(i.svcThreadCreate)
    svcThreadGetId                           0x080024b5   Thumb Code    22  rt_cmsis.o(i.svcThreadGetId)
    svcThreadTerminate                       0x080024d1   Thumb Code    50  rt_cmsis.o(i.svcThreadTerminate)
    svcTimerCall                             0x08002509   Thumb Code    24  rt_cmsis.o(i.svcTimerCall)
    sysTimerTick                             0x08002521   Thumb Code    84  rt_cmsis.o(i.sysTimerTick)
    transfer                                 0x0800257d   Thumb Code    86  ram.o(i.transfer)
    transfer_8b_SPI1_Master                  0x080025d9   Thumb Code    50  ram.o(i.transfer_8b_SPI1_Master)
    os_maxtaskrun                            0x08002610   Data           2  rtx_conf_cm.o(.constdata)
    os_stackinfo                             0x08002614   Data           4  rtx_conf_cm.o(.constdata)
    os_rrobin                                0x08002618   Data           4  rtx_conf_cm.o(.constdata)
    os_tickfreq                              0x0800261c   Data           4  rtx_conf_cm.o(.constdata)
    os_tickus_i                              0x08002620   Data           2  rtx_conf_cm.o(.constdata)
    os_tickus_f                              0x08002622   Data           2  rtx_conf_cm.o(.constdata)
    os_trv                                   0x08002624   Data           4  rtx_conf_cm.o(.constdata)
    os_flags                                 0x08002628   Data           1  rtx_conf_cm.o(.constdata)
    CMSIS_RTOS_API_Version                   0x0800262c   Data           4  rtx_conf_cm.o(.constdata)
    CMSIS_RTOS_RTX_Version                   0x08002630   Data           4  rtx_conf_cm.o(.constdata)
    os_clockrate                             0x08002634   Data           4  rtx_conf_cm.o(.constdata)
    os_timernum                              0x08002638   Data           4  rtx_conf_cm.o(.constdata)
    mp_tcb_size                              0x0800263c   Data           2  rtx_conf_cm.o(.constdata)
    mp_stk_size                              0x08002640   Data           4  rtx_conf_cm.o(.constdata)
    os_stack_sz                              0x08002644   Data           4  rtx_conf_cm.o(.constdata)
    os_fifo_size                             0x08002648   Data           1  rtx_conf_cm.o(.constdata)
    os_thread_def_osTimerThread              0x0800264c   Data          16  rtx_conf_cm.o(.constdata)
    os_messageQ_def_osTimerMessageQ          0x0800265c   Data           8  rtx_conf_cm.o(.constdata)
    mp_tmr_size                              0x08002664   Data           2  rtx_conf_cm.o(.constdata)
    Region$$Table$$Base                      0x08002668   Number         0  anon$$obj.o(Region$$Table)
    Region$$Table$$Limit                     0x08002688   Number         0  anon$$obj.o(Region$$Table)
    _readdata                                0x20000000   Data           1  main.o(.data)
    i                                        0x20000004   Data           4  main.o(.data)
    count                                    0x20000008   Data           4  main.o(.data)
    Mode_String                              0x2000000c   Data           1  main.o(.data)
    Mode_Char                                0x2000000d   Data           1  main.o(.data)
    Letter                                   0x2000000e   Data          86  main.o(.data)
    GPIO_InitStructure                       0x20000064   Data           4  lcd.o(.data)
    GPIO_InitStruct                          0x20000068   Data           4  keyboard.o(.data)
    GPIO_InitStructkhac                      0x2000006c   Data           4  ram.o(.data)
    osThreadId_osTimerThread                 0x20000070   Data           4  rtx_conf_cm.o(.data)
    osMessageQId_osTimerMessageQ             0x20000074   Data           4  rtx_conf_cm.o(.data)
    os_tmr                                   0x20000078   Data           4  rtx_conf_cm.o(.data)
    m_tmr                                    0x2000007c   Data           4  rtx_conf_cm.o(.data)
    os_thread_def_main                       0x20000084   Data          16  rtx_conf_cm.o(.data)
    os_initialized                           0x200000a8   Data           1  rt_cmsis.o(.data)
    os_running                               0x200000a9   Data           1  rt_cmsis.o(.data)
    os_timer_head                            0x200000ac   Data           4  rt_cmsis.o(.data)
    os_tsk                                   0x200000b0   Data           8  rt_task.o(.data)
    os_tick_irqn                             0x200000bc   Data           4  rt_system.o(.data)
    os_time                                  0x200000c0   Data           4  rt_time.o(.data)
    os_robin                                 0x200000c4   Data           8  rt_robin.o(.data)
    dbg_msg                                  0x200000cc   Data           1  hal_cm.o(.data)
    Stringkey                                0x200000d0   Data         100  main.o(.bss)
    I2C_InitStructure                        0x20000134   Data          16  lcd.o(.bss)
    USART_InitStructure                      0x20000144   Data          16  keyboard.o(.bss)
    SPI_InitDef                              0x20000154   Data          18  ram.o(.bss)
    mp_tcb                                   0x20000168   Data         376  rtx_conf_cm.o(.bss)
    mp_stk                                   0x200002e0   Data        1216  rtx_conf_cm.o(.bss)
    os_stack_mem                             0x200007a0   Data         432  rtx_conf_cm.o(.bss)
    os_fifo                                  0x20000950   Data         132  rtx_conf_cm.o(.bss)
    os_active_TCB                            0x200009d4   Data          28  rtx_conf_cm.o(.bss)
    os_messageQ_q_osTimerMessageQ            0x200009f0   Data          32  rtx_conf_cm.o(.bss)
    os_idle_TCB                              0x20000d30   Data          52  rt_task.o(.bss)
    os_rdy                                   0x20000d64   Data          24  rt_list.o(.bss)
    os_dly                                   0x20000d7c   Data          24  rt_list.o(.bss)
    __libspace_start                         0x20000d94   Data          96  libspace.o(.bss)
    __temporary_stack_top$libspace           0x20000df4   Data           0  libspace.o(.bss)



==============================================================================

Memory Map of the image

  Image Entry point : 0x080000ed

  Load Region LR_IROM1 (Base: 0x08000000, Size: 0x00002758, Max: 0x00010000, ABSOLUTE)

    Execution Region ER_IROM1 (Base: 0x08000000, Size: 0x00002688, Max: 0x00010000, ABSOLUTE)

    Base Addr    Size         Type   Attr      Idx    E Section Name        Object

    0x08000000   0x000000ec   Data   RO         1162    RESET               startup_stm32f10x_md.o
    0x080000ec   0x00000008   Code   RO         2591  * !!!main             c_w.l(__main.o)
    0x080000f4   0x00000034   Code   RO         2752    !!!scatter          c_w.l(__scatter.o)
    0x08000128   0x0000001a   Code   RO         2754    !!handler_copy      c_w.l(__scatter_copy.o)
    0x08000142   0x00000002   PAD
    0x08000144   0x0000001c   Code   RO         2756    !!handler_zi        c_w.l(__scatter_zi.o)
    0x08000160   0x00000002   Code   RO         2638    .ARM.Collect$$libinit$$00000000  c_w.l(libinit.o)
    0x08000162   0x00000000   Code   RO         2650    .ARM.Collect$$libinit$$00000002  c_w.l(libinit2.o)
    0x08000162   0x00000000   Code   RO         2652    .ARM.Collect$$libinit$$00000004  c_w.l(libinit2.o)
    0x08000162   0x00000000   Code   RO         2655    .ARM.Collect$$libinit$$0000000A  c_w.l(libinit2.o)
    0x08000162   0x00000000   Code   RO         2657    .ARM.Collect$$libinit$$0000000C  c_w.l(libinit2.o)
    0x08000162   0x00000000   Code   RO         2659    .ARM.Collect$$libinit$$0000000E  c_w.l(libinit2.o)
    0x08000162   0x00000000   Code   RO         2662    .ARM.Collect$$libinit$$00000011  c_w.l(libinit2.o)
    0x08000162   0x00000000   Code   RO         2664    .ARM.Collect$$libinit$$00000013  c_w.l(libinit2.o)
    0x08000162   0x00000000   Code   RO         2666    .ARM.Collect$$libinit$$00000015  c_w.l(libinit2.o)
    0x08000162   0x00000000   Code   RO         2668    .ARM.Collect$$libinit$$00000017  c_w.l(libinit2.o)
    0x08000162   0x00000000   Code   RO         2670    .ARM.Collect$$libinit$$00000019  c_w.l(libinit2.o)
    0x08000162   0x00000000   Code   RO         2672    .ARM.Collect$$libinit$$0000001B  c_w.l(libinit2.o)
    0x08000162   0x00000000   Code   RO         2674    .ARM.Collect$$libinit$$0000001D  c_w.l(libinit2.o)
    0x08000162   0x00000000   Code   RO         2676    .ARM.Collect$$libinit$$0000001F  c_w.l(libinit2.o)
    0x08000162   0x00000000   Code   RO         2678    .ARM.Collect$$libinit$$00000021  c_w.l(libinit2.o)
    0x08000162   0x00000000   Code   RO         2680    .ARM.Collect$$libinit$$00000023  c_w.l(libinit2.o)
    0x08000162   0x00000000   Code   RO         2682    .ARM.Collect$$libinit$$00000025  c_w.l(libinit2.o)
    0x08000162   0x00000000   Code   RO         2686    .ARM.Collect$$libinit$$0000002C  c_w.l(libinit2.o)
    0x08000162   0x00000000   Code   RO         2688    .ARM.Collect$$libinit$$0000002E  c_w.l(libinit2.o)
    0x08000162   0x00000000   Code   RO         2690    .ARM.Collect$$libinit$$00000030  c_w.l(libinit2.o)
    0x08000162   0x00000000   Code   RO         2692    .ARM.Collect$$libinit$$00000032  c_w.l(libinit2.o)
    0x08000162   0x00000002   Code   RO         2693    .ARM.Collect$$libinit$$00000033  c_w.l(libinit2.o)
    0x08000164   0x00000002   Code   RO         2639    .ARM.Collect$$libshutdown$$00000000  c_w.l(libshutdown.o)
    0x08000166   0x00000000   Code   RO         2695    .ARM.Collect$$libshutdown$$00000002  c_w.l(libshutdown2.o)
    0x08000166   0x00000000   Code   RO         2697    .ARM.Collect$$libshutdown$$00000004  c_w.l(libshutdown2.o)
    0x08000166   0x00000000   Code   RO         2700    .ARM.Collect$$libshutdown$$00000007  c_w.l(libshutdown2.o)
    0x08000166   0x00000000   Code   RO         2703    .ARM.Collect$$libshutdown$$0000000A  c_w.l(libshutdown2.o)
    0x08000166   0x00000000   Code   RO         2705    .ARM.Collect$$libshutdown$$0000000C  c_w.l(libshutdown2.o)
    0x08000166   0x00000000   Code   RO         2708    .ARM.Collect$$libshutdown$$0000000F  c_w.l(libshutdown2.o)
    0x08000166   0x00000002   Code   RO         2709    .ARM.Collect$$libshutdown$$00000010  c_w.l(libshutdown2.o)
    0x08000168   0x00000000   Code   RO         2593    .ARM.Collect$$rtentry$$00000000  c_w.l(__rtentry.o)
    0x08000168   0x00000000   Code   RO         2601    .ARM.Collect$$rtentry$$00000002  c_w.l(__rtentry2.o)
    0x08000168   0x00000006   Code   RO         2613    .ARM.Collect$$rtentry$$00000004  c_w.l(__rtentry4.o)
    0x0800016e   0x00000000   Code   RO         2603    .ARM.Collect$$rtentry$$00000009  c_w.l(__rtentry2.o)
    0x0800016e   0x00000004   Code   RO         2604    .ARM.Collect$$rtentry$$0000000A  c_w.l(__rtentry2.o)
    0x08000172   0x00000008   Code   RO         2605    .ARM.Collect$$rtentry$$0000000B  c_w.l(__rtentry2.o)
    0x0800017a   0x00000008   Code   RO         2607    .ARM.Collect$$rtentry$$0000000D  c_w.l(__rtentry2.o)
    0x08000182   0x00000002   Code   RO         2594    .ARM.Collect$$rtexit$$00000000  c_w.l(rtexit.o)
    0x08000184   0x00000000   Code   RO         2616    .ARM.Collect$$rtexit$$00000002  c_w.l(rtexit2.o)
    0x08000184   0x00000004   Code   RO         2617    .ARM.Collect$$rtexit$$00000003  c_w.l(rtexit2.o)
    0x08000188   0x00000006   Code   RO         2618    .ARM.Collect$$rtexit$$00000004  c_w.l(rtexit2.o)
    0x0800018e   0x00000002   PAD
    0x08000190   0x0000001c   Code   RO          305    .emb_text           rtx_conf_cm.o
    0x080001ac   0x00000130   Code   RO         2567    .emb_text           RTX_CM3.lib(hal_cm3.o)
    0x080002dc   0x00000040   Code   RO         1163    .text               startup_stm32f10x_md.o
    0x0800031c   0x00000008   Code   RO         2582    .text               c_w.l(libspace.o)
    0x08000324   0x00000012   Code   RO         2587    .text               c_w.l(exit.o)
    0x08000336   0x00000006   Code   RO         2589    .text               c_w.l(heapauxi.o)
    0x0800033c   0x0000000c   Code   RO         2624    .text               c_w.l(sys_exit.o)
    0x08000348   0x0000004a   Code   RO         2626    .text               c_w.l(sys_stackheap_outer.o)
    0x08000392   0x00000002   Code   RO         2640    .text               c_w.l(use_no_semi.o)
    0x08000394   0x00000000   Code   RO         2642    .text               c_w.l(indicate_semi.o)
    0x08000394   0x00000004   Code   RO         2577    SVC_TABLE           RTX_CM3.lib(svc_table.o)
    0x08000398   0x00000010   Code   RO          116    i.Delete_LCD        lcd.o
    0x080003a8   0x00000018   Code   RO            4    i.EmptyString       main.o
    0x080003c0   0x00000090   Code   RO          192    i.EnableUart_2      keyboard.o
    0x08000450   0x00000116   Code   RO          423    i.GPIO_Init         stm32f10x_gpio.o
    0x08000566   0x00000012   Code   RO          427    i.GPIO_ReadInputDataBit  stm32f10x_gpio.o
    0x08000578   0x00000004   Code   RO          430    i.GPIO_ResetBits    stm32f10x_gpio.o
    0x0800057c   0x00000004   Code   RO          431    i.GPIO_SetBits      stm32f10x_gpio.o
    0x08000580   0x0000002a   Code   RO          546    i.I2C_CheckEvent    stm32f10x_i2c.o
    0x080005aa   0x00000018   Code   RO          549    i.I2C_Cmd           stm32f10x_i2c.o
    0x080005c2   0x00000018   Code   RO          556    i.I2C_GenerateSTART  stm32f10x_i2c.o
    0x080005da   0x00000018   Code   RO          557    i.I2C_GenerateSTOP  stm32f10x_i2c.o
    0x080005f2   0x00000002   PAD
    0x080005f4   0x000000ec   Code   RO          563    i.I2C_Init          stm32f10x_i2c.o
    0x080006e0   0x00000012   Code   RO          570    i.I2C_Send7bitAddress  stm32f10x_i2c.o
    0x080006f2   0x00000004   Code   RO          571    i.I2C_SendData      stm32f10x_i2c.o
    0x080006f6   0x00000002   PAD
    0x080006f8   0x00000058   Code   RO            5    i.Inform_Select_Mode  main.o
    0x08000750   0x0000001c   Code   RO          193    i.NVIC_Configuration  keyboard.o
    0x0800076c   0x00000070   Code   RO          369    i.NVIC_Init         misc.o
    0x080007dc   0x00000088   Code   RO          238    i.PeripheralInit_SPI1_Master  ram.o
    0x08000864   0x00000020   Code   RO          761    i.RCC_APB1PeriphClockCmd  stm32f10x_rcc.o
    0x08000884   0x00000020   Code   RO          763    i.RCC_APB2PeriphClockCmd  stm32f10x_rcc.o
    0x080008a4   0x000000d4   Code   RO          771    i.RCC_GetClocksFreq  stm32f10x_rcc.o
    0x08000978   0x00000054   Code   RO          239    i.ReadArray         ram.o
    0x080009cc   0x00000018   Code   RO         1221    i.SPI_Cmd           stm32f10x_spi.o
    0x080009e4   0x00000012   Code   RO         1229    i.SPI_I2S_GetFlagStatus  stm32f10x_spi.o
    0x080009f6   0x00000006   Code   RO         1232    i.SPI_I2S_ReceiveData  stm32f10x_spi.o
    0x080009fc   0x00000004   Code   RO         1233    i.SPI_I2S_SendData  stm32f10x_spi.o
    0x08000a00   0x0000003c   Code   RO         1234    i.SPI_Init          stm32f10x_spi.o
    0x08000a3c   0x00000028   Code   RO          241    i.SetMode           ram.o
    0x08000a64   0x00000008   Code   RO         1170    i.SetSysClock       system_stm32f10x.o
    0x08000a6c   0x000000e0   Code   RO         1171    i.SetSysClockTo72   system_stm32f10x.o
    0x08000b4c   0x00000060   Code   RO         1173    i.SystemInit        system_stm32f10x.o
    0x08000bac   0x000000b0   Code   RO            6    i.USART2_IRQHandler  main.o
    0x08000c5c   0x0000001e   Code   RO          972    i.USART_ClearITPendingBit  stm32f10x_usart.o
    0x08000c7a   0x00000018   Code   RO          975    i.USART_Cmd         stm32f10x_usart.o
    0x08000c92   0x0000001a   Code   RO          978    i.USART_GetFlagStatus  stm32f10x_usart.o
    0x08000cac   0x00000054   Code   RO          979    i.USART_GetITStatus  stm32f10x_usart.o
    0x08000d00   0x0000004a   Code   RO          981    i.USART_ITConfig    stm32f10x_usart.o
    0x08000d4a   0x00000002   PAD
    0x08000d4c   0x000000d8   Code   RO          982    i.USART_Init        stm32f10x_usart.o
    0x08000e24   0x0000000a   Code   RO          989    i.USART_ReceiveData  stm32f10x_usart.o
    0x08000e2e   0x00000008   Code   RO          992    i.USART_SendData    stm32f10x_usart.o
    0x08000e36   0x00000002   PAD
    0x08000e38   0x00000044   Code   RO          242    i.WriteArray        ram.o
    0x08000e7c   0x00000018   Code   RO          194    i._SendString       keyboard.o
    0x08000e94   0x00000046   Code   RO         2466    i._init_box         RTX_CM3.lib(rt_membox.o)
    0x08000eda   0x00000002   PAD
    0x08000edc   0x00000020   Code   RO          307    i._mutex_acquire    rtx_conf_cm.o
    0x08000efc   0x0000001c   Code   RO          309    i._mutex_release    rtx_conf_cm.o
    0x08000f18   0x00000020   Code   RO          195    i._send             keyboard.o
    0x08000f38   0x00000030   Code   RO         2519    i.dbg_init          RTX_CM3.lib(hal_cm.o)
    0x08000f68   0x00000020   Code   RO         2520    i.dbg_task_notify   RTX_CM3.lib(hal_cm.o)
    0x08000f88   0x00000010   Code   RO         2521    i.dbg_task_switch   RTX_CM3.lib(hal_cm.o)
    0x08000f98   0x00000016   Code   RO          117    i.delaychung        lcd.o
    0x08000fae   0x00000002   PAD
    0x08000fb0   0x00000068   Code   RO          118    i.i2c_init          lcd.o
    0x08001018   0x0000002a   Code   RO         1372    i.isrMessageGet     RTX_CM3.lib(rt_cmsis.o)
    0x08001042   0x0000002c   Code   RO         1373    i.isrMessagePut     RTX_CM3.lib(rt_cmsis.o)
    0x0800106e   0x00000002   PAD
    0x08001070   0x00000052   Code   RO         2321    i.isr_mbx_receive   RTX_CM3.lib(rt_mailbox.o)
    0x080010c2   0x0000000e   Code   RO         2322    i.isr_mbx_send      RTX_CM3.lib(rt_mailbox.o)
    0x080010d0   0x00000042   Code   RO          119    i.lcd_Control_Write  lcd.o
    0x08001112   0x00000046   Code   RO          120    i.lcd_Data_Write    lcd.o
    0x08001158   0x00000060   Code   RO          121    i.lcd_Write_byte    lcd.o
    0x080011b8   0x00000026   Code   RO          122    i.lcd_goto_XY       lcd.o
    0x080011de   0x00000058   Code   RO          123    i.lcd_init          lcd.o
    0x08001236   0x00000016   Code   RO          124    i.lcd_send_string   lcd.o
    0x0800124c   0x000001b8   Code   RO            7    i.main              main.o
    0x08001404   0x00000024   Code   RO         1377    i.osKernelInitialize  RTX_CM3.lib(rt_cmsis.o)
    0x08001428   0x0000006c   Code   RO         1379    i.osKernelStart     RTX_CM3.lib(rt_cmsis.o)
    0x08001494   0x00000018   Code   RO         1388    i.osMessageGet      RTX_CM3.lib(rt_cmsis.o)
    0x080014ac   0x00000030   Code   RO         1405    i.osThreadCreate    RTX_CM3.lib(rt_cmsis.o)
    0x080014dc   0x00000018   Code   RO         1406    i.osThreadExit      RTX_CM3.lib(rt_cmsis.o)
    0x080014f4   0x0000000c   Code   RO         1412    i.osTimerCall       RTX_CM3.lib(rt_cmsis.o)
    0x08001500   0x0000002c   Code   RO         1417    i.osTimerThread     RTX_CM3.lib(rt_cmsis.o)
    0x0800152c   0x00000022   Code   RO          310    i.os_error          rtx_conf_cm.o
    0x0800154e   0x00000004   Code   RO          311    i.os_idle_demon     rtx_conf_cm.o
    0x08001552   0x00000002   PAD
    0x08001554   0x00000028   Code   RO         2113    i.os_tick_init      RTX_CM3.lib(rt_system.o)
    0x0800157c   0x00000002   Code   RO         2114    i.os_tick_irqack    RTX_CM3.lib(rt_system.o)
    0x0800157e   0x0000001a   Code   RO         2467    i.rt_alloc_box      RTX_CM3.lib(rt_membox.o)
    0x08001598   0x0000003e   Code   RO         2495    i.rt_alloc_mem      RTX_CM3.lib(rt_memory.o)
    0x080015d6   0x00000002   PAD
    0x080015d8   0x00000038   Code   RO         1994    i.rt_block          RTX_CM3.lib(rt_task.o)
    0x08001610   0x00000048   Code   RO         2444    i.rt_chk_robin      RTX_CM3.lib(rt_robin.o)
    0x08001658   0x00000070   Code   RO         2245    i.rt_dec_dly        RTX_CM3.lib(rt_list.o)
    0x080016c8   0x00000044   Code   RO         1995    i.rt_dispatch       RTX_CM3.lib(rt_task.o)
    0x0800170c   0x00000050   Code   RO         2206    i.rt_evt_psh        RTX_CM3.lib(rt_event.o)
    0x0800175c   0x0000002c   Code   RO         2468    i.rt_free_box       RTX_CM3.lib(rt_membox.o)
    0x08001788   0x00000028   Code   RO         2496    i.rt_free_mem       RTX_CM3.lib(rt_memory.o)
    0x080017b0   0x00000028   Code   RO         2246    i.rt_get_first      RTX_CM3.lib(rt_list.o)
    0x080017d8   0x00000008   Code   RO         1422    i.rt_id2obj         RTX_CM3.lib(rt_cmsis.o)
    0x080017e0   0x00000048   Code   RO         1996    i.rt_init_context   RTX_CM3.lib(rt_task.o)
    0x08001828   0x0000001a   Code   RO         2497    i.rt_init_mem       RTX_CM3.lib(rt_memory.o)
    0x08001842   0x00000002   PAD
    0x08001844   0x00000018   Code   RO         2445    i.rt_init_robin     RTX_CM3.lib(rt_robin.o)
    0x0800185c   0x00000080   Code   RO         2522    i.rt_init_stack     RTX_CM3.lib(hal_cm.o)
    0x080018dc   0x00000008   Code   RO         2323    i.rt_mbx_check      RTX_CM3.lib(rt_mailbox.o)
    0x080018e4   0x0000001a   Code   RO         2324    i.rt_mbx_init       RTX_CM3.lib(rt_mailbox.o)
    0x080018fe   0x00000002   PAD
    0x08001900   0x000000f0   Code   RO         2325    i.rt_mbx_psh        RTX_CM3.lib(rt_mailbox.o)
    0x080019f0   0x000000b4   Code   RO         2327    i.rt_mbx_wait       RTX_CM3.lib(rt_mailbox.o)
    0x08001aa4   0x00000044   Code   RO         1423    i.rt_ms2tick        RTX_CM3.lib(rt_cmsis.o)
    0x08001ae8   0x000000d8   Code   RO         2080    i.rt_mut_release    RTX_CM3.lib(rt_mutex.o)
    0x08001bc0   0x00000068   Code   RO         2081    i.rt_mut_wait       RTX_CM3.lib(rt_mutex.o)
    0x08001c28   0x0000007c   Code   RO         2117    i.rt_pop_req        RTX_CM3.lib(rt_system.o)
    0x08001ca4   0x00000020   Code   RO         2118    i.rt_psh_req        RTX_CM3.lib(rt_system.o)
    0x08001cc4   0x0000005c   Code   RO         2248    i.rt_psq_enq        RTX_CM3.lib(rt_list.o)
    0x08001d20   0x00000048   Code   RO         2249    i.rt_put_dly        RTX_CM3.lib(rt_list.o)
    0x08001d68   0x00000036   Code   RO         2250    i.rt_put_prio       RTX_CM3.lib(rt_list.o)
    0x08001d9e   0x00000002   PAD
    0x08001da0   0x00000014   Code   RO         2251    i.rt_put_rdy_first  RTX_CM3.lib(rt_list.o)
    0x08001db4   0x00000034   Code   RO         2252    i.rt_resort_prio    RTX_CM3.lib(rt_list.o)
    0x08001de8   0x00000006   Code   RO         2523    i.rt_ret_val        RTX_CM3.lib(hal_cm.o)
    0x08001dee   0x00000008   Code   RO         2524    i.rt_ret_val2       RTX_CM3.lib(hal_cm.o)
    0x08001df6   0x00000028   Code   RO         2253    i.rt_rmv_dly        RTX_CM3.lib(rt_list.o)
    0x08001e1e   0x00000002   PAD
    0x08001e20   0x00000030   Code   RO         2254    i.rt_rmv_list       RTX_CM3.lib(rt_list.o)
    0x08001e50   0x00000034   Code   RO         2372    i.rt_sem_psh        RTX_CM3.lib(rt_semaphore.o)
    0x08001e84   0x00000024   Code   RO         2120    i.rt_stk_check      RTX_CM3.lib(rt_system.o)
    0x08001ea8   0x00000028   Code   RO         1997    i.rt_switch_req     RTX_CM3.lib(rt_task.o)
    0x08001ed0   0x000000cc   Code   RO         1998    i.rt_sys_init       RTX_CM3.lib(rt_task.o)
    0x08001f9c   0x00000078   Code   RO         1999    i.rt_sys_start      RTX_CM3.lib(rt_task.o)
    0x08002014   0x00000040   Code   RO         2122    i.rt_systick        RTX_CM3.lib(rt_system.o)
    0x08002054   0x00000012   Code   RO         1424    i.rt_tid2ptcb       RTX_CM3.lib(rt_cmsis.o)
    0x08002066   0x00000002   PAD
    0x08002068   0x00000034   Code   RO         1425    i.rt_timer_insert   RTX_CM3.lib(rt_cmsis.o)
    0x0800209c   0x00000088   Code   RO         2000    i.rt_tsk_create     RTX_CM3.lib(rt_task.o)
    0x08002124   0x0000017c   Code   RO         2001    i.rt_tsk_delete     RTX_CM3.lib(rt_task.o)
    0x080022a0   0x0000007c   Code   RO         2003    i.rt_tsk_prio       RTX_CM3.lib(rt_task.o)
    0x0800231c   0x00000010   Code   RO         2004    i.rt_tsk_self       RTX_CM3.lib(rt_task.o)
    0x0800232c   0x00000070   Code   RO         1428    i.svcKernelInitialize  RTX_CM3.lib(rt_cmsis.o)
    0x0800239c   0x00000048   Code   RO         1430    i.svcKernelStart    RTX_CM3.lib(rt_cmsis.o)
    0x080023e4   0x00000024   Code   RO         1433    i.svcMessageCreate  RTX_CM3.lib(rt_cmsis.o)
    0x08002408   0x0000003a   Code   RO         1434    i.svcMessageGet     RTX_CM3.lib(rt_cmsis.o)
    0x08002442   0x00000002   PAD
    0x08002444   0x00000070   Code   RO         1448    i.svcThreadCreate   RTX_CM3.lib(rt_cmsis.o)
    0x080024b4   0x0000001c   Code   RO         1449    i.svcThreadGetId    RTX_CM3.lib(rt_cmsis.o)
    0x080024d0   0x00000038   Code   RO         1452    i.svcThreadTerminate  RTX_CM3.lib(rt_cmsis.o)
    0x08002508   0x00000018   Code   RO         1454    i.svcTimerCall      RTX_CM3.lib(rt_cmsis.o)
    0x08002520   0x0000005c   Code   RO         1463    i.sysTimerTick      RTX_CM3.lib(rt_cmsis.o)
    0x0800257c   0x0000005c   Code   RO          244    i.transfer          ram.o
    0x080025d8   0x00000038   Code   RO          245    i.transfer_8b_SPI1_Master  ram.o
    0x08002610   0x00000056   Data   RO          313    .constdata          rtx_conf_cm.o
    0x08002666   0x00000002   PAD
    0x08002668   0x00000020   Data   RO         2750    Region$$Table       anon$$obj.o


    Execution Region RW_IRAM1 (Base: 0x20000000, Size: 0x000013f8, Max: 0x00005000, ABSOLUTE)

    Base Addr    Size         Type   Attr      Idx    E Section Name        Object

    0x20000000   0x00000064   Data   RW            9    .data               main.o
    0x20000064   0x00000004   Data   RW          126    .data               lcd.o
    0x20000068   0x00000004   Data   RW          197    .data               keyboard.o
    0x2000006c   0x00000004   Data   RW          247    .data               ram.o
    0x20000070   0x00000024   Data   RW          314    .data               rtx_conf_cm.o
    0x20000094   0x00000014   Data   RW          791    .data               stm32f10x_rcc.o
    0x200000a8   0x00000008   Data   RW         1466    .data               RTX_CM3.lib(rt_cmsis.o)
    0x200000b0   0x00000008   Data   RW         2006    .data               RTX_CM3.lib(rt_task.o)
    0x200000b8   0x00000008   Data   RW         2125    .data               RTX_CM3.lib(rt_system.o)
    0x200000c0   0x00000004   Data   RW         2415    .data               RTX_CM3.lib(rt_time.o)
    0x200000c4   0x00000008   Data   RW         2446    .data               RTX_CM3.lib(rt_robin.o)
    0x200000cc   0x00000001   Data   RW         2525    .data               RTX_CM3.lib(hal_cm.o)
    0x200000cd   0x00000003   PAD
    0x200000d0   0x00000064   Zero   RW            8    .bss                main.o
    0x20000134   0x00000010   Zero   RW          125    .bss                lcd.o
    0x20000144   0x00000010   Zero   RW          196    .bss                keyboard.o
    0x20000154   0x00000012   Zero   RW          246    .bss                ram.o
    0x20000166   0x00000002   PAD
    0x20000168   0x00000bc8   Zero   RW          312    .bss                rtx_conf_cm.o
    0x20000d30   0x00000034   Zero   RW         2005    .bss                RTX_CM3.lib(rt_task.o)
    0x20000d64   0x00000030   Zero   RW         2255    .bss                RTX_CM3.lib(rt_list.o)
    0x20000d94   0x00000060   Zero   RW         2583    .bss                c_w.l(libspace.o)
    0x20000df4   0x00000004   PAD
    0x20000df8   0x00000200   Zero   RW         1161    HEAP                startup_stm32f10x_md.o
    0x20000ff8   0x00000400   Zero   RW         1160    STACK               startup_stm32f10x_md.o


==============================================================================

Image component sizes


      Code (inc. data)   RO Data    RW Data    ZI Data      Debug   Object Name

       228         20          0          4         16       2164   keyboard.o
       522         32          0          4         16       4669   lcd.o
       728        142          0        100        100     249737   main.o
       112         12          0          0          0       1136   misc.o
       476         44          0          4         18       3823   ram.o
       126         26         86         36       3016       9035   rtx_conf_cm.o
        64         26        236          0       1536        812   startup_stm32f10x_md.o
       304          0          0          0          0       3872   stm32f10x_gpio.o
       372         14          0          0          0       6218   stm32f10x_i2c.o
       276         32          0         20          0       4606   stm32f10x_rcc.o
       112          0          0          0          0       4086   stm32f10x_spi.o
       472          6          0          0          0       7155   stm32f10x_usart.o
       328         28          0          0          0       1965   system_stm32f10x.o

    ----------------------------------------------------------------------
      4132        382        356        168       4704     299278   Object Totals
         0          0         32          0          0          0   (incl. Generated)
        12          0          2          0          2          0   (incl. Padding)

    ----------------------------------------------------------------------

      Code (inc. data)   RO Data    RW Data    ZI Data      Debug   Library Member Name

       238         24          0          1          0       3256   hal_cm.o
       304         36          0          0          0        760   hal_cm3.o
      1118        140          0          8          0      31165   rt_cmsis.o
        80          4          0          0          0        653   rt_event.o
       530         34          0          0         48       8165   rt_list.o
       550         10          0          0          0       3897   rt_mailbox.o
       140          0          0          0          0       1901   rt_membox.o
       128          0          0          0          0       2275   rt_memory.o
       320         12          0          0          0       1603   rt_mutex.o
        96         22          0          8          0       1134   rt_robin.o
        52          4          0          0          0        565   rt_semaphore.o
       298         52          0          8          0       6151   rt_system.o
      1216        174          0          8         52       9545   rt_task.o
         0          0          0          4          0        206   rt_time.o
         4          4          0          0          0        200   svc_table.o
         8          0          0          0          0         68   __main.o
         0          0          0          0          0          0   __rtentry.o
        20          0          0          0          0          0   __rtentry2.o
         6          0          0          0          0          0   __rtentry4.o
        52          8          0          0          0          0   __scatter.o
        26          0          0          0          0          0   __scatter_copy.o
        28          0          0          0          0          0   __scatter_zi.o
        18          0          0          0          0         80   exit.o
         6          0          0          0          0        152   heapauxi.o
         0          0          0          0          0          0   indicate_semi.o
         2          0          0          0          0          0   libinit.o
         2          0          0          0          0          0   libinit2.o
         2          0          0          0          0          0   libshutdown.o
         2          0          0          0          0          0   libshutdown2.o
         8          4          0          0         96         68   libspace.o
         2          0          0          0          0          0   rtexit.o
        10          0          0          0          0          0   rtexit2.o
        12          4          0          0          0         68   sys_exit.o
        74          0          0          0          0         80   sys_stackheap_outer.o
         2          0          0          0          0         68   use_no_semi.o

    ----------------------------------------------------------------------
      5376        532          0         40        200      72060   Library Totals
        22          0          0          3          4          0   (incl. Padding)

    ----------------------------------------------------------------------

      Code (inc. data)   RO Data    RW Data    ZI Data      Debug   Library Name

      5074        516          0         37        100      71476   RTX_CM3.lib
       280         16          0          0         96        584   c_w.l

    ----------------------------------------------------------------------
      5376        532          0         40        200      72060   Library Totals

    ----------------------------------------------------------------------

==============================================================================


      Code (inc. data)   RO Data    RW Data    ZI Data      Debug   

      9508        914        356        208       4904     364834   Grand Totals
      9508        914        356        208       4904     364834   ELF Image Totals
      9508        914        356        208          0          0   ROM Totals

==============================================================================

    Total RO  Size (Code + RO Data)                 9864 (   9.63kB)
    Total RW  Size (RW Data + ZI Data)              5112 (   4.99kB)
    Total ROM Size (Code + RO Data + RW Data)      10072 (   9.84kB)

==============================================================================

